Product: MDK-ARM Standard 5.10
Component: ARM Compiler 5.04 update 1 (build 49)
Tool: armlink [5040049]

==============================================================================

Section Cross References

    main.o(.text) refers to _printf_percent.o(.ARM.Collect$$_printf_percent$$00000000) for _printf_percent
    main.o(.text) refers to _printf_s.o(.ARM.Collect$$_printf_percent$$00000014) for _printf_s
    main.o(.text) refers to _printf_str.o(.text) for _printf_str
    main.o(.text) refers to _printf_pad.o(.text) for _printf_pre_padding
    main.o(.text) refers to _printf_d.o(.ARM.Collect$$_printf_percent$$00000009) for _printf_d
    main.o(.text) refers to _printf_dec.o(.text) for _printf_int_dec
    main.o(.text) refers to main.o(i._ZN4mbed10DigitalOutaSEi) for mbed::DigitalOut::operator =(int)
    main.o(.text) refers to wait_api.o(i.wait_ms) for wait_ms
    main.o(.text) refers to rt_memcpy_w.o(.text) for __aeabi_memcpy4
    main.o(.text) refers to SerialBase.o(i._ZN4mbed10SerialBase4baudEi) for mbed::SerialBase::baud(int)
    main.o(.text) refers to Stream.o(i._ZN4mbed6Stream6printfEPKcz) for mbed::Stream::printf(const char*, ...)
    main.o(.text) refers to joystick.o(.text) for initialize_joystick()
    main.o(.text) refers to __2sprintf.o(.text) for __2sprintf
    main.o(.text) refers to command.o(.text) for cmd_findvalidfilename(unsigned char*, unsigned char)
    main.o(.text) refers to sdfilesystem.o(.text) for SDFileSystem::SDFileSystem(PinName, PinName, PinName, PinName, const char*)
    main.o(.text) refers to aeabi_atexit.o(i.__aeabi_atexit) for __aeabi_atexit
    main.o(.text) refers to eaepaper.o(.text) for EaEpaper::EaEpaper(PinName, PinName, PinName, PinName, PinName, PinName, PinName, PinName, PinName, PinName, PinName, PinName, const char*)
    main.o(.text) refers to Serial.o(i._ZN4mbed6SerialC1E7PinNameS1_PKc) for mbed::Serial::Serial(PinName, PinName, const char*)
    main.o(.text) refers to main.o(i._ZN4mbed10DigitalOutC1E7PinName) for mbed::DigitalOut::DigitalOut(PinName)
    main.o(.text) refers to rt_memclr_w.o(.text) for __aeabi_memclr4
    main.o(.text) refers to gpio.o(i.gpio_init_in) for gpio_init_in
    main.o(.text) refers to main.o(.bss) for PhotoLED
    main.o(.text) refers to main.o(.constdata) for .constdata
    main.o(.text) refers to main.o(i._ZN12SDFileSystemD1Ev) for SDFileSystem::~SDFileSystem()
    main.o(.text) refers to main.o(i._ZN8EaEpaperD1Ev) for EaEpaper::~EaEpaper()
    main.o(.text) refers to Serial.o(i._ZN4mbed6SerialD1Ev) for mbed::Serial::~Serial()
    main.o(.ARM.exidx) refers to main.o(.text) for .text
    main.o(.init_array) refers to main.o(.text) for __sti___8_main_cpp_sd
    main.o(.init_array) refers to init_aeabi.o(.text) for __cpp_initialize__aeabi_
    sdfilesystem.o(.text) refers to c89vfprintf.o(.text) for __c89vfprintf
    sdfilesystem.o(.text) refers to fatfilesystem.o(.text) for FATFileSystem::FATFileSystem__sub_object(const char*)
    sdfilesystem.o(.text) refers to SPI.o(i._ZN4mbed3SPIC1E7PinNameS1_S1_S1_) for mbed::SPI::SPI(PinName, PinName, PinName, PinName)
    sdfilesystem.o(.text) refers to rt_memclr_w.o(.text) for __aeabi_memclr4
    sdfilesystem.o(.text) refers to gpio.o(i.gpio_init_out) for gpio_init_out
    sdfilesystem.o(.text) refers to main.o(i._ZN4mbed10DigitalOutaSEi) for mbed::DigitalOut::operator =(int)
    sdfilesystem.o(.text) refers to SPI.o(i._ZN4mbed3SPI5writeEi) for mbed::SPI::write(int)
    sdfilesystem.o(.text) refers to stdio_streams.o(.bss) for __stderr
    sdfilesystem.o(.text) refers to sdfilesystem.o(.constdata__ZTV12SDFileSystem) for vtable for SDFileSystem
    sdfilesystem.o(.text) refers to wait_api.o(i.wait_ms) for wait_ms
    sdfilesystem.o(.text) refers to SPI.o(i._ZN4mbed3SPI9frequencyEi) for mbed::SPI::frequency(int)
    sdfilesystem.o(.ARM.exidx) refers to sdfilesystem.o(.text) for .text
    fatdirhandle.o(.text) refers to rt_memcpy_w.o(.text) for __aeabi_memcpy4
    fatdirhandle.o(.text) refers to ff.o(.text) for f_readdir
    fatdirhandle.o(.text) refers to rt_memcpy_v6.o(.text) for __aeabi_memcpy
    fatdirhandle.o(.text) refers to fatdirhandle.o(.constdata__ZTVN4mbed9DirHandleE) for vtable for mbed::DirHandle
    fatdirhandle.o(.text) refers to fatdirhandle.o(.constdata__ZTV12FATDirHandle) for vtable for FATDirHandle
    fatdirhandle.o(.ARM.exidx) refers to fatdirhandle.o(.text) for .text
    fatfilehandle.o(.text) refers to c89vfprintf.o(.text) for __c89vfprintf
    fatfilehandle.o(.text) refers to rt_memcpy_w.o(.text) for __aeabi_memcpy4
    fatfilehandle.o(.text) refers to ff.o(.text) for f_close
    fatfilehandle.o(.text) refers to stdio_streams.o(.bss) for __stderr
    fatfilehandle.o(.text) refers to retarget.o(.constdata__ZTVN4mbed10FileHandleE) for vtable for mbed::FileHandle
    fatfilehandle.o(.text) refers to fatfilehandle.o(.constdata__ZTV13FATFileHandle) for vtable for FATFileHandle
[...]
    pwmout_write                             0x0000fac1   Thumb Code    72  pwmout_api.o(i.pwmout_write)
    readdir                                  0x0000fb0d   Thumb Code     6  retarget.o(i.readdir)
    remove                                   0x0000fb13   Thumb Code    52  retarget.o(i.remove)
    rtc_init                                 0x0000fb49   Thumb Code    26  rtc_api.o(i.rtc_init)
    rtc_isenabled                            0x0000fb6d   Thumb Code    10  rtc_api.o(i.rtc_isenabled)
    rtc_read                                 0x0000fb7d   Thumb Code    46  rtc_api.o(i.rtc_read)
    rtc_write                                0x0000fbb1   Thumb Code    64  rtc_api.o(i.rtc_write)
    semihost_connected                       0x0000fbf5   Thumb Code    10  semihost_api.o(i.semihost_connected)
    semihost_exit                            0x0000fc05   Thumb Code    12  semihost_api.o(i.semihost_exit)
    serial_baud                              0x0000fc11   Thumb Code   408  serial_api.o(i.serial_baud)
    serial_format                            0x0000fdd5   Thumb Code   154  serial_api.o(i.serial_format)
    serial_getc                              0x0000fe75   Thumb Code    50  serial_api.o(i.serial_getc)
    serial_init                              0x0000fead   Thumb Code   334  serial_api.o(i.serial_init)
    serial_irq_handler                       0x00010025   Thumb Code    18  serial_api.o(i.serial_irq_handler)
    serial_irq_set                           0x00010041   Thumb Code    24  serial_api.o(i.serial_irq_set)
    serial_putc                              0x00010131   Thumb Code   100  serial_api.o(i.serial_putc)
    serial_readable                          0x00010199   Thumb Code    10  serial_api.o(i.serial_readable)
    serial_set_flow_control                  0x000101a5   Thumb Code   252  serial_api.o(i.serial_set_flow_control)
    spi_format                               0x000102b1   Thumb Code   130  spi_api.o(i.spi_format)
    spi_frequency                            0x00010339   Thumb Code   200  spi_api.o(i.spi_frequency)
    spi_init                                 0x0001040d   Thumb Code   232  spi_api.o(i.spi_init)
    spi_master_write                         0x00010525   Thumb Code    26  spi_api.o(i.spi_master_write)
    time                                     0x0001053f   Thumb Code    34  rtc_time.o(i.time)
    uart0_irq                                0x00010561   Thumb Code    14  serial_api.o(i.uart0_irq)
    uart1_irq                                0x00010575   Thumb Code    14  serial_api.o(i.uart1_irq)
    uart2_irq                                0x00010589   Thumb Code    14  serial_api.o(i.uart2_irq)
    uart3_irq                                0x0001059d   Thumb Code    14  serial_api.o(i.uart3_irq)
    us_ticker_clear_interrupt                0x00010615   Thumb Code     8  us_ticker.o(i.us_ticker_clear_interrupt)
    us_ticker_disable_interrupt              0x00010621   Thumb Code    12  us_ticker.o(i.us_ticker_disable_interrupt)
    us_ticker_init                           0x00010631   Thumb Code    74  us_ticker.o(i.us_ticker_init)
    us_ticker_insert_event                   0x00010695   Thumb Code    56  us_ticker_api.o(i.us_ticker_insert_event)
    us_ticker_irq_handler                    0x000106d1   Thumb Code    60  us_ticker_api.o(i.us_ticker_irq_handler)
    us_ticker_read                           0x00010711   Thumb Code    72  us_ticker.o(i.us_ticker_read)
    us_ticker_remove_event                   0x00010771   Thumb Code    54  us_ticker_api.o(i.us_ticker_remove_event)
    us_ticker_set_handler                    0x000107ad   Thumb Code    14  us_ticker_api.o(i.us_ticker_set_handler)
    us_ticker_set_interrupt                  0x000107c1   Thumb Code    14  us_ticker.o(i.us_ticker_set_interrupt)
    wait_ms                                  0x000107d5   Thumb Code    28  wait_api.o(i.wait_ms)
    wait_us                                  0x000107f1   Thumb Code    24  wait_api.o(i.wait_us)
    _get_lc_ctype                            0x00010809   Thumb Code    44  lc_ctype_c.o(locale$$code)
    _get_lc_numeric                          0x00010835   Thumb Code    44  lc_numeric_c.o(locale$$code)
    __aeabi_dadd                             0x00010861   Thumb Code     0  daddsub_clz.o(x$fpl$dadd)
    _dadd                                    0x00010861   Thumb Code   332  daddsub_clz.o(x$fpl$dadd)
    __fpl_dcmp_Inf                           0x000109b1   Thumb Code    24  dcmpi.o(x$fpl$dcmpinf)
    __aeabi_ddiv                             0x000109c9   Thumb Code     0  ddiv.o(x$fpl$ddiv)
    _ddiv                                    0x000109c9   Thumb Code   552  ddiv.o(x$fpl$ddiv)
    __aeabi_d2iz                             0x00010c79   Thumb Code     0  dfix.o(x$fpl$dfix)
    _dfix                                    0x00010c79   Thumb Code    94  dfix.o(x$fpl$dfix)
    __aeabi_d2uiz                            0x00010cd9   Thumb Code     0  dfixu.o(x$fpl$dfixu)
    _dfixu                                   0x00010cd9   Thumb Code    90  dfixu.o(x$fpl$dfixu)
    __aeabi_ui2d                             0x00010d33   Thumb Code     0  dflt_clz.o(x$fpl$dfltu)
    _dfltu                                   0x00010d33   Thumb Code    38  dflt_clz.o(x$fpl$dfltu)
    __aeabi_cdcmple                          0x00010d59   Thumb Code     0  dleqf.o(x$fpl$dleqf)
    _dcmple                                  0x00010d59   Thumb Code   120  dleqf.o(x$fpl$dleqf)
    __fpl_dcmple_InfNaN                      0x00010dbb   Thumb Code     0  dleqf.o(x$fpl$dleqf)
    __aeabi_dmul                             0x00010dd1   Thumb Code     0  dmul.o(x$fpl$dmul)
    _dmul                                    0x00010dd1   Thumb Code   332  dmul.o(x$fpl$dmul)
    __fpl_dnaninf                            0x00010f25   Thumb Code   156  dnaninf.o(x$fpl$dnaninf)
    __fpl_dretinf                            0x00010fc1   Thumb Code    12  dretinf.o(x$fpl$dretinf)
    __aeabi_cdrcmple                         0x00010fcd   Thumb Code     0  drleqf.o(x$fpl$drleqf)
    _drcmple                                 0x00010fcd   Thumb Code   108  drleqf.o(x$fpl$drleqf)
    __aeabi_drsub                            0x00011039   Thumb Code     0  daddsub_clz.o(x$fpl$drsb)
    _drsb                                    0x00011039   Thumb Code    22  daddsub_clz.o(x$fpl$drsb)
    __aeabi_dsub                             0x00011051   Thumb Code     0  daddsub_clz.o(x$fpl$dsub)
    _dsub                                    0x00011051   Thumb Code   464  daddsub_clz.o(x$fpl$dsub)
    __aeabi_f2d                              0x00011225   Thumb Code     0  f2d.o(x$fpl$f2d)
    _f2d                                     0x00011225   Thumb Code    86  f2d.o(x$fpl$f2d)
    __aeabi_fadd                             0x0001127d   Thumb Code     0  faddsub_clz.o(x$fpl$fadd)
    _fadd                                    0x0001127d   Thumb Code   196  faddsub_clz.o(x$fpl$fadd)
    __aeabi_fdiv                             0x00011341   Thumb Code     0  fdiv.o(x$fpl$fdiv)
    _fdiv                                    0x00011341   Thumb Code   384  fdiv.o(x$fpl$fdiv)
    __aeabi_f2uiz                            0x000114c5   Thumb Code     0  ffixu.o(x$fpl$ffixu)
    _ffixu                                   0x000114c5   Thumb Code    62  ffixu.o(x$fpl$ffixu)
    __aeabi_i2f                              0x00011505   Thumb Code     0  fflt_clz.o(x$fpl$fflt)
    _fflt                                    0x00011505   Thumb Code    48  fflt_clz.o(x$fpl$fflt)
    __aeabi_ui2f                             0x00011535   Thumb Code     0  fflt_clz.o(x$fpl$ffltu)
    _ffltu                                   0x00011535   Thumb Code    38  fflt_clz.o(x$fpl$ffltu)
    __aeabi_fmul                             0x0001155d   Thumb Code     0  fmul.o(x$fpl$fmul)
    _fmul                                    0x0001155d   Thumb Code   258  fmul.o(x$fpl$fmul)
    __fpl_fnaninf                            0x0001165f   Thumb Code   140  fnaninf.o(x$fpl$fnaninf)
    __fpl_fretinf                            0x000116eb   Thumb Code    10  fretinf.o(x$fpl$fretinf)
    __aeabi_fsub                             0x000116f5   Thumb Code     0  faddsub_clz.o(x$fpl$fsub)
    _fsub                                    0x000116f5   Thumb Code   234  faddsub_clz.o(x$fpl$fsub)
    _printf_fp_dec                           0x000117df   Thumb Code     4  printf1.o(x$fpl$printf1)
    _printf_fp_hex                           0x000117e3   Thumb Code     4  printf2.o(x$fpl$printf2)
    __I$use$fp                               0x000117e6   Number         0  usenofp.o(x$fpl$usenofp)
    __stdin_name                             0x00036a94   Data           7  retarget.o(.constdata)
    __stdout_name                            0x00036a9b   Data           8  retarget.o(.constdata)
    __stderr_name                            0x00036aa3   Data           8  retarget.o(.constdata)
    _monlen                                  0x000373dc   Data          12  _monlen.o(.constdata)
    vtable for inverseDCT                    0x000374a4   Data          12  simplejpegdecode.o(.constdata__ZTV10inverseDCT)
    vtable for TextDisplay                   0x000374b0   Data         100  textdisplay.o(.constdata__ZTV11TextDisplay)
    vtable for FATDirHandle                  0x00037514   Data          36  fatdirhandle.o(.constdata__ZTV12FATDirHandle)
    vtable for SDFileSystem                  0x00037538   Data          64  sdfilesystem.o(.constdata__ZTV12SDFileSystem)
    vtable for FATFileHandle                 0x00037578   Data          44  fatfilehandle.o(.constdata__ZTV13FATFileHandle)
    vtable for FATFileSystem                 0x000375a4   Data          64  fatfilesystem.o(.constdata__ZTV13FATFileSystem)
    vtable for BaseJpegDecode                0x000375e4   Data          20  basejpegdecode.o(.constdata__ZTV14BaseJpegDecode)
    vtable for GraphicsDisplay               0x000375f8   Data         132  graphicsdisplay.o(.constdata__ZTV15GraphicsDisplay)
    vtable for Adafruit_Thermal              0x0003767c   Data          92  adafruit_thermal.o(.constdata__ZTV16Adafruit_Thermal)
    vtable for SimpleJpegDecode              0x000376d8   Data          36  simplejpegdecode.o(.constdata__ZTV16SimpleJpegDecode)
    vtable for EaEpaper                      0x000376fc   Data         132  eaepaper.o(.constdata__ZTV8EaEpaper)
    vtable for mbed::FileHandle              0x00037780   Data          44  retarget.o(.constdata__ZTVN4mbed10FileHandleE)
    vtable for mbed::SerialBase              0x000377ac   Data          16  SerialBase.o(.constdata__ZTVN4mbed10SerialBaseE)
    vtable for mbed::TimerEvent              0x000377bc   Data          20  TimerEvent.o(.constdata__ZTVN4mbed10TimerEventE)
    vtable for mbed::BaseDirHandle           0x000377d0   Data          36  FileSystemLike.o(.constdata__ZTVN4mbed13BaseDirHandleE)
    vtable for mbed::FileSystemLike          0x000377f4   Data          36  FileSystemLike.o(.constdata__ZTVN4mbed14FileSystemLikeE)
    vtable for mbed::SPI                     0x00037818   Data          20  SPI.o(.constdata__ZTVN4mbed3SPIE)
    vtable for mbed::Serial                  0x0003782c   Data          92  Serial.o(.constdata__ZTVN4mbed6SerialE)
    vtable for mbed::Stream                  0x00037888   Data          68  Stream.o(.constdata__ZTVN4mbed6StreamE)
    vtable for mbed::Ticker                  0x000378cc   Data          20  Ticker.o(.constdata__ZTVN4mbed6TickerE)
    vtable for mbed::FileBase                0x000378e0   Data          16  FileBase.o(.constdata__ZTVN4mbed8FileBaseE)
    vtable for mbed::FileLike                0x000378f0   Data          60  FileLike.o(.constdata__ZTVN4mbed8FileLikeE)
    vtable for mbed::DirHandle               0x0003792c   Data          36  fatdirhandle.o(.constdata__ZTVN4mbed9DirHandleE)
    bmp24::writeblock(int, int)::__FUNCTION__ 0x00037950   Data          11  command.o(.constdata__ZZN5bmp2410writeblockEiiE12__FUNCTION__)
    Region$$Table$$Base                      0x00037a18   Number         0  anon$$obj.o(Region$$Table)
    Region$$Table$$Limit                     0x00037a58   Number         0  anon$$obj.o(Region$$Table)
    __ctype                                  0x00037a65   Data           0  lc_ctype_c.o(locale$$data)
    SHT$$INIT_ARRAY$$Base                    0x00037b84   Number         0  main.o(.init_array)
    SHT$$INIT_ARRAY$$Limit                   0x00037b98   Number         0  init_aeabi.o(.init_array)
    FATFileSystem::_ffs                      0x100000c8   Data           4  fatfilesystem.o(.data)
    input                                    0x100000f4   Data           8  joystick.o(.data)
    xAxis                                    0x100000fc   Data           1  joystick.o(.data)
    yAxis                                    0x100000fd   Data           1  joystick.o(.data)
    SystemCoreClock                          0x10000104   Data           4  system_LPC17xx.o(.data)
    PWM_MATCH                                0x1000010c   Data          28  pwmout_api.o(.data)
    stdio_uart_inited                        0x10000128   Data           4  serial_api.o(.data)
    stdio_uart                               0x10000130   Data           8  serial_api.o(.data)
    mbed::I2C::_owner                        0x10000138   Data           4  I2C.o(.data)
    mbed::SPI::_owner                        0x1000013c   Data           4  SPI.o(.data)
    us_ticker_inited                         0x10000140   Data           4  us_ticker.o(.data)
    mbed::FileBase::_head                    0x10000144   Data           4  FileBase.o(.data)
    __aeabi_stdin                            0x10000150   Data           4  stdio_streams.o(.data)
    __aeabi_stdout                           0x10000154   Data           4  stdio_streams.o(.data)
    __aeabi_stderr                           0x10000158   Data           4  stdio_streams.o(.data)
    bmp1::flushpoint(int, int, unsigned char*)::string 0x10000164   Data           9  main.o(.data__ZZN4bmp110flushpointEiiPhEs)
    bmp1::writeFile(const char*)::string     0x1000016d   Data           3  main.o(.data__ZZN4bmp19writeFileEPKcEs)
    bmp24::writeblock(int, int)::string      0x10000170   Data          18  command.o(.data__ZZN5bmp2410writeblockEiiEs)
    bmp24::writeblock(int, int)::string (instance 2) 0x10000182   Data           8  command.o(.data__ZZN5bmp2410writeblockEiiEs_0)
    bmp24::openFile(const char*)::string     0x1000018a   Data           3  command.o(.data__ZZN5bmp248openFileEPKcEs)
    sd                                       0x10000190   Data         640  main.o(.bss)
    epaper                                   0x10000410   Data         280  main.o(.bss)
    debugcom                                 0x10000528   Data          96  main.o(.bss)
    PhotoLED                                 0x10000588   Data          24  main.o(.bss)
    ConvertLED                               0x100005a0   Data          24  main.o(.bss)
    PrinterLED                               0x100005b8   Data          24  main.o(.bss)
    FinalLED                                 0x100005d0   Data          24  main.o(.bss)
    Button                                   0x100005e8   Data          24  main.o(.bss)
    OutIndicator                             0x10000600   Data          24  main.o(.bss)
    receive                                  0x10000818   Data         518  serial_camera.o(.bss)
    OE                                       0x10000a20   Data          24  serial_camera.o(.bss)
    camera                                   0x10000a38   Data          96  serial_camera.o(.bss)
    _time                                    0x10000a98   Data          12  epd.o(.bss)
    joystick                                 0x10000ac8   Data          48  joystick.o(.bss)
    decode                                   0x10000af8   Data         836  command.o(.bss)
    printer                                  0x10000e3c   Data         124  command.o(.bss)
    bmp                                      0x10000eb8   Data        7748  command.o(.bss)
    bpp                                      0x10002cfc   Data       12552  command.o(.bss)
    __stdin                                  0x10005f24   Data          84  stdio_streams.o(.bss)
    __stdout                                 0x10005f78   Data          84  stdio_streams.o(.bss)
    __stderr                                 0x10005fcc   Data          84  stdio_streams.o(.bss)
    Image$$RW_IRAM1$$ZI$$Limit               0x10006074   Number         0  anon$$obj.o ABSOLUTE
    image_270                                0x2007c000   Data        5808  command.o(.data)
    cmdpool                                  0x2007d6b0   Data        2880  command.o(.data)
    printercmds                              0x2007e1f0   Data         960  command.o(.data)
    iconpool                                 0x2007e5b0   Data         280  command.o(.data)



==============================================================================

Memory Map of the image

  Image Entry point : 0x000000c5

  Load Region LR_IROM1 (Base: 0x00000000, Size: 0x0003a328, Max: 0x00080000, ABSOLUTE, COMPRESSED[0x00038674])

    Execution Region ER_IROM1 (Base: 0x00000000, Size: 0x00037b98, Max: 0x00080000, ABSOLUTE)

    Base Addr    Size         Type   Attr      Idx    E Section Name        Object

    0x00000000   0x000000c4   Data   RO         1962    RESET               startup_LPC17xx.o
    0x000000c4   0x00000008   Code   RO         2893  * !!!main             c_w.l(__main.o)
    0x000000cc   0x00000034   Code   RO         3711    !!!scatter          c_w.l(__scatter.o)
    0x00000100   0x0000005a   Code   RO         3709    !!dczerorl2         c_w.l(__dczerorl2.o)
    0x0000015a   0x00000002   PAD
    0x0000015c   0x0000001a   Code   RO         3713    !!handler_copy      c_w.l(__scatter_copy.o)
    0x00000176   0x00000002   PAD
    0x00000178   0x0000001c   Code   RO         3715    !!handler_zi        c_w.l(__scatter_zi.o)
    0x00000194   0x00000000   Code   RO         2801    .ARM.Collect$$_printf_percent$$00000000  c_w.l(_printf_percent.o)
    0x00000194   0x00000006   Code   RO         3194    .ARM.Collect$$_printf_percent$$00000001  c_w.l(_printf_n.o)
    0x0000019a   0x00000006   Code   RO         2799    .ARM.Collect$$_printf_percent$$00000002  c_w.l(_printf_p.o)
    0x000001a0   0x00000006   Code   RO         3199    .ARM.Collect$$_printf_percent$$00000003  c_w.l(_printf_f.o)
    0x000001a6   0x00000006   Code   RO         3200    .ARM.Collect$$_printf_percent$$00000004  c_w.l(_printf_e.o)
    0x000001ac   0x00000006   Code   RO         3201    .ARM.Collect$$_printf_percent$$00000005  c_w.l(_printf_g.o)
    0x000001b2   0x00000006   Code   RO         3202    .ARM.Collect$$_printf_percent$$00000006  c_w.l(_printf_a.o)
    0x000001b8   0x0000000a   Code   RO         3207    .ARM.Collect$$_printf_percent$$00000007  c_w.l(_printf_ll.o)
    0x000001c2   0x00000006   Code   RO         3197    .ARM.Collect$$_printf_percent$$00000008  c_w.l(_printf_i.o)
    0x000001c8   0x00000006   Code   RO         2800    .ARM.Collect$$_printf_percent$$00000009  c_w.l(_printf_d.o)
    0x000001ce   0x00000006   Code   RO         3198    .ARM.Collect$$_printf_percent$$0000000A  c_w.l(_printf_u.o)
    0x000001d4   0x00000006   Code   RO         3196    .ARM.Collect$$_printf_percent$$0000000B  c_w.l(_printf_o.o)
    0x000001da   0x00000006   Code   RO         3195    .ARM.Collect$$_printf_percent$$0000000C  c_w.l(_printf_x.o)
    0x000001e0   0x00000006   Code   RO         3204    .ARM.Collect$$_printf_percent$$0000000D  c_w.l(_printf_lli.o)
    0x000001e6   0x00000006   Code   RO         3205    .ARM.Collect$$_printf_percent$$0000000E  c_w.l(_printf_lld.o)
    0x000001ec   0x00000006   Code   RO         3206    .ARM.Collect$$_printf_percent$$0000000F  c_w.l(_printf_llu.o)
    0x000001f2   0x00000006   Code   RO         3211    .ARM.Collect$$_printf_percent$$00000010  c_w.l(_printf_llo.o)
    0x000001f8   0x00000006   Code   RO         3212    .ARM.Collect$$_printf_percent$$00000011  c_w.l(_printf_llx.o)
    0x000001fe   0x0000000a   Code   RO         3208    .ARM.Collect$$_printf_percent$$00000012  c_w.l(_printf_l.o)
    0x00000208   0x00000006   Code   RO         3193    .ARM.Collect$$_printf_percent$$00000013  c_w.l(_printf_c.o)
    0x0000020e   0x00000006   Code   RO         2798    .ARM.Collect$$_printf_percent$$00000014  c_w.l(_printf_s.o)
    0x00000214   0x00000006   Code   RO         3209    .ARM.Collect$$_printf_percent$$00000015  c_w.l(_printf_lc.o)
    0x0000021a   0x00000006   Code   RO         3210    .ARM.Collect$$_printf_percent$$00000016  c_w.l(_printf_ls.o)
    0x00000220   0x00000004   Code   RO         3203    .ARM.Collect$$_printf_percent$$00000017  c_w.l(_printf_percent_end.o)
    0x00000224   0x00000002   Code   RO         3594    .ARM.Collect$$libinit$$00000000  c_w.l(libinit.o)
    0x00000226   0x00000000   Code   RO         3260    .ARM.Collect$$libinit$$00000002  c_w.l(libinit2.o)
    0x00000226   0x00000008   Code   RO         3261    .ARM.Collect$$libinit$$00000003  c_w.l(libinit2.o)
    0x0000022e   0x00000000   Code   RO         3263    .ARM.Collect$$libinit$$00000008  c_w.l(libinit2.o)
    0x0000022e   0x00000000   Code   RO         3265    .ARM.Collect$$libinit$$0000000A  c_w.l(libinit2.o)
    0x0000022e   0x00000000   Code   RO         3267    .ARM.Collect$$libinit$$0000000C  c_w.l(libinit2.o)
    0x0000022e   0x00000006   Code   RO         3268    .ARM.Collect$$libinit$$0000000D  c_w.l(libinit2.o)
    0x00000234   0x00000000   Code   RO         3270    .ARM.Collect$$libinit$$0000000F  c_w.l(libinit2.o)
    0x00000234   0x0000000c   Code   RO         3271    .ARM.Collect$$libinit$$00000010  c_w.l(libinit2.o)
    0x00000240   0x00000000   Code   RO         3272    .ARM.Collect$$libinit$$00000011  c_w.l(libinit2.o)
    0x00000240   0x00000000   Code   RO         3274    .ARM.Collect$$libinit$$00000013  c_w.l(libinit2.o)
    0x00000240   0x0000000a   Code   RO         3275    .ARM.Collect$$libinit$$00000014  c_w.l(libinit2.o)
    0x0000024a   0x00000000   Code   RO         3276    .ARM.Collect$$libinit$$00000015  c_w.l(libinit2.o)
    0x0000024a   0x00000000   Code   RO         3278    .ARM.Collect$$libinit$$00000017  c_w.l(libinit2.o)
    0x0000024a   0x00000000   Code   RO         3280    .ARM.Collect$$libinit$$00000019  c_w.l(libinit2.o)
    0x0000024a   0x00000000   Code   RO         3282    .ARM.Collect$$libinit$$0000001B  c_w.l(libinit2.o)
    0x0000024a   0x00000000   Code   RO         3284    .ARM.Collect$$libinit$$0000001D  c_w.l(libinit2.o)
    0x0000024a   0x00000000   Code   RO         3286    .ARM.Collect$$libinit$$0000001F  c_w.l(libinit2.o)
    0x0000024a   0x00000000   Code   RO         3288    .ARM.Collect$$libinit$$00000021  c_w.l(libinit2.o)
    0x0000024a   0x00000004   Code   RO         3289    .ARM.Collect$$libinit$$00000022  c_w.l(libinit2.o)
    0x0000024e   0x00000000   Code   RO         3290    .ARM.Collect$$libinit$$00000023  c_w.l(libinit2.o)
    0x0000024e   0x00000000   Code   RO         3294    .ARM.Collect$$libinit$$0000002A  c_w.l(libinit2.o)
    0x0000024e   0x00000000   Code   RO         3296    .ARM.Collect$$libinit$$0000002C  c_w.l(libinit2.o)
    0x0000024e   0x00000000   Code   RO         3298    .ARM.Collect$$libinit$$0000002E  c_w.l(libinit2.o)
    0x0000024e   0x00000004   Code   RO         3299    .ARM.Collect$$libinit$$0000002F  c_w.l(libinit2.o)
    0x00000252   0x00000000   Code   RO         3300    .ARM.Collect$$libinit$$00000030  c_w.l(libinit2.o)
    0x00000252   0x00000002   Code   RO         3301    .ARM.Collect$$libinit$$00000031  c_w.l(libinit2.o)
    0x00000254   0x00000006   Code   RO         3302    .ARM.Collect$$libshutdown$$00000001  c_w.l(libshutdown2.o)
    0x0000025a   0x00000000   Code   RO         3304    .ARM.Collect$$libshutdown$$00000003  c_w.l(libshutdown2.o)
    0x0000025a   0x00000000   Code   RO         3084    .ARM.Collect$$rtentry$$00000000  c_w.l(rtentry.o)
    0x0000025a   0x00000000   Code   RO         3380    .ARM.Collect$$rtentry$$00000002  c_w.l(rtentry2.o)
    0x0000025a   0x00000006   Code   RO         3392    .ARM.Collect$$rtentry$$00000004  c_w.l(rtentry4.o)
    0x00000260   0x00000000   Code   RO         3382    .ARM.Collect$$rtentry$$00000009  c_w.l(rtentry2.o)
    0x00000260   0x00000004   Code   RO         3383    .ARM.Collect$$rtentry$$0000000A  c_w.l(rtentry2.o)
    0x00000264   0x00000000   Code   RO         3385    .ARM.Collect$$rtentry$$0000000C  c_w.l(rtentry2.o)
    0x00000264   0x00000008   Code   RO         3386    .ARM.Collect$$rtentry$$0000000D  c_w.l(rtentry2.o)
    0x0000026c   0x00000000   Code   RO         3526    .emb_text           c_w.l(maybetermalloc1.o)
    0x0000026c   0x00000088   Code   RO          443    .text               fatdirhandle.o
    0x000002f4   0x00000008   Code   RO         2810    .text               c_w.l(feof.o)
    0x000002fc   0x00000004   Code   RO         1963    .ARM.__at_0x02FC    startup_LPC17xx.o
    0x00000300   0x000003ac   Code   RO            3    .text               main.o
    0x000006ac   0x00000994   Code   RO          354    .text               sdfilesystem.o
    0x00001040   0x000001c4   Code   RO          517    .text               fatfilehandle.o
    0x00001204   0x0000034c   Code   RO          563    .text               fatfilesystem.o
    0x00001550   0x00000080   Code   RO          645    .text               ccsbcs.o
    0x000015d0   0x00002998   Code   RO          663    .text               ff.o
    0x00003f68   0x00000288   Code   RO          685    .text               diskio.o
    0x000041f0   0x00001160   Code   RO          735    .text               serial_camera.o
    0x00005350   0x0000004c   Code   RO          822    .text               debug.o
    0x0000539c   0x00000b94   Code   RO          859    .text               eaepaper.o
    0x00005f30   0x00000210   Code   RO          932    .text               graphicsdisplay.o
    0x00006140   0x00000154   Code   RO          990    .text               textdisplay.o
    0x00006294   0x000010f8   Code   RO         1044    .text               epd.o
    0x0000738c   0x00000338   Code   RO         1151    .text               joystick.o
    0x000076c4   0x00001364   Code   RO         1274    .text               command.o
    0x00008a28   0x00000688   Code   RO         1492    .text               simplejpegdecode.o
    0x000090b0   0x000004ac   Code   RO         1536    .text               aanidct.o
    0x0000955c   0x000003e0   Code   RO         1571    .text               basejpegdecode.o
    0x0000993c   0x0000017a   Code   RO         1615    .text               bitpattern.o
    0x00009ab6   0x00000002   PAD
    0x00009ab8   0x000000b4   Code   RO         1644    .text               huffmandecode.o
    0x00009b6c   0x0000005c   Code   RO         1678    .text               inversedct.o
    0x00009bc8   0x00000814   Code   RO         1771    .text               adafruit_thermal.o
    0x0000a3dc   0x00000024   Code   RO         1964    .text               startup_LPC17xx.o
    0x0000a400   0x0000000a   Code   RO         2737    .text               c_w.l(vfprintf.o)
    0x0000a40a   0x0000000a   Code   RO         2739    .text               c_w.l(c89vfprintf.o)
    0x0000a414   0x00000014   Code   RO         2741    .text               c_w.l(__2fprintf.o)
    0x0000a428   0x0000002c   Code   RO         2743    .text               c_w.l(__2sprintf.o)
    0x0000a454   0x0000004e   Code   RO         2751    .text               c_w.l(_printf_pad.o)
    0x0000a4a2   0x00000052   Code   RO         2753    .text               c_w.l(_printf_str.o)
    0x0000a4f4   0x00000074   Code   RO         2755    .text               c_w.l(_printf_dec.o)
    0x0000a568   0x00000094   Code   RO         2775    .text               c_w.l(_printf_hex_int_ll_ptr.o)
    0x0000a5fc   0x00000188   Code   RO         2795    .text               c_w.l(__printf_flags_ss_wp.o)
    0x0000a784   0x0000003c   Code   RO         2804    .text               c_w.l(__0sscanf.o)
    0x0000a7c0   0x0000014c   Code   RO         2806    .text               c_w.l(_scanf_int.o)
    0x0000a90c   0x00000072   Code   RO         2808    .text               c_w.l(strtoul.o)
    0x0000a97e   0x00000002   PAD
    0x0000a980   0x00000064   Code   RO         2812    .text               c_w.l(fflush.o)
    0x0000a9e4   0x000000f8   Code   RO         2828    .text               c_w.l(fseek.o)
    0x0000aadc   0x00000046   Code   RO         2832    .text               c_w.l(setvbuf.o)
    0x0000ab22   0x00000002   PAD
    0x0000ab24   0x000000ec   Code   RO         2834    .text               c_w.l(fopen.o)
    0x0000ac10   0x00000014   Code   RO         2836    .text               c_w.l(setbuf.o)
    0x0000ac24   0x0000004c   Code   RO         2844    .text               c_w.l(fclose.o)
    0x0000ac70   0x0000000c   Code   RO         2865    .text               c_w.l(strtok.o)
    0x0000ac7c   0x00000048   Code   RO         2868    .text               c_w.l(strcpy.o)
    0x0000acc4   0x0000003e   Code   RO         2870    .text               c_w.l(strlen.o)
    0x0000ad02   0x00000096   Code   RO         2872    .text               c_w.l(strncmp.o)
    0x0000ad98   0x0000008a   Code   RO         2874    .text               c_w.l(rt_memcpy_v6.o)
    0x0000ae22   0x00000064   Code   RO         2876    .text               c_w.l(rt_memcpy_w.o)
    0x0000ae86   0x0000007a   Code   RO         2878    .text               c_w.l(rt_memmove_w.o)
    0x0000af00   0x00000044   Code   RO         2880    .text               c_w.l(rt_memclr.o)
    0x0000af44   0x0000004e   Code   RO         2882    .text               c_w.l(rt_memclr_w.o)
    0x0000af92   0x00000056   Code   RO         2884    .text               c_w.l(strncpy.o)
    0x0000afe8   0x00000080   Code   RO         2886    .text               c_w.l(strcmpv7m.o)
    0x0000b068   0x0000000c   Code   RO         2888    .text               c_w.l(localtime.o)
    0x0000b074   0x000001a4   Code   RO         2891    .text               c_w.l(mktime.o)
    0x0000b218   0x00000024   Code   RO         2898    .text               c_w.l(init_aeabi.o)
    0x0000b23c   0x00000010   Code   RO         3085    .text               c_w.l(rt_ctype_table.o)
    0x0000b24c   0x00000008   Code   RO         3091    .text               c_w.l(rt_new_handler_addr.o)
    0x0000b254   0x00000008   Code   RO         3096    .text               c_w.l(rt_ddtor_pointer_addr.o)
    0x0000b25c   0x00000008   Code   RO         3101    .text               c_w.l(rt_errno_addr.o)
    0x0000b264   0x0000005e   Code   RO         3110    .text               c_w.l(h1_alloc.o)
    0x0000b2c2   0x0000004e   Code   RO         3112    .text               c_w.l(h1_free.o)
    0x0000b310   0x00000024   Code   RO         3168    .text               c_w.l(_printf_truncate.o)
    0x0000b334   0x000000b2   Code   RO         3170    .text               c_w.l(_printf_intcommon.o)
    0x0000b3e6   0x00000028   Code   RO         3172    .text               c_w.l(_printf_charcount.o)
    0x0000b40e   0x00000002   PAD
    0x0000b410   0x00000030   Code   RO         3174    .text               c_w.l(_printf_char_common.o)
    0x0000b440   0x0000000a   Code   RO         3176    .text               c_w.l(_sputc.o)
    0x0000b44a   0x0000002c   Code   RO         3178    .text               c_w.l(_printf_char.o)
    0x0000b476   0x00000002   PAD
    0x0000b478   0x00000024   Code   RO         3180    .text               c_w.l(_printf_char_file.o)
    0x0000b49c   0x000000bc   Code   RO         3182    .text               c_w.l(_printf_wctomb.o)
    0x0000b558   0x00000078   Code   RO         3185    .text               c_w.l(_printf_longlong_dec.o)
    0x0000b5d0   0x00000070   Code   RO         3191    .text               c_w.l(_printf_oct_int_ll.o)
    0x0000b640   0x0000001c   Code   RO         3213    .text               c_w.l(_chval.o)
    0x0000b65c   0x0000002c   Code   RO         3219    .text               c_w.l(scanf_char.o)
    0x0000b688   0x00000040   Code   RO         3221    .text               c_w.l(_sgetc.o)
    0x0000b6c8   0x0000009e   Code   RO         3225    .text               c_w.l(_strtoul.o)
    0x0000b766   0x00000008   Code   RO         3233    .text               c_w.l(ferror.o)
    0x0000b76e   0x0000023a   Code   RO         3235    .text               c_w.l(filbuf.o)
    0x0000b9a8   0x000001d6   Code   RO         3237    .text               c_w.l(flsbuf.o)
    0x0000bb7e   0x00000042   Code   RO         3239    .text               c_w.l(ftell.o)
    0x0000bbc0   0x000000f0   Code   RO         3241    .text               c_w.l(stdio.o)
    0x0000bcb0   0x00000138   Code   RO         3244    .text               c_w.l(initio.o)
    0x0000bde8   0x0000000e   Code   RO         3250    .text               c_w.l(defsig_pvfn_outer.o)
    0x0000bdf6   0x00000002   PAD
    0x0000bdf8   0x00000044   Code   RO         3254    .text               c_w.l(strtok_int.o)
    0x0000be3c   0x000000a4   Code   RO         3257    .text               c_w.l(localtime_internal.o)
    0x0000bee0   0x00000004   Code   RO         3326    .text               cpprt_w.l(arm_newhandler_noexceptions.o)
    0x0000bee4   0x00000008   Code   RO         3398    .text               c_w.l(rt_heap_descriptor.o)
    0x0000beec   0x00000008   Code   RO         3403    .text               c_w.l(rt_locale.o)
    0x0000bef4   0x00000004   Code   RO         3408    .text               c_w.l(hguard.o)
    0x0000bef8   0x0000008a   Code   RO         3410    .text               c_w.l(init_alloc.o)
    0x0000bf82   0x0000000e   Code   RO         3414    .text               c_w.l(h1_init.o)
    0x0000bf90   0x0000008a   Code   RO         3428    .text               c_w.l(lludiv10.o)
    0x0000c01a   0x00000012   Code   RO         3430    .text               c_w.l(isspace.o)
    0x0000c02c   0x00000416   Code   RO         3432    .text               c_w.l(_printf_fp_dec.o)
    0x0000c442   0x00000002   PAD
    0x0000c444   0x000002f8   Code   RO         3434    .text               c_w.l(_printf_fp_hex.o)
    0x0000c73c   0x0000002c   Code   RO         3441    .text               c_w.l(_printf_wchar.o)
    0x0000c768   0x0000036c   Code   RO         3443    .text               c_w.l(_scanf.o)
    0x0000cad4   0x000000bc   Code   RO         3457    .text               c_w.l(fwritefast.o)
    0x0000cb90   0x00000038   Code   RO         3459    .text               c_w.l(flushlinebuffered.o)
    0x0000cbc8   0x00000040   Code   RO         3477    .text               c_w.l(_wcrtomb.o)
    0x0000cc08   0x0000000a   Code   RO         3482    .text               c_w.l(defsig_exit.o)
    0x0000cc12   0x0000000e   Code   RO         3484    .text               c_w.l(defsig_rtred_outer.o)
    0x0000cc20   0x00000030   Code   RO         3488    .text               c_w.l(defsig_pvfn_inner.o)
    0x0000cc50   0x00000020   Code   RO         3492    .text               c_w.l(strcspn.o)
    0x0000cc70   0x0000001c   Code   RO         3494    .text               c_w.l(strspn.o)
    0x0000cc8c   0x0000001a   Code   RO         3502    .text               cpprt_w.l(arm_exceptions_terminate.o)
    0x0000cca6   0x00000002   PAD
    0x0000cca8   0x0000000c   Code   RO         3522    .text               c_w.l(sys_exit.o)
    0x0000ccb4   0x00000034   Code   RO         3528    .text               c_w.l(h1_extend.o)
    0x0000cce8   0x00000080   Code   RO         3532    .text               c_w.l(_printf_fp_infnan.o)
    0x0000cd68   0x000000d8   Code   RO         3534    .text               c_w.l(bigflt0.o)
    0x0000ce40   0x00000010   Code   RO         3564    .text               c_w.l(abort.o)
    0x0000ce50   0x00000032   Code   RO         3568    .text               c_w.l(defsig_general.o)
    0x0000ce82   0x00000002   PAD
    0x0000ce84   0x00000034   Code   RO         3574    .text               c_w.l(defsig_rtred_inner.o)
    0x0000ceb8   0x0000000e   Code   RO         3576    .text               c_w.l(defsig_rtmem_outer.o)
    0x0000cec6   0x00000002   PAD
    0x0000cec8   0x00000050   Code   RO         3580    .text               c_w.l(heapauxa.o)
    0x0000cf18   0x00000050   Code   RO         3601    .text               cpprt_w.l(arm_exceptions_globs.o)
    0x0000cf68   0x0000000e   Code   RO         3628    .text               c_w.l(sys_wrch.o)
    0x0000cf76   0x00000002   Code   RO         3630    .text               c_w.l(use_no_semi.o)
    0x0000cf78   0x00000000   Code   RO         3632    .text               c_w.l(indicate_semi.o)
    0x0000cf78   0x00000008   Code   RO         3633    .text               c_w.l(rt_eh_globals_addr.o)
    0x0000cf80   0x0000000e   Code   RO         3648    .text               c_w.l(defsig_abrt_outer.o)
    0x0000cf8e   0x00000002   PAD
    0x0000cf90   0x00000050   Code   RO         3654    .text               c_w.l(defsig_rtmem_inner.o)
    0x0000cfe0   0x0000003c   Code   RO         3658    .text               cpprt_w.l(arm_exceptions_mem.o)
    0x0000d01c   0x00000030   Code   RO         3675    .text               c_w.l(defsig_abrt_inner.o)
    0x0000d04c   0x0000003e   Code   RO         3537    CL$$btod_d2e        c_w.l(btod.o)
    0x0000d08a   0x00000046   Code   RO         3539    CL$$btod_d2e_denorm_low  c_w.l(btod.o)
    0x0000d0d0   0x00000060   Code   RO         3538    CL$$btod_d2e_norm_op1  c_w.l(btod.o)
    0x0000d130   0x00000338   Code   RO         3547    CL$$btod_div_common  c_w.l(btod.o)
    0x0000d468   0x000000c6   Code   RO         3544    CL$$btod_e2e        c_w.l(btod.o)
    0x0000d52e   0x00000028   Code   RO         3541    CL$$btod_ediv       c_w.l(btod.o)
    0x0000d556   0x00000028   Code   RO         3540    CL$$btod_emul       c_w.l(btod.o)
    0x0000d57e   0x00000244   Code   RO         3546    CL$$btod_mult_common  c_w.l(btod.o)
    0x0000d7c2   0x00000012   Code   RO         1849    i.$Sub$$main        retarget.o
    0x0000d7d4   0x00000006   Code   RO         2273    i.<Func1>           mbed.ar(SerialBase.o)
    0x0000d7da   0x00000002   PAD
    0x0000d7dc   0x0000006c   Code   RO         1823    i.NVIC_SetVector    cmsis_nvic.o
    0x0000d848   0x000000a0   Code   RO         1831    i.SystemInit        system_LPC17xx.o
    0x0000d8e8   0x00000012   Code   RO          458    i._ZN12FATDirHandleD0Ev  fatdirhandle.o
    0x0000d8fa   0x00000004   Code   RO          455    i._ZN12FATDirHandleD1Ev  fatdirhandle.o
    0x0000d8fe   0x00000002   PAD
    0x0000d900   0x00000020   Code   RO           33    i._ZN12SDFileSystemD1Ev  main.o
    0x0000d920   0x00000012   Code   RO          538    i._ZN13FATFileHandleD0Ev  fatfilehandle.o
    0x0000d932   0x0000000e   Code   RO          535    i._ZN13FATFileHandleD1Ev  fatfilehandle.o
    0x0000d940   0x00000006   Code   RO          589    i._ZN13FATFileSystem11disk_statusEv  fatfilesystem.o
    0x0000d946   0x00000006   Code   RO          583    i._ZN13FATFileSystem15disk_initializeEv  fatfilesystem.o
    0x0000d94c   0x00000006   Code   RO          595    i._ZN13FATFileSystem9disk_syncEv  fatfilesystem.o
    0x0000d952   0x0000001a   Code   RO         1380    i._ZN16Adafruit_ThermalD1Ev  command.o
    0x0000d96c   0x00000160   Code   RO         1332    i._ZN4bmp110flushpointEiiPh  command.o
    0x0000dacc   0x0000000a   Code   RO         1356    i._ZN4bmp111resizeImageEii  command.o
    0x0000dad6   0x00000002   PAD
    0x0000dad8   0x0000008c   Code   RO         1326    i._ZN4bmp112getGrayLevelEhhh  command.o
    0x0000db64   0x000001ac   Code   RO         1320    i._ZN4bmp113ConvertTo1BppEiii  command.o
    0x0000dd10   0x0000001c   Code   RO         1350    i._ZN4bmp15clearEv  command.o
    0x0000dd2c   0x000000e0   Code   RO         1314    i._ZN4bmp15pointEiiPh  command.o
    0x0000de0c   0x00000016   Code   RO         1302    i._ZN4bmp19LE32writeEPhi  command.o
    0x0000de22   0x00000002   PAD
    0x0000de24   0x00000094   Code   RO         1308    i._ZN4bmp19writeFileEPKc  command.o
    0x0000deb8   0x000000b6   Code   RO         1344    i._ZN4bmp1C1Ev      command.o
    0x0000df6e   0x00000002   PAD
    0x0000df70   0x00000088   Code   RO           48    i._ZN4mbed10DigitalOut5writeEi  main.o
    0x0000dff8   0x0000001a   Code   RO           39    i._ZN4mbed10DigitalOutC1E7PinName  main.o
    0x0000e012   0x00000012   Code   RO           27    i._ZN4mbed10DigitalOutaSEi  main.o
    0x0000e024   0x0000003a   Code   RO         1956    i._ZN4mbed10FileHandle4flenEv  retarget.o
    0x0000e05e   0x00000002   PAD
    0x0000e060   0x00000030   Code   RO         1851    i._ZN4mbed10FileHandleD2Ev  retarget.o
    0x0000e090   0x00000006   Code   RO         2274    i._ZN4mbed10SerialBase10_base_getcEv  mbed.ar(SerialBase.o)
    0x0000e096   0x0000000e   Code   RO         2275    i._ZN4mbed10SerialBase10_base_putcEi  mbed.ar(SerialBase.o)
    0x0000e0a4   0x0000000e   Code   RO         2277    i._ZN4mbed10SerialBase12_irq_handlerEj9SerialIrq  mbed.ar(SerialBase.o)
    0x0000e0b2   0x00000010   Code   RO         2279    i._ZN4mbed10SerialBase4baudEi  mbed.ar(SerialBase.o)
    0x0000e0c2   0x00000032   Code   RO         2280    i._ZN4mbed10SerialBase6attachEPFvvENS0_7IrqTypeE  mbed.ar(SerialBase.o)
    0x0000e0f4   0x00000006   Code   RO         2282    i._ZN4mbed10SerialBase8readableEv  mbed.ar(SerialBase.o)
    0x0000e0fa   0x00000002   PAD
    0x0000e0fc   0x0000004c   Code   RO         2284    i._ZN4mbed10SerialBaseC1E7PinNameS1_  mbed.ar(SerialBase.o)
    0x0000e148   0x00000006   Code   RO         2422    i._ZN4mbed10TimerEvent3irqEj  mbed.ar(TimerEvent.o)
    0x0000e14e   0x00000008   Code   RO         2423    i._ZN4mbed10TimerEvent6insertEj  mbed.ar(TimerEvent.o)
    0x0000e156   0x00000006   Code   RO         2424    i._ZN4mbed10TimerEvent6removeEv  mbed.ar(TimerEvent.o)
    0x0000e15c   0x00000024   Code   RO         2425    i._ZN4mbed10TimerEventC2Ev  mbed.ar(TimerEvent.o)
    0x0000e180   0x00000018   Code   RO         2427    i._ZN4mbed10TimerEventD2Ev  mbed.ar(TimerEvent.o)
    0x0000e198   0x0000002c   Code   RO         2129    i._ZN4mbed13BaseDirHandle7readdirEv  mbed.ar(FileSystemLike.o)
    0x0000e1c4   0x0000000c   Code   RO         2125    i._ZN4mbed13BaseDirHandle8closedirEv  mbed.ar(FileSystemLike.o)
    0x0000e1d0   0x00000004   Code   RO         2144    i._ZN4mbed13BaseDirHandleD0Ev  mbed.ar(FileSystemLike.o)
    0x0000e1d4   0x00000006   Code   RO         2104    i._ZN4mbed14FileSystemLike6removeEPKc  mbed.ar(FileSystemLike.o)
    0x0000e1da   0x00000004   Code   RO         2111    i._ZN4mbed14FileSystemLike7opendirEPKc  mbed.ar(FileSystemLike.o)
    0x0000e1de   0x00000002   PAD
    0x0000e1e0   0x00000028   Code   RO         2088    i._ZN4mbed14FileSystemLike7opendirEv  mbed.ar(FileSystemLike.o)
    0x0000e208   0x00000014   Code   RO         2089    i._ZN4mbed14FileSystemLikeC2EPKc  mbed.ar(FileSystemLike.o)
    0x0000e21c   0x00000004   Code   RO         2091    i._ZN4mbed14FileSystemLikeD2Ev  mbed.ar(FileSystemLike.o)
    0x0000e220   0x00000018   Code   RO         2052    i._ZN4mbed15FunctionPointer4callEv  mbed.ar(FunctionPointer.o)
    0x0000e238   0x00000008   Code   RO         2053    i._ZN4mbed15FunctionPointer6attachEPFvvE  mbed.ar(FunctionPointer.o)
    0x0000e240   0x0000000a   Code   RO         2054    i._ZN4mbed15FunctionPointerC1EPFvvE  mbed.ar(FunctionPointer.o)
    0x0000e24a   0x00000006   Code   RO         1852    i._ZN4mbed26mbed_set_unbuffered_streamEPSt6__FILE  retarget.o
    0x0000e250   0x00000048   Code   RO         2150    i._ZN4mbed3I2C4readEiPcib  mbed.ar(I2C.o)
    0x0000e298   0x00000048   Code   RO         2154    i._ZN4mbed3I2C5writeEiPKcib  mbed.ar(I2C.o)
    0x0000e2e0   0x00000024   Code   RO         2157    i._ZN4mbed3I2CC1E7PinNameS1_  mbed.ar(I2C.o)
    0x0000e304   0x00000034   Code   RO         2181    i._ZN4mbed3SPI5writeEi  mbed.ar(SPI.o)
    0x0000e338   0x00000028   Code   RO         2184    i._ZN4mbed3SPI9frequencyEi  mbed.ar(SPI.o)
    0x0000e360   0x00000044   Code   RO         2185    i._ZN4mbed3SPIC1E7PinNameS1_S1_S1_  mbed.ar(SPI.o)
    0x0000e3a4   0x00000018   Code   RO         2388    i._ZN4mbed5Timer5startEv  mbed.ar(Timer.o)
    0x0000e3bc   0x0000001e   Code   RO         2389    i._ZN4mbed5Timer7read_msEv  mbed.ar(Timer.o)
    0x0000e3da   0x00000018   Code   RO         2392    i._ZN4mbed5TimerC1Ev  mbed.ar(Timer.o)
    0x0000e3f2   0x00000016   Code   RO         1070    i._ZN4mbed6PwmOutaSEf  epd.o
    0x0000e408   0x00000024   Code   RO         2213    i._ZN4mbed6SerialC1E7PinNameS1_PKc  mbed.ar(Serial.o)
    0x0000e42c   0x0000000c   Code   RO         2230    i._ZN4mbed6SerialD1Ev  mbed.ar(Serial.o)
    0x0000e438   0x00000004   Code   RO         2321    i._ZN4mbed6Stream4flenEv  mbed.ar(Stream.o)
    0x0000e43c   0x00000014   Code   RO         2322    i._ZN4mbed6Stream4getcEv  mbed.ar(Stream.o)
    0x0000e450   0x00000018   Code   RO         2324    i._ZN4mbed6Stream4putcEi  mbed.ar(Stream.o)
    0x0000e468   0x0000002a   Code   RO         2326    i._ZN4mbed6Stream4readEPvj  mbed.ar(Stream.o)
    0x0000e492   0x00000004   Code   RO         2327    i._ZN4mbed6Stream5closeEv  mbed.ar(Stream.o)
    0x0000e496   0x00000004   Code   RO         2329    i._ZN4mbed6Stream5lseekEli  mbed.ar(Stream.o)
    0x0000e49a   0x0000002a   Code   RO         2331    i._ZN4mbed6Stream5writeEPKvj  mbed.ar(Stream.o)
    0x0000e4c4   0x00000004   Code   RO         2332    i._ZN4mbed6Stream6isattyEv  mbed.ar(Stream.o)
    0x0000e4c8   0x0000001e   Code   RO         2333    i._ZN4mbed6Stream6printfEPKcz  mbed.ar(Stream.o)
    0x0000e4e6   0x00000002   PAD
    0x0000e4e8   0x00000040   Code   RO         2334    i._ZN4mbed6StreamC2EPKc  mbed.ar(Stream.o)
    0x0000e528   0x00000020   Code   RO         2336    i._ZN4mbed6StreamD2Ev  mbed.ar(Stream.o)
    0x0000e548   0x0000001e   Code   RO         2252    i._ZN4mbed6Ticker5setupEj  mbed.ar(Ticker.o)
    0x0000e566   0x0000001c   Code   RO         2254    i._ZN4mbed6Ticker7handlerEv  mbed.ar(Ticker.o)
    0x0000e582   0x00000002   PAD
    0x0000e584   0x00000028   Code   RO         2263    i._ZN4mbed6TickerD1Ev  mbed.ar(Ticker.o)
    0x0000e5ac   0x0000000c   Code   RO         1172    i._ZN4mbed8AnalogIn4readEv  joystick.o
    0x0000e5b8   0x00000012   Code   RO         1178    i._ZN4mbed8AnalogInC1E7PinName  joystick.o
    0x0000e5ca   0x00000004   Code   RO         2622    i._ZN4mbed8FileBase11getPathTypeEv  mbed.ar(FileBase.o)
    0x0000e5ce   0x00000002   PAD
    0x0000e5d0   0x00000020   Code   RO         2623    i._ZN4mbed8FileBase3getEi  mbed.ar(FileBase.o)
    0x0000e5f0   0x00000038   Code   RO         2624    i._ZN4mbed8FileBase6lookupEPKcj  mbed.ar(FileBase.o)
    0x0000e628   0x00000004   Code   RO         2625    i._ZN4mbed8FileBase7getNameEv  mbed.ar(FileBase.o)
    0x0000e62c   0x00000024   Code   RO         2626    i._ZN4mbed8FileBaseC1EPKcNS_8PathTypeE  mbed.ar(FileBase.o)
    0x0000e650   0x00000038   Code   RO         2628    i._ZN4mbed8FileBaseD1Ev  mbed.ar(FileBase.o)
    0x0000e688   0x00000024   Code   RO         2599    i._ZN4mbed8FileLikeC2EPKc  mbed.ar(FileLike.o)
    0x0000e6ac   0x00000012   Code   RO         2601    i._ZN4mbed8FileLikeD2Ev  mbed.ar(FileLike.o)
    0x0000e6be   0x00000018   Code   RO         2063    i._ZN4mbed8FilePath10fileSystemEv  mbed.ar(FilePath.o)
    0x0000e6d6   0x0000001c   Code   RO         2065    i._ZN4mbed8FilePath4fileEv  mbed.ar(FilePath.o)
    0x0000e6f2   0x0000000a   Code   RO         2066    i._ZN4mbed8FilePath6existsEv  mbed.ar(FilePath.o)
    0x0000e6fc   0x00000018   Code   RO         2067    i._ZN4mbed8FilePath6isFileEv  mbed.ar(FilePath.o)
    0x0000e714   0x00000004   Code   RO         2068    i._ZN4mbed8FilePath8fileNameEv  mbed.ar(FilePath.o)
    0x0000e718   0x00000040   Code   RO         2069    i._ZN4mbed8FilePathC1EPKc  mbed.ar(FilePath.o)
    0x0000e758   0x00000088   Code   RO         1064    i._ZN4mbed9DigitalIncviEv  epd.o
    0x0000e7e0   0x00000004   Code   RO         1853    i._ZN4mbed9mbed_getcEPSt6__FILE  retarget.o
    0x0000e7e4   0x000000a4   Code   RO         1362    i._ZN5bmp2410flushblockEiiPh  command.o
    0x0000e888   0x00000098   Code   RO         1383    i._ZN5bmp2410writeblockEii  command.o
    0x0000e920   0x00000070   Code   RO         1368    i._ZN5bmp248initFileEii  command.o
    0x0000e990   0x00000016   Code   RO         1338    i._ZN5bmp249LE32writeEPhi  command.o
    0x0000e9a6   0x0000008a   Code   RO         1374    i._ZN5bmp24C1Ev     command.o
    0x0000ea30   0x0000002c   Code   RO           36    i._ZN8EaEpaperD1Ev  main.o
    0x0000ea5c   0x00000020   Code   RO          882    i._ZN9EPD_Class9setFactorEi  eaepaper.o
    0x0000ea7c   0x00000006   Code   RO         2214    i._ZThn72_N4mbed6Serial5_getcEv  mbed.ar(Serial.o)
    0x0000ea82   0x00000006   Code   RO         2215    i._ZThn72_N4mbed6Serial5_putcEi  mbed.ar(Serial.o)
    0x0000ea88   0x00000008   Code   RO         2908    i._ZdlPv            cpprt_w.l(delete.o)
    0x0000ea90   0x00000008   Code   RO         2904    i._Znaj             cpprt_w.l(array_new.o)
    0x0000ea98   0x00000028   Code   RO         2911    i._Znwj             cpprt_w.l(new.o)
    0x0000eac0   0x00000028   Code   RO         3620    i.__ARM_fpclassify  m_ws.l(fpclassify.o)
    0x0000eae8   0x00000032   Code   RO         2918    i.__aeabi_atexit    cpprt_w.l(aeabi_atexit.o)
    0x0000eb1a   0x00000024   Code   RO         2921    i.__aeabi_vec_ctor_nocookie_nodtor  cpprt_w.l(aeabi_vec_ctor_nocookie_nodtor.o)
    0x0000eb3e   0x00000042   Code   RO         3342    i.__cxa_finalize    cpprt_w.l(cxa_finalize.o)
    0x0000eb80   0x00000006   Code   RO         2915    i.__cxa_pure_virtual  cpprt_w.l(pure_virt.o)
    0x0000eb86   0x00000002   PAD
    0x0000eb88   0x00000010   Code   RO         1837    i.__user_setup_stackheap  sys.o
    0x0000eb98   0x0000000e   Code   RO         2788    i._is_digit         c_w.l(__printf_wp.o)
    0x0000eba6   0x00000002   PAD
    0x0000eba8   0x0000002c   Code   RO         1855    i._sys_close        retarget.o
    0x0000ebd4   0x00000028   Code   RO         1858    i._sys_flen         retarget.o
    0x0000ebfc   0x00000028   Code   RO         1859    i._sys_istty        retarget.o
    0x0000ec24   0x0000014c   Code   RO         1860    i._sys_open         retarget.o
    0x0000ed70   0x00000058   Code   RO         1861    i._sys_read         retarget.o
    0x0000edc8   0x00000028   Code   RO         1862    i._sys_seek         retarget.o
    0x0000edf0   0x00000064   Code   RO         1863    i._sys_write        retarget.o
    0x0000ee54   0x00000098   Code   RO         1968    i.analogin_init     mbed.ar(analogin_api.o)
    0x0000eeec   0x000000d0   Code   RO         1969    i.analogin_read     mbed.ar(analogin_api.o)
    0x0000efbc   0x00000006   Code   RO         1864    i.closedir          retarget.o
    0x0000efc2   0x00000002   PAD
    0x0000efc4   0x00000018   Code   RO         2455    i.error             mbed.ar(error.o)
    0x0000efdc   0x0000002c   Code   RO         2449    i.exit              mbed.ar(exit.o)
    0x0000f008   0x00000018   Code   RO         2815    i.fgetc             c_w.l(fgetc.o)
    0x0000f020   0x000000dc   Code   RO         3079    i.floor             m_ws.l(floor.o)
    0x0000f0fc   0x0000001a   Code   RO         2821    i.fputc             c_w.l(fputc.o)
    0x0000f116   0x00000002   PAD
    0x0000f118   0x00000050   Code   RO         2534    i.gpio_dir          mbed.ar(gpio_api.o)
    0x0000f168   0x00000038   Code   RO         2535    i.gpio_init         mbed.ar(gpio_api.o)
    0x0000f1a0   0x00000026   Code   RO         2461    i.gpio_init_in      mbed.ar(gpio.o)
    0x0000f1c6   0x00000002   PAD
    0x0000f1c8   0x00000044   Code   RO         2464    i.gpio_init_out     mbed.ar(gpio.o)
    0x0000f20c   0x00000050   Code   RO         2465    i.gpio_init_out_ex  mbed.ar(gpio.o)
    0x0000f25c   0x00000006   Code   RO         2536    i.gpio_mode         mbed.ar(gpio_api.o)
    0x0000f262   0x00000002   PAD
    0x0000f264   0x0000001c   Code   RO         2503    i.i2c_frequency     mbed.ar(i2c_api.o)
    0x0000f280   0x000000d8   Code   RO         2504    i.i2c_init          mbed.ar(i2c_api.o)
    0x0000f358   0x00000184   Code   RO         2505    i.i2c_read          mbed.ar(i2c_api.o)
    0x0000f4dc   0x00000038   Code   RO         2513    i.i2c_stop          mbed.ar(i2c_api.o)
    0x0000f514   0x0000012c   Code   RO         2514    i.i2c_write         mbed.ar(i2c_api.o)
    0x0000f640   0x00000050   Code   RO         2416    i.mbed_assert_internal  mbed.ar(assert.o)
    0x0000f690   0x00000108   Code   RO         1842    i.mbed_die          board.o
    0x0000f798   0x00000004   Code   RO         2652    i.mbed_interface_connected  mbed.ar(mbed_interface.o)
    0x0000f79c   0x00000002   Code   RO         1865    i.mbed_main         retarget.o
    0x0000f79e   0x00000002   Code   RO         1866    i.mbed_sdk_init     retarget.o
    0x0000f7a0   0x00000044   Code   RO         1868    i.opendir           retarget.o
    0x0000f7e4   0x0000005c   Code   RO         2492    i.pin_function      mbed.ar(pinmap.o)
    0x0000f840   0x00000084   Code   RO         2493    i.pin_mode          mbed.ar(pinmap.o)
    0x0000f8c4   0x0000001e   Code   RO         2672    i.pinmap_find_peripheral  mbed.ar(pinmap_common.o)
    0x0000f8e2   0x00000002   PAD
    0x0000f8e4   0x00000038   Code   RO         2673    i.pinmap_merge      mbed.ar(pinmap_common.o)
    0x0000f91c   0x00000058   Code   RO         2674    i.pinmap_peripheral  mbed.ar(pinmap_common.o)
    0x0000f974   0x00000050   Code   RO         2675    i.pinmap_pinout     mbed.ar(pinmap_common.o)
    0x0000f9c4   0x000000fc   Code   RO         1980    i.pwmout_init       mbed.ar(pwmout_api.o)
    0x0000fac0   0x0000004c   Code   RO         1988    i.pwmout_write      mbed.ar(pwmout_api.o)
    0x0000fb0c   0x00000006   Code   RO         1869    i.readdir           retarget.o
    0x0000fb12   0x00000034   Code   RO         1870    i.remove            retarget.o
    0x0000fb46   0x00000002   PAD
    0x0000fb48   0x00000024   Code   RO         2548    i.rtc_init          mbed.ar(rtc_api.o)
    0x0000fb6c   0x00000010   Code   RO         2549    i.rtc_isenabled     mbed.ar(rtc_api.o)
    0x0000fb7c   0x00000034   Code   RO         2550    i.rtc_read          mbed.ar(rtc_api.o)
    0x0000fbb0   0x00000044   Code   RO         2551    i.rtc_write         mbed.ar(rtc_api.o)
    0x0000fbf4   0x00000010   Code   RO         2685    i.semihost_connected  mbed.ar(semihost_api.o)
    0x0000fc04   0x0000000c   Code   RO         2688    i.semihost_exit     mbed.ar(semihost_api.o)
    0x0000fc10   0x000001c4   Code   RO         2005    i.serial_baud       mbed.ar(serial_api.o)
    0x0000fdd4   0x000000a0   Code   RO         2009    i.serial_format     mbed.ar(serial_api.o)
    0x0000fe74   0x00000038   Code   RO         2011    i.serial_getc       mbed.ar(serial_api.o)
    0x0000feac   0x00000178   Code   RO         2012    i.serial_init       mbed.ar(serial_api.o)
    0x00010024   0x0000001c   Code   RO         2013    i.serial_irq_handler  mbed.ar(serial_api.o)
    0x00010040   0x0000001c   Code   RO         2014    i.serial_irq_set    mbed.ar(serial_api.o)
    0x0001005c   0x000000d4   Code   RO         2015    i.serial_irq_set_internal  mbed.ar(serial_api.o)
    0x00010130   0x00000068   Code   RO         2017    i.serial_putc       mbed.ar(serial_api.o)
    0x00010198   0x0000000a   Code   RO         2018    i.serial_readable   mbed.ar(serial_api.o)
    0x000101a2   0x00000002   PAD
    0x000101a4   0x0000010c   Code   RO         2019    i.serial_set_flow_control  mbed.ar(serial_api.o)
    0x000102b0   0x00000088   Code   RO         2562    i.spi_format        mbed.ar(spi_api.o)
    0x00010338   0x000000d4   Code   RO         2564    i.spi_frequency     mbed.ar(spi_api.o)
    0x0001040c   0x00000118   Code   RO         2565    i.spi_init          mbed.ar(spi_api.o)
    0x00010524   0x0000001a   Code   RO         2566    i.spi_master_write  mbed.ar(spi_api.o)
    0x0001053e   0x00000022   Code   RO         2478    i.time              mbed.ar(rtc_time.o)
    0x00010560   0x00000014   Code   RO         2021    i.uart0_irq         mbed.ar(serial_api.o)
    0x00010574   0x00000014   Code   RO         2022    i.uart1_irq         mbed.ar(serial_api.o)
    0x00010588   0x00000014   Code   RO         2023    i.uart2_irq         mbed.ar(serial_api.o)
    0x0001059c   0x00000014   Code   RO         2024    i.uart3_irq         mbed.ar(serial_api.o)
    0x000105b0   0x00000064   Code   RO         2025    i.uart_irq          mbed.ar(serial_api.o)
    0x00010614   0x0000000c   Code   RO         2584    i.us_ticker_clear_interrupt  mbed.ar(us_ticker.o)
    0x00010620   0x00000010   Code   RO         2585    i.us_ticker_disable_interrupt  mbed.ar(us_ticker.o)
    0x00010630   0x00000064   Code   RO         2586    i.us_ticker_init    mbed.ar(us_ticker.o)
    0x00010694   0x0000003c   Code   RO         2722    i.us_ticker_insert_event  mbed.ar(us_ticker_api.o)
    0x000106d0   0x00000040   Code   RO         2723    i.us_ticker_irq_handler  mbed.ar(us_ticker_api.o)
    0x00010710   0x00000060   Code   RO         2587    i.us_ticker_read    mbed.ar(us_ticker.o)
    0x00010770   0x0000003c   Code   RO         2724    i.us_ticker_remove_event  mbed.ar(us_ticker_api.o)
    0x000107ac   0x00000014   Code   RO         2725    i.us_ticker_set_handler  mbed.ar(us_ticker_api.o)
    0x000107c0   0x00000014   Code   RO         2588    i.us_ticker_set_interrupt  mbed.ar(us_ticker.o)
    0x000107d4   0x0000001c   Code   RO         2485    i.wait_ms           mbed.ar(wait_api.o)
    0x000107f0   0x00000018   Code   RO         2486    i.wait_us           mbed.ar(wait_api.o)
    0x00010808   0x0000002c   Code   RO         3480    locale$$code        c_w.l(lc_ctype_c.o)
    0x00010834   0x0000002c   Code   RO         3562    locale$$code        c_w.l(lc_numeric_c.o)
    0x00010860   0x00000150   Code   RO         3024    x$fpl$dadd          fz_ws.l(daddsub_clz.o)
    0x000109b0   0x00000018   Code   RO         3607    x$fpl$dcmpinf       fz_ws.l(dcmpi.o)
    0x000109c8   0x000002b0   Code   RO         3031    x$fpl$ddiv          fz_ws.l(ddiv.o)
    0x00010c78   0x0000005e   Code   RO         3034    x$fpl$dfix          fz_ws.l(dfix.o)
    0x00010cd6   0x00000002   PAD
    0x00010cd8   0x0000005a   Code   RO         3038    x$fpl$dfixu         fz_ws.l(dfixu.o)
    0x00010d32   0x00000026   Code   RO         3042    x$fpl$dfltu         fz_ws.l(dflt_clz.o)
    0x00010d58   0x00000078   Code   RO         3518    x$fpl$dleqf         fz_ws.l(dleqf.o)
    0x00010dd0   0x00000154   Code   RO         3048    x$fpl$dmul          fz_ws.l(dmul.o)
    0x00010f24   0x0000009c   Code   RO         3355    x$fpl$dnaninf       fz_ws.l(dnaninf.o)
    0x00010fc0   0x0000000c   Code   RO         3357    x$fpl$dretinf       fz_ws.l(dretinf.o)
    0x00010fcc   0x0000006c   Code   RO         3359    x$fpl$drleqf        fz_ws.l(drleqf.o)
    0x00011038   0x00000016   Code   RO         3025    x$fpl$drsb          fz_ws.l(daddsub_clz.o)
    0x0001104e   0x00000002   PAD
    0x00011050   0x000001d4   Code   RO         3026    x$fpl$dsub          fz_ws.l(daddsub_clz.o)
    0x00011224   0x00000056   Code   RO         3050    x$fpl$f2d           fz_ws.l(f2d.o)
    0x0001127a   0x00000002   PAD
    0x0001127c   0x000000c4   Code   RO         3052    x$fpl$fadd          fz_ws.l(faddsub_clz.o)
    0x00011340   0x00000184   Code   RO         3059    x$fpl$fdiv          fz_ws.l(fdiv.o)
    0x000114c4   0x0000003e   Code   RO         3066    x$fpl$ffixu         fz_ws.l(ffixu.o)
    0x00011502   0x00000002   PAD
    0x00011504   0x00000030   Code   RO         3071    x$fpl$fflt          fz_ws.l(fflt_clz.o)
    0x00011534   0x00000026   Code   RO         3070    x$fpl$ffltu         fz_ws.l(fflt_clz.o)
    0x0001155a   0x00000002   PAD
    0x0001155c   0x00000102   Code   RO         3076    x$fpl$fmul          fz_ws.l(fmul.o)
    0x0001165e   0x0000008c   Code   RO         3361    x$fpl$fnaninf       fz_ws.l(fnaninf.o)
    0x000116ea   0x0000000a   Code   RO         3363    x$fpl$fretinf       fz_ws.l(fretinf.o)
    0x000116f4   0x000000ea   Code   RO         3054    x$fpl$fsub          fz_ws.l(faddsub_clz.o)
    0x000117de   0x00000004   Code   RO         3365    x$fpl$printf1       fz_ws.l(printf1.o)
    0x000117e2   0x00000004   Code   RO         3367    x$fpl$printf2       fz_ws.l(printf2.o)
    0x000117e6   0x00000000   Code   RO         3375    x$fpl$usenofp       fz_ws.l(usenofp.o)
    0x000117e6   0x00000002   PAD
    0x000117e8   0x00000148   Data   RO            6    .constdata          main.o
    0x00011930   0x000004c0   Data   RO          647    .constdata          ccsbcs.o
    0x00011df0   0x000000ba   Data   RO          666    .constdata          ff.o
    0x00011eaa   0x00000002   PAD
    0x00011eac   0x00000227   Data   RO          738    .constdata          serial_camera.o
    0x000120d3   0x00000308   Data   RO          934    .constdata          graphicsdisplay.o
    0x000123db   0x000031a2   Data   RO         1277    .constdata          command.o
    0x0001557d   0x00000003   PAD
    0x00015580   0x000000bc   Data   RO         1494    .constdata          simplejpegdecode.o
    0x0001563c   0x00000080   Data   RO         1538    .constdata          aanidct.o
    0x000156bc   0x00021258   Data   RO         1646    .constdata          huffmandecode.o
    0x00036914   0x00000100   Data   RO         1680    .constdata          inversedct.o
    0x00036a14   0x00000080   Data   RO         1843    .constdata          board.o
    0x00036a94   0x00000017   Data   RO         1906    .constdata          retarget.o
    0x00036aab   0x00000001   PAD
    0x00036aac   0x000000d6   Data   RO         1971    .constdata          mbed.ar(analogin_api.o)
    0x00036b82   0x00000002   PAD
    0x00036b84   0x0000011c   Data   RO         1989    .constdata          mbed.ar(pwmout_api.o)
    0x00036ca0   0x000002dc   Data   RO         2027    .constdata          mbed.ar(serial_api.o)
    0x00036f7c   0x00000080   Data   RO         2466    .constdata          mbed.ar(gpio.o)
    0x00036ffc   0x00000064   Data   RO         2494    .constdata          mbed.ar(pinmap.o)
    0x00037060   0x000000fd   Data   RO         2515    .constdata          mbed.ar(i2c_api.o)
    0x0003715d   0x00000003   PAD
    0x00037160   0x0000007c   Data   RO         2538    .constdata          mbed.ar(gpio_api.o)
    0x000371dc   0x000001bc   Data   RO         2570    .constdata          mbed.ar(spi_api.o)
    0x00037398   0x00000028   Data   RO         2776    .constdata          c_w.l(_printf_hex_int_ll_ptr.o)
    0x000373c0   0x00000011   Data   RO         2796    .constdata          c_w.l(__printf_flags_ss_wp.o)
    0x000373d1   0x00000003   PAD
    0x000373d4   0x00000008   Data   RO         3183    .constdata          c_w.l(_printf_wctomb.o)
    0x000373dc   0x0000000c   Data   RO         3256    .constdata          c_w.l(_monlen.o)
    0x000373e8   0x00000026   Data   RO         3435    .constdata          c_w.l(_printf_fp_hex.o)
    0x0003740e   0x00000002   PAD
    0x00037410   0x00000094   Data   RO         3535    .constdata          c_w.l(bigflt0.o)
    0x000374a4   0x0000000c   Data   RO         1512    .constdata__ZTV10inverseDCT  simplejpegdecode.o
    0x000374b0   0x00000064   Data   RO         1008    .constdata__ZTV11TextDisplay  textdisplay.o
    0x00037514   0x00000024   Data   RO          454    .constdata__ZTV12FATDirHandle  fatdirhandle.o
    0x00037538   0x00000040   Data   RO          370    .constdata__ZTV12SDFileSystem  sdfilesystem.o
    0x00037578   0x0000002c   Data   RO          534    .constdata__ZTV13FATFileHandle  fatfilehandle.o
    0x000375a4   0x00000040   Data   RO          582    .constdata__ZTV13FATFileSystem  fatfilesystem.o
    0x000375e4   0x00000014   Data   RO         1588    .constdata__ZTV14BaseJpegDecode  basejpegdecode.o
    0x000375f8   0x00000084   Data   RO          951    .constdata__ZTV15GraphicsDisplay  graphicsdisplay.o
    0x0003767c   0x0000005c   Data   RO         1787    .constdata__ZTV16Adafruit_Thermal  adafruit_thermal.o
    0x000376d8   0x00000024   Data   RO         1510    .constdata__ZTV16SimpleJpegDecode  simplejpegdecode.o
    0x000376fc   0x00000084   Data   RO          878    .constdata__ZTV8EaEpaper  eaepaper.o
    0x00037780   0x0000002c   Data   RO         1955    .constdata__ZTVN4mbed10FileHandleE  retarget.o
    0x000377ac   0x00000010   Data   RO         2312    .constdata__ZTVN4mbed10SerialBaseE  mbed.ar(SerialBase.o)
    0x000377bc   0x00000014   Data   RO         2444    .constdata__ZTVN4mbed10TimerEventE  mbed.ar(TimerEvent.o)
    0x000377d0   0x00000024   Data   RO         2118    .constdata__ZTVN4mbed13BaseDirHandleE  mbed.ar(FileSystemLike.o)
    0x000377f4   0x00000024   Data   RO         2103    .constdata__ZTVN4mbed14FileSystemLikeE  mbed.ar(FileSystemLike.o)
    0x00037818   0x00000014   Data   RO         2200    .constdata__ZTVN4mbed3SPIE  mbed.ar(SPI.o)
    0x0003782c   0x0000005c   Data   RO         2229    .constdata__ZTVN4mbed6SerialE  mbed.ar(Serial.o)
    0x00037888   0x00000044   Data   RO         2380    .constdata__ZTVN4mbed6StreamE  mbed.ar(Stream.o)
    0x000378cc   0x00000014   Data   RO         2262    .constdata__ZTVN4mbed6TickerE  mbed.ar(Ticker.o)
    0x000378e0   0x00000010   Data   RO         2647    .constdata__ZTVN4mbed8FileBaseE  mbed.ar(FileBase.o)
    0x000378f0   0x0000003c   Data   RO         2617    .constdata__ZTVN4mbed8FileLikeE  mbed.ar(FileLike.o)
    0x0003792c   0x00000024   Data   RO          462    .constdata__ZTVN4mbed9DirHandleE  fatdirhandle.o
    0x00037950   0x0000000b   Data   RO         1389    .constdata__ZZN5bmp2410writeblockEiiE12__FUNCTION__  command.o
    0x0003795b   0x00000001   PAD
    0x0003795c   0x0000004e   Data   RO          739    .conststring        serial_camera.o
    0x000379aa   0x00000002   PAD
    0x000379ac   0x00000056   Data   RO          992    .conststring        textdisplay.o
    0x00037a02   0x00000002   PAD
    0x00037a04   0x00000011   Data   RO         1278    .conststring        command.o
    0x00037a15   0x00000003   PAD
    0x00037a18   0x00000040   Data   RO         3708    Region$$Table       anon$$obj.o
    0x00037a58   0x00000110   Data   RO         3479    locale$$data        c_w.l(lc_ctype_c.o)
    0x00037b68   0x0000001c   Data   RO         3561    locale$$data        c_w.l(lc_numeric_c.o)
    0x00037b84   0x00000004   Data   RO            7    .init_array         main.o
    0x00037b88   0x00000004   Data   RO          740    .init_array         serial_camera.o
    0x00037b8c   0x00000004   Data   RO         1048    .init_array         epd.o
    0x00037b90   0x00000004   Data   RO         1155    .init_array         joystick.o
    0x00037b94   0x00000004   Data   RO         1280    .init_array         command.o
    0x00037b98   0x00000000   Data   RO         2896    .init_array         c_w.l(init_aeabi.o)


    Execution Region RW_IRAM1 (Base: 0x100000c8, Size: 0x00005fac, Max: 0x00007f38, ABSOLUTE)

    Base Addr    Size         Type   Attr      Idx    E Section Name        Object

    0x100000c8   0x00000004   Data   RW          565    .data               fatfilesystem.o
    0x100000cc   0x00000006   Data   RW          667    .data               ff.o
    0x100000d2   0x00000021   Data   RW         1047    .data               epd.o
    0x100000f3   0x00000001   PAD
    0x100000f4   0x00000010   Data   RW         1154    .data               joystick.o
    0x10000104   0x00000004   Data   RW         1832    .data               system_LPC17xx.o
    0x10000108   0x00000020   Data   RW         1990    .data               mbed.ar(pwmout_api.o)
    0x10000128   0x00000010   Data   RW         2028    .data               mbed.ar(serial_api.o)
    0x10000138   0x00000004   Data   RW         2167    .data               mbed.ar(I2C.o)
    0x1000013c   0x00000004   Data   RW         2191    .data               mbed.ar(SPI.o)
    0x10000140   0x00000004   Data   RW         2589    .data               mbed.ar(us_ticker.o)
    0x10000144   0x00000004   Data   RW         2636    .data               mbed.ar(FileBase.o)
    0x10000148   0x00000008   Data   RW         2726    .data               mbed.ar(us_ticker_api.o)
    0x10000150   0x00000004   Data   RW         2841    .data               c_w.l(stdio_streams.o)
    0x10000154   0x00000004   Data   RW         2842    .data               c_w.l(stdio_streams.o)
    0x10000158   0x00000004   Data   RW         2843    .data               c_w.l(stdio_streams.o)
    0x1000015c   0x00000004   Data   RW         2866    .data               c_w.l(strtok.o)
    0x10000160   0x00000004   Data   RW         3581    .data               c_w.l(heapauxa.o)
    0x10000164   0x00000009   Data   RW           25    .data__ZZN4bmp110flushpointEiiPhEs  main.o
    0x1000016d   0x00000003   Data   RW           26    .data__ZZN4bmp19writeFileEPKcEs  main.o
    0x10000170   0x00000012   Data   RW         1299    .data__ZZN5bmp2410writeblockEiiEs  command.o
    0x10000182   0x00000008   Data   RW         1300    .data__ZZN5bmp2410writeblockEiiEs_0  command.o
    0x1000018a   0x00000003   Data   RW         1298    .data__ZZN5bmp248openFileEPKcEs  command.o
    0x1000018d   0x00000003   PAD
    0x10000190   0x00000488   Zero   RW            5    .bss                main.o
    0x10000618   0x00000200   Zero   RW          665    .bss                ff.o
    0x10000818   0x00000280   Zero   RW          737    .bss                serial_camera.o
    0x10000a98   0x0000002d   Zero   RW         1046    .bss                epd.o
    0x10000ac5   0x00000003   PAD
    0x10000ac8   0x00000030   Zero   RW         1153    .bss                joystick.o
    0x10000af8   0x0000530c   Zero   RW         1276    .bss                command.o
    0x10005e04   0x00000040   Zero   RW         1905    .bss                retarget.o
    0x10005e44   0x000000e0   Zero   RW         2026    .bss                mbed.ar(serial_api.o)
    0x10005f24   0x00000054   Zero   RW         2838    .bss                c_w.l(stdio_streams.o)
    0x10005f78   0x00000054   Zero   RW         2839    .bss                c_w.l(stdio_streams.o)
    0x10005fcc   0x00000054   Zero   RW         2840    .bss                c_w.l(stdio_streams.o)
    0x10006020   0x0000002c   Zero   RW         2889    .bss                c_w.l(localtime.o)
    0x1000604c   0x00000004   Zero   RW         3092    .bss                c_w.l(rt_new_handler_addr.o)
    0x10006050   0x00000004   Zero   RW         3097    .bss                c_w.l(rt_ddtor_pointer_addr.o)
    0x10006054   0x00000004   Zero   RW         3102    .bss                c_w.l(rt_errno_addr.o)
    0x10006058   0x00000004   Zero   RW         3399    .bss                c_w.l(rt_heap_descriptor.o)
    0x1000605c   0x00000014   Zero   RW         3404    .bss                c_w.l(rt_locale.o)
    0x10006070   0x00000004   Zero   RW         3634    .bss                c_w.l(rt_eh_globals_addr.o)


    Execution Region RW_IRAM2 (Base: 0x2007c000, Size: 0x00005428, Max: 0x00006000, ABSOLUTE, COMPRESSED[0x00000a14])

    Base Addr    Size         Type   Attr      Idx    E Section Name        Object

    0x2007c000   0x000026c8   Data   RW         1279    .data               command.o
    0x2007e6c8   0x00002d60   Zero   RW          861    .bss                eaepaper.o


    Execution Region RW_IRAM3 (Base: 0x20082000, Size: 0x00000000, Max: 0x00001000, ABSOLUTE)

    **** No section assigned to this execution region ****


    Execution Region RW_IRAM4 (Base: 0x20083000, Size: 0x00000000, Max: 0x00001000, ABSOLUTE)

    **** No section assigned to this execution region ****


    Execution Region RW_IRAM5 (Base: 0x40038000, Size: 0x00000000, Max: 0x00000800, ABSOLUTE)

    **** No section assigned to this execution region ****


==============================================================================

Image component sizes


      Code (inc. data)   RO Data    RW Data    ZI Data      Debug   Object Name

      1196         10        128          0          0       5635   aanidct.o
      2068         24         92          0          0      19260   adafruit_thermal.o
       992         24         20          0          0       7192   basejpegdecode.o
       378          0          0          0          0       3460   bitpattern.o
       264         22        128          0          0         76   board.o
       128         12       1216          0          0       4705   ccsbcs.o
       108          6          0          0          0         84   cmsis_nvic.o
      7112       1052      12738       9957      21260      50779   command.o
        76         16          0          0          0        644   debug.o
       648        226          0          0          0       4630   diskio.o
      2996         22        132          0      11616      21244   eaepaper.o
      4502        232          4         33         45      17600   epd.o
       158          8         72          0          0       9509   fatdirhandle.o
       484        142         44          0          0       6280   fatfilehandle.o
       862        242         64          4          0      13634   fatfilesystem.o
     10648        130        186          6        512      28819   ff.o
       528         10        908          0          0       8960   graphicsdisplay.o
       180          4     135768          0          0       3916   huffmandecode.o
        92          6        256          0          0       2940   inversedct.o
       854        268          4         16         48       5529   joystick.o
      1196        410        332         12       1160      67443   main.o
       954         98         67          0         64       1384   retarget.o
      2452        520         64          0          0      16572   sdfilesystem.o
      4448        720        633          0        640      18218   serial_camera.o
      1672        138        236          0          0       8050   simplejpegdecode.o
        40         12        196          0          0        228   startup_LPC17xx.o
        16          6          0          0          0         68   sys.o
       160         10          0          4          0         68   system_LPC17xx.o
       340         24        186          0          0       6532   textdisplay.o

    ----------------------------------------------------------------------
     45568       4394     153552      10036      35348     333459   Object Totals
         0          0         64          0          0          0   (incl. Generated)
        16          0         14          4          3          0   (incl. Padding)

    ----------------------------------------------------------------------

      Code (inc. data)   RO Data    RW Data    ZI Data      Debug   Library Member Name

        60          8          0          0          0         84   __0sscanf.o
        20          0          0          0          0         84   __2fprintf.o
        44          6          0          0          0         84   __2sprintf.o
        90          0          0          0          0          0   __dczerorl2.o
         8          0          0          0          0         68   __main.o
       392          4         17          0          0         92   __printf_flags_ss_wp.o
        14          0          0          0          0         68   __printf_wp.o
        52          8          0          0          0          0   __scatter.o
        26          0          0          0          0          0   __scatter_copy.o
        28          0          0          0          0          0   __scatter_zi.o
        28          0          0          0          0         68   _chval.o
         0          0         12          0          0          0   _monlen.o
         6          0          0          0          0          0   _printf_a.o
         6          0          0          0          0          0   _printf_c.o
        44          0          0          0          0        108   _printf_char.o
        48          6          0          0          0         96   _printf_char_common.o
        36          4          0          0          0         80   _printf_char_file.o
        40          0          0          0          0         68   _printf_charcount.o
         6          0          0          0          0          0   _printf_d.o
       116         16          0          0          0         92   _printf_dec.o
         6          0          0          0          0          0   _printf_e.o
         6          0          0          0          0          0   _printf_f.o
      1046          0          0          0          0        216   _printf_fp_dec.o
       760         10         38          0          0        100   _printf_fp_hex.o
       128         16          0          0          0         84   _printf_fp_infnan.o
         6          0          0          0          0          0   _printf_g.o
       148          4         40          0          0        160   _printf_hex_int_ll_ptr.o
         6          0          0          0          0          0   _printf_i.o
       178          0          0          0          0         88   _printf_intcommon.o
        10          0          0          0          0          0   _printf_l.o
         6          0          0          0          0          0   _printf_lc.o
        10          0          0          0          0          0   _printf_ll.o
         6          0          0          0          0          0   _printf_lld.o
         6          0          0          0          0          0   _printf_lli.o
         6          0          0          0          0          0   _printf_llo.o
         6          0          0          0          0          0   _printf_llu.o
         6          0          0          0          0          0   _printf_llx.o
       120         16          0          0          0         92   _printf_longlong_dec.o
         6          0          0          0          0          0   _printf_ls.o
         6          0          0          0          0          0   _printf_n.o
         6          0          0          0          0          0   _printf_o.o
       112          8          0          0          0        124   _printf_oct_int_ll.o
         6          0          0          0          0          0   _printf_p.o
        78          0          0          0          0        108   _printf_pad.o
         0          0          0          0          0          0   _printf_percent.o
         4          0          0          0          0          0   _printf_percent_end.o
         6          0          0          0          0          0   _printf_s.o
        82          0          0          0          0         80   _printf_str.o
        36          0          0          0          0         84   _printf_truncate.o
         6          0          0          0          0          0   _printf_u.o
        44          0          0          0          0        108   _printf_wchar.o
       188          6          8          0          0         92   _printf_wctomb.o
         6          0          0          0          0          0   _printf_x.o
       876          4          0          0          0        100   _scanf.o
       332          0          0          0          0         96   _scanf_int.o
        64          0          0          0          0         84   _sgetc.o
        10          0          0          0          0         68   _sputc.o
       158          0          0          0          0         92   _strtoul.o
        64          0          0          0          0         92   _wcrtomb.o
        16          0          0          0          0         72   abort.o
       216          4        148          0          0         96   bigflt0.o
      1910        128          0          0          0        672   btod.o
        10          0          0          0          0         68   c89vfprintf.o
        48         34          0          0          0         76   defsig_abrt_inner.o
        14          0          0          0          0         80   defsig_abrt_outer.o
        10          0          0          0          0         68   defsig_exit.o
        50          0          0          0          0         88   defsig_general.o
        48         34          0          0          0         76   defsig_pvfn_inner.o
        14          0          0          0          0         80   defsig_pvfn_outer.o
        80         58          0          0          0         76   defsig_rtmem_inner.o
        14          0          0          0          0         80   defsig_rtmem_outer.o
        52         38          0          0          0         76   defsig_rtred_inner.o
        14          0          0          0          0         80   defsig_rtred_outer.o
        76          0          0          0          0         88   fclose.o
         8          0          0          0          0         68   feof.o
         8          0          0          0          0         68   ferror.o
       100          4          0          0          0        120   fflush.o
        24          0          0          0          0         68   fgetc.o
       570          0          0          0          0        132   filbuf.o
       470          0          0          0          0         88   flsbuf.o
        56          6          0          0          0         80   flushlinebuffered.o
       236          4          0          0          0        128   fopen.o
        26          0          0          0          0         68   fputc.o
       248          6          0          0          0         84   fseek.o
        66          0          0          0          0         76   ftell.o
       188          0          0          0          0         88   fwritefast.o
        94          0          0          0          0         80   h1_alloc.o
        52          0          0          0          0         68   h1_extend.o
        78          0          0          0          0         80   h1_free.o
        14          0          0          0          0         84   h1_init.o
        80          6          0          4          0         96   heapauxa.o
         4          0          0          0          0        136   hguard.o
         0          0          0          0          0          0   indicate_semi.o
        36         10          0          0          0         80   init_aeabi.o
       138          0          0          0          0        168   init_alloc.o
       312         46          0          0          0        112   initio.o
        18          0          0          0          0         76   isspace.o
        44         10        272          0          0         76   lc_ctype_c.o
        44         10         28          0          0         76   lc_numeric_c.o
         2          0          0          0          0          0   libinit.o
        46          0          0          0          0          0   libinit2.o
         6          0          0          0          0          0   libshutdown2.o
       138          0          0          0          0         80   lludiv10.o
        12          6          0          0         44         68   localtime.o
       164          6          0          0          0         80   localtime_internal.o
         0          0          0          0          0          0   maybetermalloc1.o
       420         10          0          0          0        128   mktime.o
        16          4          0          0          0         76   rt_ctype_table.o
         8          4          0          0          4         68   rt_ddtor_pointer_addr.o
         8          4          0          0          4         68   rt_eh_globals_addr.o
         8          4          0          0          4         68   rt_errno_addr.o
         8          4          0          0          4         68   rt_heap_descriptor.o
         8          4          0          0         20         68   rt_locale.o
        68          0          0          0          0         68   rt_memclr.o
        78          0          0          0          0         80   rt_memclr_w.o
       138          0          0          0          0         68   rt_memcpy_v6.o
       100          0          0          0          0         80   rt_memcpy_w.o
       122          0          0          0          0         80   rt_memmove_w.o
         8          4          0          0          4         68   rt_new_handler_addr.o
         0          0          0          0          0          0   rtentry.o
        12          0          0          0          0          0   rtentry2.o
         6          0          0          0          0          0   rtentry4.o
        44          8          0          0          0         84   scanf_char.o
        20          0          0          0          0         68   setbuf.o
        70          0          0          0          0         80   setvbuf.o
       240          6          0          0          0        156   stdio.o
         0          0          0         12        252          0   stdio_streams.o
       128          0          0          0          0         68   strcmpv7m.o
        72          0          0          0          0         80   strcpy.o
        32          0          0          0          0         80   strcspn.o
        62          0          0          0          0         76   strlen.o
       150          0          0          0          0         80   strncmp.o
        86          0          0          0          0         76   strncpy.o
        28          0          0          0          0         80   strspn.o
        12          6          0          4          0         68   strtok.o
        68          4          0          0          0         84   strtok_int.o
       114          0          0          0          0         92   strtoul.o
        12          4          0          0          0         68   sys_exit.o
        14          0          0          0          0         76   sys_wrch.o
         2          0          0          0          0         68   use_no_semi.o
        10          0          0          0          0         68   vfprintf.o
        50          0          0          0          0         84   aeabi_atexit.o
        36          0          0          0          0         84   aeabi_vec_ctor_nocookie_nodtor.o
        80         12          0          0          0        104   arm_exceptions_globs.o
        60          0          0          0          0        108   arm_exceptions_mem.o
        26          0          0          0          0         76   arm_exceptions_terminate.o
         4          0          0          0          0         68   arm_newhandler_noexceptions.o
         8          0          0          0          0         76   array_new.o
        66          0          0          0          0         84   cxa_finalize.o
         8          0          0          0          0         76   delete.o
        40          6          0          0          0         76   new.o
         6          0          0          0          0         68   pure_virt.o
       826         16          0          0          0        348   daddsub_clz.o
        24          0          0          0          0         68   dcmpi.o
       688        140          0          0          0        208   ddiv.o
        94          4          0          0          0         92   dfix.o
        90          4          0          0          0         92   dfixu.o
        38          0          0          0          0         68   dflt_clz.o
       120          4          0          0          0         92   dleqf.o
       340         12          0          0          0        104   dmul.o
       156          4          0          0          0         92   dnaninf.o
        12          0          0          0          0         68   dretinf.o
       108          0          0          0          0         80   drleqf.o
        86          4          0          0          0         84   f2d.o
       430          8          0          0          0        168   faddsub_clz.o
       388         76          0          0          0         96   fdiv.o
        62          4          0          0          0         84   ffixu.o
        86          0          0          0          0        136   fflt_clz.o
       258          4          0          0          0         84   fmul.o
       140          4          0          0          0         84   fnaninf.o
        10          0          0          0          0         68   fretinf.o
         4          0          0          0          0         68   printf1.o
         4          0          0          0          0         68   printf2.o
         0          0          0          0          0          0   usenofp.o
       220         16          0          0          0         84   floor.o
        40          0          0          0          0         68   fpclassify.o
       188         28         16          4          0        420   FileBase.o
        54         10         60          0          0        156   FileLike.o
       154          0          0          0          0        440   FilePath.o
       134         12         72          0          0        576   FileSystemLike.o
        42          0          0          0          0        204   FunctionPointer.o
       180         18          0          4          0        252   I2C.o
       160         16         20          4          0        248   SPI.o
        60          4         92          0          0        288   Serial.o
       188         14         16          0          0        604   SerialBase.o
       270         16         68          0          0        860   Stream.o
        98          6         20          0          0        248   Ticker.o
        78          0          0          0          0        232   Timer.o
        80         16         20          0          0        356   TimerEvent.o
       360         58        214          0          0        172   analogin_api.o
        80         56          0          0          0         80   assert.o
        24          4          0          0          0         80   error.o
        44          8          0          0          0         72   exit.o
       186         12        128          0          0        268   gpio.o
       142         28        124          0          0        228   gpio_api.o
       988         66        253          0          0        412   i2c_api.o
         4          0          0          0          0         68   mbed_interface.o
       224         58        100          0          0        160   pinmap.o
       254         76          0          0          0        308   pinmap_common.o
       328         56        284         32          0        176   pwmout_api.o
       172         26          0          0          0        292   rtc_api.o
        34          0          0          0          0         80   rtc_time.o
        28          6          0          0          0        144   semihost_api.o
      1874        190        732         16        224       1200   serial_api.o
       654         66        444          0          0        356   spi_api.o
       244         64          0          4          0        356   us_ticker.o
       204         20          0          8          0        320   us_ticker_api.o
        52          0          0          0          0        160   wait_api.o

    ----------------------------------------------------------------------
     25892       1844       3236         92        560      22628   Library Totals
        62          0         10          0          0          0   (incl. Padding)

    ----------------------------------------------------------------------

      Code (inc. data)   RO Data    RW Data    ZI Data      Debug   Library Name

     13640        592        563         20        336       9504   c_w.l
       384         18          0          0          0        904   cpprt_w.l
      3964        284          0          0          0       2252   fz_ws.l
       260         16          0          0          0        152   m_ws.l
      7582        934       2663         72        224       9816   mbed.ar

    ----------------------------------------------------------------------
     25892       1844       3236         92        560      22628   Library Totals

    ----------------------------------------------------------------------

==============================================================================


      Code (inc. data)   RO Data    RW Data    ZI Data      Debug   

     71460       6238     156788      10128      35908     337327   Grand Totals
     71460       6238     156788       2780      35908     337327   ELF Image Totals (compressed)
     71460       6238     156788       2780          0          0   ROM Totals

==============================================================================

    Total RO  Size (Code + RO Data)               228248 ( 222.90kB)
    Total RW  Size (RW Data + ZI Data)             46036 (  44.96kB)
    Total ROM Size (Code + RO Data + RW Data)     231028 ( 225.61kB)

==============================================================================

