<!doctype html public "-//w3c//dtd html 4.0 transitional//en">
<html><head>
<title>Static Call Graph - [.\build\SerialCamera_DemoCode_OJ_OV528.axf]</title></head>
<body><HR>
<H1>Static Call Graph for image .\build\SerialCamera_DemoCode_OJ_OV528.axf</H1><HR>
<BR><P>#&#060CALLGRAPH&#062# ARM Linker, 5040049: Last Updated: Wed Oct 28 08:26:50 2015
<BR><P>
<H3>Maximum Stack Usage =       1792 bytes + Unknown(Cycles, Untraceable Function Pointers)</H3><H3>
Call chain for Maximum Stack Depth:</H3>
__rt_entry_main &rArr; main &rArr; $Super$$main &rArr; cmd_findvalidfilename(unsigned char*, unsigned char) &rArr; mbed::Stream::printf(const char*, ...) &rArr; fflush &rArr; _do_fflush &rArr; _fflush &rArr; _writebuf &rArr; _sys_write &rArr; serial_init &rArr; serial_set_flow_control &rArr; gpio_init_out_ex &rArr; gpio_init &rArr; pin_function &rArr; mbed_assert_internal &rArr;  mbed_die (Cycle)
<P>
<H3>
Mutually Recursive functions
</H3> <LI><a href="#[29f]">mbed_assert_internal</a>&nbsp;&nbsp;&nbsp;&rArr;&nbsp;&nbsp;&nbsp;<a href="#[2d7]">mbed_die</a><BR>
 <LI><a href="#[2e2]">pinmap_merge</a>&nbsp;&nbsp;&nbsp;&rArr;&nbsp;&nbsp;&nbsp;<a href="#[134]">error</a><BR>
 <LI><a href="#[2d3]">pinmap_pinout</a>&nbsp;&nbsp;&nbsp;&rArr;&nbsp;&nbsp;&nbsp;<a href="#[134]">error</a><BR>
 <LI><a href="#[2d2]">pinmap_peripheral</a>&nbsp;&nbsp;&nbsp;&rArr;&nbsp;&nbsp;&nbsp;<a href="#[134]">error</a><BR>
 <LI><a href="#[29]">NMI_Handler</a>&nbsp;&nbsp;&nbsp;&rArr;&nbsp;&nbsp;&nbsp;<a href="#[29]">NMI_Handler</a><BR>
 <LI><a href="#[2a]">HardFault_Handler</a>&nbsp;&nbsp;&nbsp;&rArr;&nbsp;&nbsp;&nbsp;<a href="#[2a]">HardFault_Handler</a><BR>
 <LI><a href="#[2b]">MemManage_Handler</a>&nbsp;&nbsp;&nbsp;&rArr;&nbsp;&nbsp;&nbsp;<a href="#[2b]">MemManage_Handler</a><BR>
 <LI><a href="#[2c]">BusFault_Handler</a>&nbsp;&nbsp;&nbsp;&rArr;&nbsp;&nbsp;&nbsp;<a href="#[2c]">BusFault_Handler</a><BR>
 <LI><a href="#[2d]">UsageFault_Handler</a>&nbsp;&nbsp;&nbsp;&rArr;&nbsp;&nbsp;&nbsp;<a href="#[2d]">UsageFault_Handler</a><BR>
 <LI><a href="#[2e]">SVC_Handler</a>&nbsp;&nbsp;&nbsp;&rArr;&nbsp;&nbsp;&nbsp;<a href="#[2e]">SVC_Handler</a><BR>
 <LI><a href="#[2f]">DebugMon_Handler</a>&nbsp;&nbsp;&nbsp;&rArr;&nbsp;&nbsp;&nbsp;<a href="#[2f]">DebugMon_Handler</a><BR>
 <LI><a href="#[30]">PendSV_Handler</a>&nbsp;&nbsp;&nbsp;&rArr;&nbsp;&nbsp;&nbsp;<a href="#[30]">PendSV_Handler</a><BR>
 <LI><a href="#[31]">SysTick_Handler</a>&nbsp;&nbsp;&nbsp;&rArr;&nbsp;&nbsp;&nbsp;<a href="#[31]">SysTick_Handler</a><BR>
 <LI><a href="#[48]">ADC_IRQHandler</a>&nbsp;&nbsp;&nbsp;&rArr;&nbsp;&nbsp;&nbsp;<a href="#[48]">ADC_IRQHandler</a><BR>
</UL>
<P>
<H3>
Function Pointers
</H3><UL>
 <LI><a href="#[64]">&lang;Func1&rang;</a> from SerialBase.o(i.<Func1>) referenced from SerialBase.o(i._ZN4mbed10SerialBaseC1E7PinNameS1_)
 <LI><a href="#[48]">ADC_IRQHandler</a> from startup_LPC17xx.o(.text) referenced from startup_LPC17xx.o(RESET)
 <LI><a href="#[49]">BOD_IRQHandler</a> from startup_LPC17xx.o(.text) referenced from startup_LPC17xx.o(RESET)
 <LI><a href="#[2c]">BusFault_Handler</a> from startup_LPC17xx.o(.text) referenced from startup_LPC17xx.o(RESET)
 <LI><a href="#[4b]">CAN_IRQHandler</a> from startup_LPC17xx.o(.text) referenced from startup_LPC17xx.o(RESET)
 <LI><a href="#[4c]">DMA_IRQHandler</a> from startup_LPC17xx.o(.text) referenced from startup_LPC17xx.o(RESET)
 <LI><a href="#[2f]">DebugMon_Handler</a> from startup_LPC17xx.o(.text) referenced from startup_LPC17xx.o(RESET)
 <LI><a href="#[44]">EINT0_IRQHandler</a> from startup_LPC17xx.o(.text) referenced from startup_LPC17xx.o(RESET)
 <LI><a href="#[45]">EINT1_IRQHandler</a> from startup_LPC17xx.o(.text) referenced from startup_LPC17xx.o(RESET)
 <LI><a href="#[46]">EINT2_IRQHandler</a> from startup_LPC17xx.o(.text) referenced from startup_LPC17xx.o(RESET)
 <LI><a href="#[47]">EINT3_IRQHandler</a> from startup_LPC17xx.o(.text) referenced from startup_LPC17xx.o(RESET)
 <LI><a href="#[4e]">ENET_IRQHandler</a> from startup_LPC17xx.o(.text) referenced from startup_LPC17xx.o(RESET)
 <LI><a href="#[2a]">HardFault_Handler</a> from startup_LPC17xx.o(.text) referenced from startup_LPC17xx.o(RESET)
 <LI><a href="#[3c]">I2C0_IRQHandler</a> from startup_LPC17xx.o(.text) referenced from startup_LPC17xx.o(RESET)
 <LI><a href="#[3d]">I2C1_IRQHandler</a> from startup_LPC17xx.o(.text) referenced from startup_LPC17xx.o(RESET)
 <LI><a href="#[3e]">I2C2_IRQHandler</a> from startup_LPC17xx.o(.text) referenced from startup_LPC17xx.o(RESET)
 <LI><a href="#[4d]">I2S_IRQHandler</a> from startup_LPC17xx.o(.text) referenced from startup_LPC17xx.o(RESET)
 <LI><a href="#[50]">MCPWM_IRQHandler</a> from startup_LPC17xx.o(.text) referenced from startup_LPC17xx.o(RESET)
 <LI><a href="#[2b]">MemManage_Handler</a> from startup_LPC17xx.o(.text) referenced from startup_LPC17xx.o(RESET)
 <LI><a href="#[29]">NMI_Handler</a> from startup_LPC17xx.o(.text) referenced from startup_LPC17xx.o(RESET)
 <LI><a href="#[42]">PLL0_IRQHandler</a> from startup_LPC17xx.o(.text) referenced from startup_LPC17xx.o(RESET)
 <LI><a href="#[52]">PLL1_IRQHandler</a> from startup_LPC17xx.o(.text) referenced from startup_LPC17xx.o(RESET)
 <LI><a href="#[3b]">PWM1_IRQHandler</a> from startup_LPC17xx.o(.text) referenced from startup_LPC17xx.o(RESET)
 <LI><a href="#[30]">PendSV_Handler</a> from startup_LPC17xx.o(.text) referenced from startup_LPC17xx.o(RESET)
 <LI><a href="#[51]">QEI_IRQHandler</a> from startup_LPC17xx.o(.text) referenced from startup_LPC17xx.o(RESET)
 <LI><a href="#[4f]">RIT_IRQHandler</a> from startup_LPC17xx.o(.text) referenced from startup_LPC17xx.o(RESET)
 <LI><a href="#[43]">RTC_IRQHandler</a> from startup_LPC17xx.o(.text) referenced from startup_LPC17xx.o(RESET)
 <LI><a href="#[28]">Reset_Handler</a> from startup_LPC17xx.o(.text) referenced from startup_LPC17xx.o(RESET)
 <LI><a href="#[3f]">SPI_IRQHandler</a> from startup_LPC17xx.o(.text) referenced from startup_LPC17xx.o(RESET)
 <LI><a href="#[40]">SSP0_IRQHandler</a> from startup_LPC17xx.o(.text) referenced from startup_LPC17xx.o(RESET)
 <LI><a href="#[41]">SSP1_IRQHandler</a> from startup_LPC17xx.o(.text) referenced from startup_LPC17xx.o(RESET)
 <LI><a href="#[2e]">SVC_Handler</a> from startup_LPC17xx.o(.text) referenced from startup_LPC17xx.o(RESET)
 <LI><a href="#[31]">SysTick_Handler</a> from startup_LPC17xx.o(.text) referenced from startup_LPC17xx.o(RESET)
 <LI><a href="#[59]">SystemInit</a> from system_LPC17xx.o(i.SystemInit) referenced from startup_LPC17xx.o(.text)
 <LI><a href="#[33]">TIMER0_IRQHandler</a> from startup_LPC17xx.o(.text) referenced from startup_LPC17xx.o(RESET)
 <LI><a href="#[34]">TIMER1_IRQHandler</a> from startup_LPC17xx.o(.text) referenced from startup_LPC17xx.o(RESET)
 <LI><a href="#[35]">TIMER2_IRQHandler</a> from startup_LPC17xx.o(.text) referenced from startup_LPC17xx.o(RESET)
 <LI><a href="#[36]">TIMER3_IRQHandler</a> from startup_LPC17xx.o(.text) referenced from startup_LPC17xx.o(RESET)
 <LI><a href="#[37]">UART0_IRQHandler</a> from startup_LPC17xx.o(.text) referenced from startup_LPC17xx.o(RESET)
 <LI><a href="#[38]">UART1_IRQHandler</a> from startup_LPC17xx.o(.text) referenced from startup_LPC17xx.o(RESET)
 <LI><a href="#[39]">UART2_IRQHandler</a> from startup_LPC17xx.o(.text) referenced from startup_LPC17xx.o(RESET)
 <LI><a href="#[3a]">UART3_IRQHandler</a> from startup_LPC17xx.o(.text) referenced from startup_LPC17xx.o(RESET)
 <LI><a href="#[4a]">USB_IRQHandler</a> from startup_LPC17xx.o(.text) referenced from startup_LPC17xx.o(RESET)
 <LI><a href="#[2d]">UsageFault_Handler</a> from startup_LPC17xx.o(.text) referenced from startup_LPC17xx.o(RESET)
 <LI><a href="#[32]">WDT_IRQHandler</a> from startup_LPC17xx.o(.text) referenced from startup_LPC17xx.o(RESET)
 <LI><a href="#[11]">cmd_remove(unsigned char*, unsigned char)</a> from command.o(.text) referenced 2 times from command.o(.data)
 <LI><a href="#[23]">cmd_display(unsigned char*, unsigned char)</a> from command.o(.text) referenced 2 times from command.o(.data)
 <LI><a href="#[1f]">cmd_drawdot(unsigned char*, unsigned char)</a> from command.o(.text) referenced 2 times from command.o(.data)
 <LI><a href="#[16]">cmd_printer(unsigned char*, unsigned char)</a> from command.o(.text) referenced 2 times from command.o(.data)
 <LI><a href="#[1c]">cmd_setfont(unsigned char*, unsigned char)</a> from command.o(.text) referenced 2 times from command.o(.data)
 <LI><a href="#[1c9]">flushBImage(int, int, unsigned char*)</a> from command.o(.text) referenced from command.o(.text)
 <LI><a href="#[168]">RxIntHandler()</a> from serial_camera.o(.text) referenced from serial_camera.o(.text)
 <LI><a href="#[1e]">cmd_drawchar(unsigned char*, unsigned char)</a> from command.o(.text) referenced 2 times from command.o(.data)
 <LI><a href="#[20]">cmd_drawicon(unsigned char*, unsigned char)</a> from command.o(.text) referenced 2 times from command.o(.data)
 <LI><a href="#[21]">cmd_drawmenu(unsigned char*, unsigned char)</a> from command.o(.text) referenced 2 times from command.o(.data)
 <LI><a href="#[1b]">cmd_drawrect(unsigned char*, unsigned char)</a> from command.o(.text) referenced 2 times from command.o(.data)
 <LI><a href="#[10]">cmd_helpinfo(unsigned char*, unsigned char)</a> from command.o(.text) referenced 2 times from command.o(.data)
 <LI><a href="#[12]">cmd_removeall(unsigned char*, unsigned char)</a> from command.o(.text) referenced 2 times from command.o(.data)
 <LI><a href="#[14]">cmd_takephoto(unsigned char*, unsigned char)</a> from command.o(.text) referenced 2 times from command.o(.data)
 <LI><a href="#[26]">cmd_drawcircle(unsigned char*, unsigned char)</a> from command.o(.text) referenced 2 times from command.o(.data)
 <LI><a href="#[1d]">cmd_drawstring(unsigned char*, unsigned char)</a> from command.o(.text) referenced 2 times from command.o(.data)
 <LI><a href="#[25]">cmd_setdismode(unsigned char*, unsigned char)</a> from command.o(.text) referenced 2 times from command.o(.data)
 <LI><a href="#[17]">cmd_convert1bpp(unsigned char*, unsigned char)</a> from command.o(.text) referenced 2 times from command.o(.data)
 <LI><a href="#[18]">cmd_convert2bmp(unsigned char*, unsigned char)</a> from command.o(.text) referenced 2 times from command.o(.data)
 <LI><a href="#[15]">cmd_takepicture(unsigned char*, unsigned char)</a> from command.o(.text) referenced 2 times from command.o(.data)
 <LI><a href="#[1a]">cmd_browseSDcard(unsigned char*, unsigned char)</a> from command.o(.text) referenced 2 times from command.o(.data)
 <LI><a href="#[24]">cmd_cleardisplay(unsigned char*, unsigned char)</a> from command.o(.text) referenced 2 times from command.o(.data)
 <LI><a href="#[27]">cmd_writedisplay(unsigned char*, unsigned char)</a> from command.o(.text) referenced 2 times from command.o(.data)
 <LI><a href="#[19]">cmd_convertbimage(unsigned char*, unsigned char)</a> from command.o(.text) referenced 2 times from command.o(.data)
 <LI><a href="#[22]">cmd_getbuttonevent(unsigned char*, unsigned char)</a> from command.o(.text) referenced 2 times from command.o(.data)
 <LI><a href="#[1ae]">joystick_Int_Handler()</a> from joystick.o(.text) referenced from joystick.o(.text)
 <LI><a href="#[67]">__default_new_handler()</a> from arm_newhandler_noexceptions.o(.text) referenced from new.o(i._Znwj)
 <LI><a href="#[13]">cmd_findvalidfilename(unsigned char*, unsigned char)</a> from command.o(.text) referenced 2 times from command.o(.data)
 <LI><a href="#[63]">__default_terminate_handler()</a> from arm_exceptions_globs.o(.text) referenced from arm_exceptions_globs.o(.text)
 <LI><a href="#[1d5]">flushRGB(int, int, unsigned char*)</a> from command.o(.text) referenced from command.o(.text)
 <LI><a href="#[57]">donothing(__package_info*)</a> from serial_camera.o(.text) referenced from command.o(.text)
 <LI><a href="#[1d3]">flush1BPP(int, int, unsigned char*)</a> from command.o(.text) referenced from command.o(.text)
 <LI><a href="#[7a]">TextDisplay::background(unsigned short)</a> from textdisplay.o(.text) referenced from textdisplay.o(.constdata__ZTV11TextDisplay)
 <LI><a href="#[7a]">TextDisplay::background(unsigned short)</a> from textdisplay.o(.text) referenced from graphicsdisplay.o(.constdata__ZTV15GraphicsDisplay)
 <LI><a href="#[7a]">TextDisplay::background(unsigned short)</a> from textdisplay.o(.text) referenced from eaepaper.o(.constdata__ZTV8EaEpaper)
 <LI><a href="#[79]">TextDisplay::foreground(unsigned short)</a> from textdisplay.o(.text) referenced from textdisplay.o(.constdata__ZTV11TextDisplay)
 <LI><a href="#[79]">TextDisplay::foreground(unsigned short)</a> from textdisplay.o(.text) referenced from graphicsdisplay.o(.constdata__ZTV15GraphicsDisplay)
 <LI><a href="#[79]">TextDisplay::foreground(unsigned short)</a> from textdisplay.o(.text) referenced from eaepaper.o(.constdata__ZTV8EaEpaper)
 <LI><a href="#[77]">TextDisplay::cls()</a> from textdisplay.o(.text) referenced from textdisplay.o(.constdata__ZTV11TextDisplay)
 <LI><a href="#[75]">TextDisplay::_getc()</a> from textdisplay.o(.text) referenced from textdisplay.o(.constdata__ZTV11TextDisplay)
 <LI><a href="#[75]">TextDisplay::_getc()</a> from textdisplay.o(.text) referenced from graphicsdisplay.o(.constdata__ZTV15GraphicsDisplay)
 <LI><a href="#[75]">TextDisplay::_getc()</a> from textdisplay.o(.text) referenced from eaepaper.o(.constdata__ZTV8EaEpaper)
 <LI><a href="#[74]">TextDisplay::_putc(int)</a> from textdisplay.o(.text) referenced from textdisplay.o(.constdata__ZTV11TextDisplay)
 <LI><a href="#[74]">TextDisplay::_putc(int)</a> from textdisplay.o(.text) referenced from graphicsdisplay.o(.constdata__ZTV15GraphicsDisplay)
 <LI><a href="#[76]">TextDisplay::claim(std::__FILE*)</a> from textdisplay.o(.text) referenced from textdisplay.o(.constdata__ZTV11TextDisplay)
 <LI><a href="#[76]">TextDisplay::claim(std::__FILE*)</a> from textdisplay.o(.text) referenced from graphicsdisplay.o(.constdata__ZTV15GraphicsDisplay)
 <LI><a href="#[76]">TextDisplay::claim(std::__FILE*)</a> from textdisplay.o(.text) referenced from eaepaper.o(.constdata__ZTV8EaEpaper)
 <LI><a href="#[78]">TextDisplay::locate(int, int)</a> from textdisplay.o(.text) referenced from textdisplay.o(.constdata__ZTV11TextDisplay)
 <LI><a href="#[78]">TextDisplay::locate(int, int)</a> from textdisplay.o(.text) referenced from graphicsdisplay.o(.constdata__ZTV15GraphicsDisplay)
 <LI><a href="#[7c]">FATDirHandle::readdir()</a> from fatdirhandle.o(.text) referenced from fatdirhandle.o(.constdata__ZTV12FATDirHandle)
 <LI><a href="#[7f]">FATDirHandle::seekdir(long)</a> from fatdirhandle.o(.text) referenced from fatdirhandle.o(.constdata__ZTV12FATDirHandle)
 <LI><a href="#[7e]">FATDirHandle::telldir()</a> from fatdirhandle.o(.text) referenced from fatdirhandle.o(.constdata__ZTV12FATDirHandle)
 <LI><a href="#[7b]">FATDirHandle::closedir()</a> from fatdirhandle.o(.text) referenced from fatdirhandle.o(.constdata__ZTV12FATDirHandle)
 <LI><a href="#[7d]">FATDirHandle::rewinddir()</a> from fatdirhandle.o(.text) referenced from fatdirhandle.o(.constdata__ZTV12FATDirHandle)
 <LI><a href="#[81]">FATDirHandle::~FATDirHandle__deallocating()</a> from fatdirhandle.o(i._ZN12FATDirHandleD0Ev) referenced from fatdirhandle.o(.constdata__ZTV12FATDirHandle)
 <LI><a href="#[80]">FATDirHandle::~FATDirHandle()</a> from fatdirhandle.o(i._ZN12FATDirHandleD1Ev) referenced from fatdirhandle.o(.constdata__ZTV12FATDirHandle)
 <LI><a href="#[8a]">SDFileSystem::disk_write(const unsigned char*, unsigned long long)</a> from sdfilesystem.o(.text) referenced from sdfilesystem.o(.constdata__ZTV12SDFileSystem)
 <LI><a href="#[88]">SDFileSystem::disk_status()</a> from sdfilesystem.o(.text) referenced from sdfilesystem.o(.constdata__ZTV12SDFileSystem)
 <LI><a href="#[8c]">SDFileSystem::disk_sectors()</a> from sdfilesystem.o(.text) referenced from sdfilesystem.o(.constdata__ZTV12SDFileSystem)
 <LI><a href="#[87]">SDFileSystem::disk_initialize()</a> from sdfilesystem.o(.text) referenced from sdfilesystem.o(.constdata__ZTV12SDFileSystem)
 <LI><a href="#[89]">SDFileSystem::disk_read(unsigned char*, unsigned long long)</a> from sdfilesystem.o(.text) referenced from sdfilesystem.o(.constdata__ZTV12SDFileSystem)
 <LI><a href="#[8b]">SDFileSystem::disk_sync()</a> from sdfilesystem.o(.text) referenced from sdfilesystem.o(.constdata__ZTV12SDFileSystem)
 <LI><a href="#[53]">SDFileSystem::~SDFileSystem()</a> from main.o(i._ZN12SDFileSystemD1Ev) referenced from sdfilesystem.o(.constdata__ZTV12SDFileSystem)
 <LI><a href="#[53]">SDFileSystem::~SDFileSystem()</a> from main.o(i._ZN12SDFileSystemD1Ev) referenced from main.o(.text)
 <LI><a href="#[93]">FATFileHandle::flen()</a> from fatfilehandle.o(.text) referenced from fatfilehandle.o(.constdata__ZTV13FATFileHandle)
 <LI><a href="#[8f]">FATFileHandle::read(void*, unsigned)</a> from fatfilehandle.o(.text) referenced from fatfilehandle.o(.constdata__ZTV13FATFileHandle)
 <LI><a href="#[8e]">FATFileHandle::close()</a> from fatfilehandle.o(.text) referenced from fatfilehandle.o(.constdata__ZTV13FATFileHandle)
 <LI><a href="#[92]">FATFileHandle::fsync()</a> from fatfilehandle.o(.text) referenced from fatfilehandle.o(.constdata__ZTV13FATFileHandle)
 <LI><a href="#[91]">FATFileHandle::lseek(long, int)</a> from fatfilehandle.o(.text) referenced from fatfilehandle.o(.constdata__ZTV13FATFileHandle)
 <LI><a href="#[8d]">FATFileHandle::write(const void*, unsigned)</a> from fatfilehandle.o(.text) referenced from fatfilehandle.o(.constdata__ZTV13FATFileHandle)
 <LI><a href="#[90]">FATFileHandle::isatty()</a> from fatfilehandle.o(.text) referenced from fatfilehandle.o(.constdata__ZTV13FATFileHandle)
 <LI><a href="#[95]">FATFileHandle::~FATFileHandle__deallocating()</a> from fatfilehandle.o(i._ZN13FATFileHandleD0Ev) referenced from fatfilehandle.o(.constdata__ZTV13FATFileHandle)
 <LI><a href="#[94]">FATFileHandle::~FATFileHandle()</a> from fatfilehandle.o(i._ZN13FATFileHandleD1Ev) referenced from fatfilehandle.o(.constdata__ZTV13FATFileHandle)
 <LI><a href="#[99]">FATFileSystem::disk_status()</a> from fatfilesystem.o(i._ZN13FATFileSystem11disk_statusEv) referenced from fatfilesystem.o(.constdata__ZTV13FATFileSystem)
 <LI><a href="#[98]">FATFileSystem::disk_initialize()</a> from fatfilesystem.o(i._ZN13FATFileSystem15disk_initializeEv) referenced from fatfilesystem.o(.constdata__ZTV13FATFileSystem)
 <LI><a href="#[82]">FATFileSystem::open(const char*, int)</a> from fatfilesystem.o(.text) referenced from sdfilesystem.o(.constdata__ZTV12SDFileSystem)
 <LI><a href="#[82]">FATFileSystem::open(const char*, int)</a> from fatfilesystem.o(.text) referenced from fatfilesystem.o(.constdata__ZTV13FATFileSystem)
 <LI><a href="#[85]">FATFileSystem::mkdir(const char*, int)</a> from fatfilesystem.o(.text) referenced from sdfilesystem.o(.constdata__ZTV12SDFileSystem)
 <LI><a href="#[85]">FATFileSystem::mkdir(const char*, int)</a> from fatfilesystem.o(.text) referenced from fatfilesystem.o(.constdata__ZTV13FATFileSystem)
 <LI><a href="#[86]">FATFileSystem::format()</a> from fatfilesystem.o(.text) referenced from sdfilesystem.o(.constdata__ZTV12SDFileSystem)
 <LI><a href="#[86]">FATFileSystem::format()</a> from fatfilesystem.o(.text) referenced from fatfilesystem.o(.constdata__ZTV13FATFileSystem)
 <LI><a href="#[83]">FATFileSystem::remove(const char*)</a> from fatfilesystem.o(.text) referenced from sdfilesystem.o(.constdata__ZTV12SDFileSystem)
 <LI><a href="#[83]">FATFileSystem::remove(const char*)</a> from fatfilesystem.o(.text) referenced from fatfilesystem.o(.constdata__ZTV13FATFileSystem)
 <LI><a href="#[84]">FATFileSystem::opendir(const char*)</a> from fatfilesystem.o(.text) referenced from sdfilesystem.o(.constdata__ZTV12SDFileSystem)
 <LI><a href="#[84]">FATFileSystem::opendir(const char*)</a> from fatfilesystem.o(.text) referenced from fatfilesystem.o(.constdata__ZTV13FATFileSystem)
 <LI><a href="#[9a]">FATFileSystem::disk_sync()</a> from fatfilesystem.o(i._ZN13FATFileSystem9disk_syncEv) referenced from fatfilesystem.o(.constdata__ZTV13FATFileSystem)
 <LI><a href="#[97]">FATFileSystem::~FATFileSystem__deallocating()</a> from fatfilesystem.o(.text) referenced from fatfilesystem.o(.constdata__ZTV13FATFileSystem)
 <LI><a href="#[96]">FATFileSystem::~FATFileSystem__sub_object()</a> from fatfilesystem.o(.text) referenced from fatfilesystem.o(.constdata__ZTV13FATFileSystem)
 <LI><a href="#[9e]">GraphicsDisplay::cls()</a> from graphicsdisplay.o(.text) referenced from graphicsdisplay.o(.constdata__ZTV15GraphicsDisplay)
 <LI><a href="#[a2]">GraphicsDisplay::blit(int, int, int, int, const int*)</a> from graphicsdisplay.o(.text) referenced from graphicsdisplay.o(.constdata__ZTV15GraphicsDisplay)
 <LI><a href="#[a2]">GraphicsDisplay::blit(int, int, int, int, const int*)</a> from graphicsdisplay.o(.text) referenced from eaepaper.o(.constdata__ZTV8EaEpaper)
 <LI><a href="#[a1]">GraphicsDisplay::fill(int, int, int, int, int)</a> from graphicsdisplay.o(.text) referenced from graphicsdisplay.o(.constdata__ZTV15GraphicsDisplay)
 <LI><a href="#[a1]">GraphicsDisplay::fill(int, int, int, int, int)</a> from graphicsdisplay.o(.text) referenced from eaepaper.o(.constdata__ZTV8EaEpaper)
 <LI><a href="#[a0]">GraphicsDisplay::putp(int)</a> from graphicsdisplay.o(.text) referenced from graphicsdisplay.o(.constdata__ZTV15GraphicsDisplay)
 <LI><a href="#[a0]">GraphicsDisplay::putp(int)</a> from graphicsdisplay.o(.text) referenced from eaepaper.o(.constdata__ZTV8EaEpaper)
 <LI><a href="#[9c]">GraphicsDisplay::rows()</a> from graphicsdisplay.o(.text) referenced from graphicsdisplay.o(.constdata__ZTV15GraphicsDisplay)
 <LI><a href="#[9f]">GraphicsDisplay::window(int, int, int, int)</a> from graphicsdisplay.o(.text) referenced from graphicsdisplay.o(.constdata__ZTV15GraphicsDisplay)
 <LI><a href="#[9f]">GraphicsDisplay::window(int, int, int, int)</a> from graphicsdisplay.o(.text) referenced from eaepaper.o(.constdata__ZTV8EaEpaper)
 <LI><a href="#[a3]">GraphicsDisplay::blitbit(int, int, int, int, const char*)</a> from graphicsdisplay.o(.text) referenced from graphicsdisplay.o(.constdata__ZTV15GraphicsDisplay)
 <LI><a href="#[a3]">GraphicsDisplay::blitbit(int, int, int, int, const char*)</a> from graphicsdisplay.o(.text) referenced from eaepaper.o(.constdata__ZTV8EaEpaper)
 <LI><a href="#[9d]">GraphicsDisplay::columns()</a> from graphicsdisplay.o(.text) referenced from graphicsdisplay.o(.constdata__ZTV15GraphicsDisplay)
 <LI><a href="#[9b]">GraphicsDisplay::character(int, int, int)</a> from graphicsdisplay.o(.text) referenced from graphicsdisplay.o(.constdata__ZTV15GraphicsDisplay)
 <LI><a href="#[58]">Adafruit_Thermal::~Adafruit_Thermal()</a> from command.o(i._ZN16Adafruit_ThermalD1Ev) referenced from adafruit_thermal.o(.constdata__ZTV16Adafruit_Thermal)
 <LI><a href="#[58]">Adafruit_Thermal::~Adafruit_Thermal()</a> from command.o(i._ZN16Adafruit_ThermalD1Ev) referenced from command.o(.text)
 <LI><a href="#[a8]">SimpleJpegDecode::outputMARK(unsigned char)</a> from simplejpegdecode.o(.text) referenced from simplejpegdecode.o(.constdata__ZTV16SimpleJpegDecode)
 <LI><a href="#[a9]">SimpleJpegDecode::outputBLOCK(int, int, signed char*)</a> from simplejpegdecode.o(.text) referenced from simplejpegdecode.o(.constdata__ZTV16SimpleJpegDecode)
 <LI><a href="#[a7]">SimpleJpegDecode::outputAC(int, int, int, int)</a> from simplejpegdecode.o(.text) referenced from simplejpegdecode.o(.constdata__ZTV16SimpleJpegDecode)
 <LI><a href="#[a6]">SimpleJpegDecode::outputDC(int, int, int)</a> from simplejpegdecode.o(.text) referenced from simplejpegdecode.o(.constdata__ZTV16SimpleJpegDecode)
 <LI><a href="#[b4]">mbed::FileHandle::flen()</a> from retarget.o(i._ZN4mbed10FileHandle4flenEv) referenced from retarget.o(.constdata__ZTVN4mbed10FileHandleE)
 <LI><a href="#[b4]">mbed::FileHandle::flen()</a> from retarget.o(i._ZN4mbed10FileHandle4flenEv) referenced from FileLike.o(.constdata__ZTVN4mbed8FileLikeE)
 <LI><a href="#[b5]">mbed::FileHandle::~FileHandle__sub_object()</a> from retarget.o(i._ZN4mbed10FileHandleD2Ev) referenced from retarget.o(.constdata__ZTVN4mbed10FileHandleE)
 <LI><a href="#[65]">mbed::SerialBase::_irq_handler(unsigned, SerialIrq)</a> from SerialBase.o(i._ZN4mbed10SerialBase12_irq_handlerEj9SerialIrq) referenced from SerialBase.o(i._ZN4mbed10SerialBaseC1E7PinNameS1_)
 <LI><a href="#[66]">mbed::TimerEvent::irq(unsigned)</a> from TimerEvent.o(i._ZN4mbed10TimerEvent3irqEj) referenced from TimerEvent.o(i._ZN4mbed10TimerEventC2Ev)
 <LI><a href="#[b6]">mbed::TimerEvent::~TimerEvent__sub_object()</a> from TimerEvent.o(i._ZN4mbed10TimerEventD2Ev) referenced from TimerEvent.o(.constdata__ZTVN4mbed10TimerEventE)
 <LI><a href="#[b8]">mbed::BaseDirHandle::readdir()</a> from FileSystemLike.o(i._ZN4mbed13BaseDirHandle7readdirEv) referenced from FileSystemLike.o(.constdata__ZTVN4mbed13BaseDirHandleE)
 <LI><a href="#[b7]">mbed::BaseDirHandle::closedir()</a> from FileSystemLike.o(i._ZN4mbed13BaseDirHandle8closedirEv) referenced from FileSystemLike.o(.constdata__ZTVN4mbed13BaseDirHandleE)
 <LI><a href="#[b9]">mbed::BaseDirHandle::~BaseDirHandle__deallocating()</a> from FileSystemLike.o(i._ZN4mbed13BaseDirHandleD0Ev) referenced from FileSystemLike.o(.constdata__ZTVN4mbed13BaseDirHandleE)
 <LI><a href="#[bb]">mbed::FileSystemLike::remove(const char*)</a> from FileSystemLike.o(i._ZN4mbed14FileSystemLike6removeEPKc) referenced from FileSystemLike.o(.constdata__ZTVN4mbed14FileSystemLikeE)
 <LI><a href="#[bc]">mbed::FileSystemLike::opendir(const char*)</a> from FileSystemLike.o(i._ZN4mbed14FileSystemLike7opendirEPKc) referenced from FileSystemLike.o(.constdata__ZTVN4mbed14FileSystemLikeE)
 <LI><a href="#[ba]">mbed::FileSystemLike::~FileSystemLike__sub_object()</a> from FileSystemLike.o(i._ZN4mbed14FileSystemLikeD2Ev) referenced from FileSystemLike.o(.constdata__ZTVN4mbed14FileSystemLikeE)
 <LI><a href="#[bd]">mbed::SPI::write(int)</a> from SPI.o(i._ZN4mbed3SPI5writeEi) referenced from SPI.o(.constdata__ZTVN4mbed3SPIE)
 <LI><a href="#[55]">mbed::Serial::~Serial()</a> from Serial.o(i._ZN4mbed6SerialD1Ev) referenced from Serial.o(.constdata__ZTVN4mbed6SerialE)
 <LI><a href="#[55]">mbed::Serial::~Serial()</a> from Serial.o(i._ZN4mbed6SerialD1Ev) referenced 2 times from main.o(.text)
 <LI><a href="#[73]">mbed::Stream::flen()</a> from Stream.o(i._ZN4mbed6Stream4flenEv) referenced from textdisplay.o(.constdata__ZTV11TextDisplay)
 <LI><a href="#[73]">mbed::Stream::flen()</a> from Stream.o(i._ZN4mbed6Stream4flenEv) referenced from graphicsdisplay.o(.constdata__ZTV15GraphicsDisplay)
 <LI><a href="#[73]">mbed::Stream::flen()</a> from Stream.o(i._ZN4mbed6Stream4flenEv) referenced from adafruit_thermal.o(.constdata__ZTV16Adafruit_Thermal)
 <LI><a href="#[73]">mbed::Stream::flen()</a> from Stream.o(i._ZN4mbed6Stream4flenEv) referenced from eaepaper.o(.constdata__ZTV8EaEpaper)
 <LI><a href="#[73]">mbed::Stream::flen()</a> from Stream.o(i._ZN4mbed6Stream4flenEv) referenced from Serial.o(.constdata__ZTVN4mbed6SerialE)
 <LI><a href="#[73]">mbed::Stream::flen()</a> from Stream.o(i._ZN4mbed6Stream4flenEv) referenced from Stream.o(.constdata__ZTVN4mbed6StreamE)
 <LI><a href="#[70]">mbed::Stream::read(void*, unsigned)</a> from Stream.o(i._ZN4mbed6Stream4readEPvj) referenced from textdisplay.o(.constdata__ZTV11TextDisplay)
 <LI><a href="#[70]">mbed::Stream::read(void*, unsigned)</a> from Stream.o(i._ZN4mbed6Stream4readEPvj) referenced from graphicsdisplay.o(.constdata__ZTV15GraphicsDisplay)
 <LI><a href="#[70]">mbed::Stream::read(void*, unsigned)</a> from Stream.o(i._ZN4mbed6Stream4readEPvj) referenced from adafruit_thermal.o(.constdata__ZTV16Adafruit_Thermal)
 <LI><a href="#[70]">mbed::Stream::read(void*, unsigned)</a> from Stream.o(i._ZN4mbed6Stream4readEPvj) referenced from eaepaper.o(.constdata__ZTV8EaEpaper)
 <LI><a href="#[70]">mbed::Stream::read(void*, unsigned)</a> from Stream.o(i._ZN4mbed6Stream4readEPvj) referenced from Serial.o(.constdata__ZTVN4mbed6SerialE)
 <LI><a href="#[70]">mbed::Stream::read(void*, unsigned)</a> from Stream.o(i._ZN4mbed6Stream4readEPvj) referenced from Stream.o(.constdata__ZTVN4mbed6StreamE)
 <LI><a href="#[6f]">mbed::Stream::close()</a> from Stream.o(i._ZN4mbed6Stream5closeEv) referenced from textdisplay.o(.constdata__ZTV11TextDisplay)
 <LI><a href="#[6f]">mbed::Stream::close()</a> from Stream.o(i._ZN4mbed6Stream5closeEv) referenced from graphicsdisplay.o(.constdata__ZTV15GraphicsDisplay)
 <LI><a href="#[6f]">mbed::Stream::close()</a> from Stream.o(i._ZN4mbed6Stream5closeEv) referenced from adafruit_thermal.o(.constdata__ZTV16Adafruit_Thermal)
 <LI><a href="#[6f]">mbed::Stream::close()</a> from Stream.o(i._ZN4mbed6Stream5closeEv) referenced from eaepaper.o(.constdata__ZTV8EaEpaper)
 <LI><a href="#[6f]">mbed::Stream::close()</a> from Stream.o(i._ZN4mbed6Stream5closeEv) referenced from Serial.o(.constdata__ZTVN4mbed6SerialE)
 <LI><a href="#[6f]">mbed::Stream::close()</a> from Stream.o(i._ZN4mbed6Stream5closeEv) referenced from Stream.o(.constdata__ZTVN4mbed6StreamE)
 <LI><a href="#[72]">mbed::Stream::lseek(long, int)</a> from Stream.o(i._ZN4mbed6Stream5lseekEli) referenced from textdisplay.o(.constdata__ZTV11TextDisplay)
 <LI><a href="#[72]">mbed::Stream::lseek(long, int)</a> from Stream.o(i._ZN4mbed6Stream5lseekEli) referenced from graphicsdisplay.o(.constdata__ZTV15GraphicsDisplay)
 <LI><a href="#[72]">mbed::Stream::lseek(long, int)</a> from Stream.o(i._ZN4mbed6Stream5lseekEli) referenced from adafruit_thermal.o(.constdata__ZTV16Adafruit_Thermal)
 <LI><a href="#[72]">mbed::Stream::lseek(long, int)</a> from Stream.o(i._ZN4mbed6Stream5lseekEli) referenced from eaepaper.o(.constdata__ZTV8EaEpaper)
 <LI><a href="#[72]">mbed::Stream::lseek(long, int)</a> from Stream.o(i._ZN4mbed6Stream5lseekEli) referenced from Serial.o(.constdata__ZTVN4mbed6SerialE)
 <LI><a href="#[72]">mbed::Stream::lseek(long, int)</a> from Stream.o(i._ZN4mbed6Stream5lseekEli) referenced from Stream.o(.constdata__ZTVN4mbed6StreamE)
 <LI><a href="#[6e]">mbed::Stream::write(const void*, unsigned)</a> from Stream.o(i._ZN4mbed6Stream5writeEPKvj) referenced from textdisplay.o(.constdata__ZTV11TextDisplay)
 <LI><a href="#[6e]">mbed::Stream::write(const void*, unsigned)</a> from Stream.o(i._ZN4mbed6Stream5writeEPKvj) referenced from graphicsdisplay.o(.constdata__ZTV15GraphicsDisplay)
 <LI><a href="#[6e]">mbed::Stream::write(const void*, unsigned)</a> from Stream.o(i._ZN4mbed6Stream5writeEPKvj) referenced from adafruit_thermal.o(.constdata__ZTV16Adafruit_Thermal)
 <LI><a href="#[6e]">mbed::Stream::write(const void*, unsigned)</a> from Stream.o(i._ZN4mbed6Stream5writeEPKvj) referenced from eaepaper.o(.constdata__ZTV8EaEpaper)
 <LI><a href="#[6e]">mbed::Stream::write(const void*, unsigned)</a> from Stream.o(i._ZN4mbed6Stream5writeEPKvj) referenced from Serial.o(.constdata__ZTVN4mbed6SerialE)
 <LI><a href="#[6e]">mbed::Stream::write(const void*, unsigned)</a> from Stream.o(i._ZN4mbed6Stream5writeEPKvj) referenced from Stream.o(.constdata__ZTVN4mbed6StreamE)
 <LI><a href="#[71]">mbed::Stream::isatty()</a> from Stream.o(i._ZN4mbed6Stream6isattyEv) referenced from textdisplay.o(.constdata__ZTV11TextDisplay)
 <LI><a href="#[71]">mbed::Stream::isatty()</a> from Stream.o(i._ZN4mbed6Stream6isattyEv) referenced from graphicsdisplay.o(.constdata__ZTV15GraphicsDisplay)
 <LI><a href="#[71]">mbed::Stream::isatty()</a> from Stream.o(i._ZN4mbed6Stream6isattyEv) referenced from adafruit_thermal.o(.constdata__ZTV16Adafruit_Thermal)
 <LI><a href="#[71]">mbed::Stream::isatty()</a> from Stream.o(i._ZN4mbed6Stream6isattyEv) referenced from eaepaper.o(.constdata__ZTV8EaEpaper)
 <LI><a href="#[71]">mbed::Stream::isatty()</a> from Stream.o(i._ZN4mbed6Stream6isattyEv) referenced from Serial.o(.constdata__ZTVN4mbed6SerialE)
 <LI><a href="#[71]">mbed::Stream::isatty()</a> from Stream.o(i._ZN4mbed6Stream6isattyEv) referenced from Stream.o(.constdata__ZTVN4mbed6StreamE)
 <LI><a href="#[be]">mbed::Stream::~Stream__sub_object()</a> from Stream.o(i._ZN4mbed6StreamD2Ev) referenced from Stream.o(.constdata__ZTVN4mbed6StreamE)
 <LI><a href="#[bf]">mbed::Ticker::handler()</a> from Ticker.o(i._ZN4mbed6Ticker7handlerEv) referenced from Ticker.o(.constdata__ZTVN4mbed6TickerE)
 <LI><a href="#[56]">mbed::Ticker::~Ticker()</a> from Ticker.o(i._ZN4mbed6TickerD1Ev) referenced from Ticker.o(.constdata__ZTVN4mbed6TickerE)
 <LI><a href="#[56]">mbed::Ticker::~Ticker()</a> from Ticker.o(i._ZN4mbed6TickerD1Ev) referenced from joystick.o(.text)
 <LI><a href="#[c0]">mbed::FileBase::~FileBase()</a> from FileBase.o(i._ZN4mbed8FileBaseD1Ev) referenced from FileBase.o(.constdata__ZTVN4mbed8FileBaseE)
 <LI><a href="#[c1]">mbed::FileLike::~FileLike__sub_object()</a> from FileLike.o(i._ZN4mbed8FileLikeD2Ev) referenced from FileLike.o(.constdata__ZTVN4mbed8FileLikeE)
 <LI><a href="#[af]">EaEpaper::cls()</a> from eaepaper.o(.text) referenced from eaepaper.o(.constdata__ZTV8EaEpaper)
 <LI><a href="#[ad]">EaEpaper::rows()</a> from eaepaper.o(.text) referenced from eaepaper.o(.constdata__ZTV8EaEpaper)
 <LI><a href="#[ab]">EaEpaper::_putc(int)</a> from eaepaper.o(.text) referenced from eaepaper.o(.constdata__ZTV8EaEpaper)
 <LI><a href="#[b1]">EaEpaper::pixel(int, int, int)</a> from eaepaper.o(.text) referenced from eaepaper.o(.constdata__ZTV8EaEpaper)
 <LI><a href="#[b2]">EaEpaper::width()</a> from eaepaper.o(.text) referenced from eaepaper.o(.constdata__ZTV8EaEpaper)
 <LI><a href="#[b3]">EaEpaper::height()</a> from eaepaper.o(.text) referenced from eaepaper.o(.constdata__ZTV8EaEpaper)
 <LI><a href="#[b0]">EaEpaper::locate(int, int)</a> from eaepaper.o(.text) referenced from eaepaper.o(.constdata__ZTV8EaEpaper)
 <LI><a href="#[ae]">EaEpaper::columns()</a> from eaepaper.o(.text) referenced from eaepaper.o(.constdata__ZTV8EaEpaper)
 <LI><a href="#[ac]">EaEpaper::character(int, int, int)</a> from eaepaper.o(.text) referenced from eaepaper.o(.constdata__ZTV8EaEpaper)
 <LI><a href="#[54]">EaEpaper::~EaEpaper()</a> from main.o(i._ZN8EaEpaperD1Ev) referenced from eaepaper.o(.constdata__ZTV8EaEpaper)
 <LI><a href="#[54]">EaEpaper::~EaEpaper()</a> from main.o(i._ZN8EaEpaperD1Ev) referenced from main.o(.text)
 <LI><a href="#[a5]">thunk{-72} to mbed::Serial::_getc()</a> from Serial.o(i._ZThn72_N4mbed6Serial5_getcEv) referenced from adafruit_thermal.o(.constdata__ZTV16Adafruit_Thermal)
 <LI><a href="#[a5]">thunk{-72} to mbed::Serial::_getc()</a> from Serial.o(i._ZThn72_N4mbed6Serial5_getcEv) referenced from Serial.o(.constdata__ZTVN4mbed6SerialE)
 <LI><a href="#[a4]">thunk{-72} to mbed::Serial::_putc(int)</a> from Serial.o(i._ZThn72_N4mbed6Serial5_putcEi) referenced from adafruit_thermal.o(.constdata__ZTV16Adafruit_Thermal)
 <LI><a href="#[a4]">thunk{-72} to mbed::Serial::_putc(int)</a> from Serial.o(i._ZThn72_N4mbed6Serial5_putcEi) referenced from Serial.o(.constdata__ZTVN4mbed6SerialE)
 <LI><a href="#[aa]">thunk{-96} to SimpleJpegDecode::outputBLOCK(int, int, signed char*)</a> from simplejpegdecode.o(.text) referenced from simplejpegdecode.o(.constdata__ZTV16SimpleJpegDecode)
 <LI><a href="#[6d]">__cxa_pure_virtual</a> from pure_virt.o(i.__cxa_pure_virtual) referenced from simplejpegdecode.o(.constdata__ZTV10inverseDCT)
 <LI><a href="#[6d]">__cxa_pure_virtual</a> from pure_virt.o(i.__cxa_pure_virtual) referenced 3 times from textdisplay.o(.constdata__ZTV11TextDisplay)
 <LI><a href="#[6d]">__cxa_pure_virtual</a> from pure_virt.o(i.__cxa_pure_virtual) referenced 3 times from fatfilesystem.o(.constdata__ZTV13FATFileSystem)
 <LI><a href="#[6d]">__cxa_pure_virtual</a> from pure_virt.o(i.__cxa_pure_virtual) referenced 3 times from basejpegdecode.o(.constdata__ZTV14BaseJpegDecode)
 <LI><a href="#[6d]">__cxa_pure_virtual</a> from pure_virt.o(i.__cxa_pure_virtual) referenced 3 times from graphicsdisplay.o(.constdata__ZTV15GraphicsDisplay)
 <LI><a href="#[6d]">__cxa_pure_virtual</a> from pure_virt.o(i.__cxa_pure_virtual) referenced 6 times from retarget.o(.constdata__ZTVN4mbed10FileHandleE)
 <LI><a href="#[6d]">__cxa_pure_virtual</a> from pure_virt.o(i.__cxa_pure_virtual) referenced from TimerEvent.o(.constdata__ZTVN4mbed10TimerEventE)
 <LI><a href="#[6d]">__cxa_pure_virtual</a> from pure_virt.o(i.__cxa_pure_virtual) referenced from FileSystemLike.o(.constdata__ZTVN4mbed14FileSystemLikeE)
 <LI><a href="#[6d]">__cxa_pure_virtual</a> from pure_virt.o(i.__cxa_pure_virtual) referenced 2 times from Stream.o(.constdata__ZTVN4mbed6StreamE)
 <LI><a href="#[6d]">__cxa_pure_virtual</a> from pure_virt.o(i.__cxa_pure_virtual) referenced 6 times from FileLike.o(.constdata__ZTVN4mbed8FileLikeE)
 <LI><a href="#[6d]">__cxa_pure_virtual</a> from pure_virt.o(i.__cxa_pure_virtual) referenced 3 times from fatdirhandle.o(.constdata__ZTVN4mbed9DirHandleE)
 <LI><a href="#[c7]">__main</a> from __main.o(!!!main) referenced from startup_LPC17xx.o(.text)
 <LI><a href="#[c6]">__sti___11_command_cpp_369aa827</a> from command.o(.text) referenced from command.o(.init_array)
 <LI><a href="#[c5]">__sti___12_joystick_cpp_joystick</a> from joystick.o(.text) referenced from joystick.o(.init_array)
 <LI><a href="#[c3]">__sti___17_serial_camera_cpp_OE</a> from serial_camera.o(.text) referenced from serial_camera.o(.init_array)
 <LI><a href="#[c4]">__sti___7_EPD_cpp__time</a> from epd.o(.text) referenced from epd.o(.init_array)
 <LI><a href="#[c2]">__sti___8_main_cpp_sd</a> from main.o(.text) referenced from main.o(.init_array)
 <LI><a href="#[5e]">_get_lc_ctype</a> from lc_ctype_c.o(locale$$code) referenced from rt_ctype_table.o(.text)
 <LI><a href="#[5f]">_printf_input_char</a> from _printf_char_common.o(.text) referenced from _printf_char_common.o(.text)
 <LI><a href="#[5d]">_sbackspace</a> from _sgetc.o(.text) referenced from __0sscanf.o(.text)
 <LI><a href="#[61]">_scanf_char_input</a> from scanf_char.o(.text) referenced from scanf_char.o(.text)
 <LI><a href="#[5c]">_sgetc</a> from _sgetc.o(.text) referenced from __0sscanf.o(.text)
 <LI><a href="#[5b]">_sputc</a> from _sputc.o(.text) referenced from __2sprintf.o(.text)
 <LI><a href="#[60]">fputc</a> from fputc.o(i.fputc) referenced from _printf_char_file.o(.text)
 <LI><a href="#[62]">isspace</a> from isspace.o(.text) referenced from scanf_char.o(.text)
 <LI><a href="#[68]">uart0_irq</a> from serial_api.o(i.uart0_irq) referenced from serial_api.o(i.serial_irq_set_internal)
 <LI><a href="#[69]">uart1_irq</a> from serial_api.o(i.uart1_irq) referenced from serial_api.o(i.serial_irq_set_internal)
 <LI><a href="#[6a]">uart2_irq</a> from serial_api.o(i.uart2_irq) referenced from serial_api.o(i.serial_irq_set_internal)
 <LI><a href="#[6b]">uart3_irq</a> from serial_api.o(i.uart3_irq) referenced from serial_api.o(i.serial_irq_set_internal)
 <LI><a href="#[6c]">us_ticker_irq_handler</a> from us_ticker_api.o(i.us_ticker_irq_handler) referenced from us_ticker.o(i.us_ticker_init)
 <LI><a href="#[6c]">us_ticker_irq_handler</a> from us_ticker_api.o(i.us_ticker_irq_handler) referenced from us_ticker.o(i.us_ticker_read)
</UL>
<P>
<H3>
Global Symbols
</H3>
<P><STRONG><a name="[c7]"></a>__main</STRONG> (Thumb, 8 bytes, Stack size 0 bytes, __main.o(!!!main))
<BR><BR>[Calls]<UL><LI><a href="#[ca]">&gt;&gt;</a>&nbsp;&nbsp;&nbsp;__rt_entry
<LI><a href="#[c9]">&gt;&gt;</a>&nbsp;&nbsp;&nbsp;__scatterload
</UL>

<P><STRONG><a name="[c9]"></a>__scatterload</STRONG> (Thumb, 0 bytes, Stack size unknown bytes, __scatter.o(!!!scatter))
<BR><BR>[Called By]<UL><LI><a href="#[c7]">&gt;&gt;</a>&nbsp;&nbsp;&nbsp;__main
</UL>

<P><STRONG><a name="[cb]"></a>__scatterload_rt2</STRONG> (Thumb, 44 bytes, Stack size unknown bytes, __scatter.o(!!!scatter), UNUSED)
<BR><BR>[Calls]<UL><LI><a href="#[ca]">&gt;&gt;</a>&nbsp;&nbsp;&nbsp;__rt_entry
</UL>

<P><STRONG><a name="[30f]"></a>__scatterload_rt2_thumb_only</STRONG> (Thumb, 0 bytes, Stack size unknown bytes, __scatter.o(!!!scatter), UNUSED)

<P><STRONG><a name="[310]"></a>__scatterload_null</STRONG> (Thumb, 0 bytes, Stack size unknown bytes, __scatter.o(!!!scatter), UNUSED)

<P><STRONG><a name="[311]"></a>__decompress</STRONG> (Thumb, 90 bytes, Stack size unknown bytes, __dczerorl2.o(!!dczerorl2), UNUSED)

<P><STRONG><a name="[312]"></a>__decompress1</STRONG> (Thumb, 0 bytes, Stack size unknown bytes, __dczerorl2.o(!!dczerorl2), UNUSED)

<P><STRONG><a name="[cc]"></a>__scatterload_copy</STRONG> (Thumb, 26 bytes, Stack size unknown bytes, __scatter_copy.o(!!handler_copy), UNUSED)
<BR><BR>[Calls]<UL><LI><a href="#[cc]">&gt;&gt;</a>&nbsp;&nbsp;&nbsp;__scatterload_copy
</UL>
<BR>[Called By]<UL><LI><a href="#[cc]">&gt;&gt;</a>&nbsp;&nbsp;&nbsp;__scatterload_copy
</UL>

<P><STRONG><a name="[313]"></a>__scatterload_zeroinit</STRONG> (Thumb, 28 bytes, Stack size unknown bytes, __scatter_zi.o(!!handler_zi), UNUSED)

<P><STRONG><a name="[cd]"></a>_printf_n</STRONG> (Thumb, 0 bytes, Stack size unknown bytes, _printf_n.o(.ARM.Collect$$_printf_percent$$00000001))
<BR><BR>[Calls]<UL><LI><a href="#[ce]">&gt;&gt;</a>&nbsp;&nbsp;&nbsp;_printf_charcount
</UL>

<P><STRONG><a name="[236]"></a>_printf_percent</STRONG> (Thumb, 0 bytes, Stack size unknown bytes, _printf_percent.o(.ARM.Collect$$_printf_percent$$00000000))
<BR><BR>[Called By]<UL><LI><a href="#[234]">&gt;&gt;</a>&nbsp;&nbsp;&nbsp;__printf
</UL>

<P><STRONG><a name="[cf]"></a>_printf_p</STRONG> (Thumb, 0 bytes, Stack size unknown bytes, _printf_p.o(.ARM.Collect$$_printf_percent$$00000002))
<BR><BR>[Stack]<UL><LI>Max Depth = 64 + Unknown Stack Size
<LI>Call Chain = _printf_p &rArr; _printf_hex_ptr &rArr; _printf_longlong_hex &rArr; _printf_int_common &rArr; _printf_post_padding
</UL>
<BR>[Calls]<UL><LI><a href="#[d0]">&gt;&gt;</a>&nbsp;&nbsp;&nbsp;_printf_hex_ptr
</UL>

<P><STRONG><a name="[d1]"></a>_printf_f</STRONG> (Thumb, 0 bytes, Stack size unknown bytes, _printf_f.o(.ARM.Collect$$_printf_percent$$00000003))
<BR><BR>[Stack]<UL><LI>Max Depth = 320 + Unknown Stack Size
<LI>Call Chain = _printf_f &rArr; _printf_fp_dec &rArr; _printf_fp_dec_real &rArr; _fp_digits &rArr; _btod_etento &rArr; _btod_emul &rArr; _e2e
</UL>
<BR>[Calls]<UL><LI><a href="#[d2]">&gt;&gt;</a>&nbsp;&nbsp;&nbsp;_printf_fp_dec
</UL>

<P><STRONG><a name="[d3]"></a>_printf_e</STRONG> (Thumb, 0 bytes, Stack size unknown bytes, _printf_e.o(.ARM.Collect$$_printf_percent$$00000004))
<BR><BR>[Stack]<UL><LI>Max Depth = 320 + Unknown Stack Size
<LI>Call Chain = _printf_e &rArr; _printf_fp_dec &rArr; _printf_fp_dec_real &rArr; _fp_digits &rArr; _btod_etento &rArr; _btod_emul &rArr; _e2e
</UL>
<BR>[Calls]<UL><LI><a href="#[d2]">&gt;&gt;</a>&nbsp;&nbsp;&nbsp;_printf_fp_dec
</UL>

<P><STRONG><a name="[d4]"></a>_printf_g</STRONG> (Thumb, 0 bytes, Stack size unknown bytes, _printf_g.o(.ARM.Collect$$_printf_percent$$00000005))
<BR><BR>[Stack]<UL><LI>Max Depth = 320 + Unknown Stack Size
<LI>Call Chain = _printf_g &rArr; _printf_fp_dec &rArr; _printf_fp_dec_real &rArr; _fp_digits &rArr; _btod_etento &rArr; _btod_emul &rArr; _e2e
</UL>
<BR>[Calls]<UL><LI><a href="#[d2]">&gt;&gt;</a>&nbsp;&nbsp;&nbsp;_printf_fp_dec
</UL>

<P><STRONG><a name="[d5]"></a>_printf_a</STRONG> (Thumb, 0 bytes, Stack size unknown bytes, _printf_a.o(.ARM.Collect$$_printf_percent$$00000006))
<BR><BR>[Stack]<UL><LI>Max Depth = 112 + Unknown Stack Size
<LI>Call Chain = _printf_a &rArr; _printf_fp_hex &rArr; _printf_fp_hex_real &rArr; _printf_fp_infnan &rArr; _printf_post_padding
</UL>
<BR>[Calls]<UL><LI><a href="#[d6]">&gt;&gt;</a>&nbsp;&nbsp;&nbsp;_printf_fp_hex
</UL>

<P><STRONG><a name="[314]"></a>_printf_ll</STRONG> (Thumb, 0 bytes, Stack size unknown bytes, _printf_ll.o(.ARM.Collect$$_printf_percent$$00000007))

<P><STRONG><a name="[d7]"></a>_printf_i</STRONG> (Thumb, 0 bytes, Stack size unknown bytes, _printf_i.o(.ARM.Collect$$_printf_percent$$00000008))
<BR><BR>[Stack]<UL><LI>Max Depth = 72 + Unknown Stack Size
<LI>Call Chain = _printf_i &rArr; _printf_int_dec &rArr; _printf_int_common &rArr; _printf_post_padding
</UL>
<BR>[Calls]<UL><LI><a href="#[d8]">&gt;&gt;</a>&nbsp;&nbsp;&nbsp;_printf_int_dec
</UL>

<P><STRONG><a name="[d9]"></a>_printf_d</STRONG> (Thumb, 0 bytes, Stack size unknown bytes, _printf_d.o(.ARM.Collect$$_printf_percent$$00000009))
<BR><BR>[Stack]<UL><LI>Max Depth = 72 + Unknown Stack Size
<LI>Call Chain = _printf_d &rArr; _printf_int_dec &rArr; _printf_int_common &rArr; _printf_post_padding
</UL>
<BR>[Calls]<UL><LI><a href="#[d8]">&gt;&gt;</a>&nbsp;&nbsp;&nbsp;_printf_int_dec
</UL>

<P><STRONG><a name="[da]"></a>_printf_u</STRONG> (Thumb, 0 bytes, Stack size unknown bytes, _printf_u.o(.ARM.Collect$$_printf_percent$$0000000A))
<BR><BR>[Stack]<UL><LI>Max Depth = 72 + Unknown Stack Size
<LI>Call Chain = _printf_u &rArr; _printf_int_dec &rArr; _printf_int_common &rArr; _printf_post_padding
</UL>
<BR>[Calls]<UL><LI><a href="#[d8]">&gt;&gt;</a>&nbsp;&nbsp;&nbsp;_printf_int_dec
</UL>

<P><STRONG><a name="[db]"></a>_printf_o</STRONG> (Thumb, 0 bytes, Stack size unknown bytes, _printf_o.o(.ARM.Collect$$_printf_percent$$0000000B))
<BR><BR>[Stack]<UL><LI>Max Depth = 64 + Unknown Stack Size
<LI>Call Chain = _printf_o &rArr; _printf_int_oct &rArr; _printf_longlong_oct &rArr; _printf_int_common &rArr; _printf_post_padding
</UL>
<BR>[Calls]<UL><LI><a href="#[dc]">&gt;&gt;</a>&nbsp;&nbsp;&nbsp;_printf_int_oct
</UL>

<P><STRONG><a name="[dd]"></a>_printf_x</STRONG> (Thumb, 0 bytes, Stack size unknown bytes, _printf_x.o(.ARM.Collect$$_printf_percent$$0000000C))
<BR><BR>[Stack]<UL><LI>Max Depth = 80 + Unknown Stack Size
<LI>Call Chain = _printf_x &rArr; _printf_int_hex &rArr; _printf_longlong_hex &rArr; _printf_int_common &rArr; _printf_post_padding
</UL>
<BR>[Calls]<UL><LI><a href="#[de]">&gt;&gt;</a>&nbsp;&nbsp;&nbsp;_printf_int_hex
</UL>

<P><STRONG><a name="[df]"></a>_printf_lli</STRONG> (Thumb, 0 bytes, Stack size unknown bytes, _printf_lli.o(.ARM.Collect$$_printf_percent$$0000000D))
<BR><BR>[Stack]<UL><LI>Max Depth = 72 + Unknown Stack Size
<LI>Call Chain = _printf_lli &rArr; _printf_longlong_dec &rArr; _printf_int_common &rArr; _printf_post_padding
</UL>
<BR>[Calls]<UL><LI><a href="#[e0]">&gt;&gt;</a>&nbsp;&nbsp;&nbsp;_printf_longlong_dec
</UL>

<P><STRONG><a name="[e1]"></a>_printf_lld</STRONG> (Thumb, 0 bytes, Stack size unknown bytes, _printf_lld.o(.ARM.Collect$$_printf_percent$$0000000E))
<BR><BR>[Stack]<UL><LI>Max Depth = 72 + Unknown Stack Size
<LI>Call Chain = _printf_lld &rArr; _printf_longlong_dec &rArr; _printf_int_common &rArr; _printf_post_padding
</UL>
<BR>[Calls]<UL><LI><a href="#[e0]">&gt;&gt;</a>&nbsp;&nbsp;&nbsp;_printf_longlong_dec
</UL>

<P><STRONG><a name="[e2]"></a>_printf_llu</STRONG> (Thumb, 0 bytes, Stack size unknown bytes, _printf_llu.o(.ARM.Collect$$_printf_percent$$0000000F))
<BR><BR>[Stack]<UL><LI>Max Depth = 72 + Unknown Stack Size
<LI>Call Chain = _printf_llu &rArr; _printf_longlong_dec &rArr; _printf_int_common &rArr; _printf_post_padding
</UL>
<BR>[Calls]<UL><LI><a href="#[e0]">&gt;&gt;</a>&nbsp;&nbsp;&nbsp;_printf_longlong_dec
</UL>

<P><STRONG><a name="[e3]"></a>_printf_llo</STRONG> (Thumb, 0 bytes, Stack size unknown bytes, _printf_llo.o(.ARM.Collect$$_printf_percent$$00000010))
<BR><BR>[Stack]<UL><LI>Max Depth = 56 + Unknown Stack Size
<LI>Call Chain = _printf_llo &rArr; _printf_ll_oct &rArr; _printf_longlong_oct &rArr; _printf_int_common &rArr; _printf_post_padding
</UL>
<BR>[Calls]<UL><LI><a href="#[e4]">&gt;&gt;</a>&nbsp;&nbsp;&nbsp;_printf_ll_oct
</UL>

<P><STRONG><a name="[e5]"></a>_printf_llx</STRONG> (Thumb, 0 bytes, Stack size unknown bytes, _printf_llx.o(.ARM.Collect$$_printf_percent$$00000011))
<BR><BR>[Stack]<UL><LI>Max Depth = 64 + Unknown Stack Size
<LI>Call Chain = _printf_llx &rArr; _printf_ll_hex &rArr; _printf_longlong_hex &rArr; _printf_int_common &rArr; _printf_post_padding
</UL>
<BR>[Calls]<UL><LI><a href="#[e6]">&gt;&gt;</a>&nbsp;&nbsp;&nbsp;_printf_ll_hex
</UL>

<P><STRONG><a name="[315]"></a>_printf_l</STRONG> (Thumb, 0 bytes, Stack size unknown bytes, _printf_l.o(.ARM.Collect$$_printf_percent$$00000012))

<P><STRONG><a name="[e7]"></a>_printf_c</STRONG> (Thumb, 0 bytes, Stack size unknown bytes, _printf_c.o(.ARM.Collect$$_printf_percent$$00000013))
<BR><BR>[Stack]<UL><LI>Max Depth = 40 + Unknown Stack Size
<LI>Call Chain = _printf_c &rArr; _printf_char &rArr; _printf_cs_common &rArr; _printf_str &rArr; _printf_post_padding
</UL>
<BR>[Calls]<UL><LI><a href="#[e8]">&gt;&gt;</a>&nbsp;&nbsp;&nbsp;_printf_char
</UL>

<P><STRONG><a name="[e9]"></a>_printf_s</STRONG> (Thumb, 0 bytes, Stack size unknown bytes, _printf_s.o(.ARM.Collect$$_printf_percent$$00000014))
<BR><BR>[Stack]<UL><LI>Max Depth = 40 + Unknown Stack Size
<LI>Call Chain = _printf_s &rArr; _printf_string &rArr; _printf_cs_common &rArr; _printf_str &rArr; _printf_post_padding
</UL>
<BR>[Calls]<UL><LI><a href="#[ea]">&gt;&gt;</a>&nbsp;&nbsp;&nbsp;_printf_string
</UL>

<P><STRONG><a name="[eb]"></a>_printf_lc</STRONG> (Thumb, 0 bytes, Stack size unknown bytes, _printf_lc.o(.ARM.Collect$$_printf_percent$$00000015))
<BR><BR>[Stack]<UL><LI>Max Depth = 88 + Unknown Stack Size
<LI>Call Chain = _printf_lc &rArr; _printf_wchar &rArr; _printf_lcs_common &rArr; _printf_wctomb &rArr; _wcrtomb &rArr; __rt_ctype_table
</UL>
<BR>[Calls]<UL><LI><a href="#[ec]">&gt;&gt;</a>&nbsp;&nbsp;&nbsp;_printf_wchar
</UL>

<P><STRONG><a name="[ed]"></a>_printf_ls</STRONG> (Thumb, 0 bytes, Stack size unknown bytes, _printf_ls.o(.ARM.Collect$$_printf_percent$$00000016))
<BR><BR>[Stack]<UL><LI>Max Depth = 88 + Unknown Stack Size
<LI>Call Chain = _printf_ls &rArr; _printf_wstring &rArr; _printf_lcs_common &rArr; _printf_wctomb &rArr; _wcrtomb &rArr; __rt_ctype_table
</UL>
<BR>[Calls]<UL><LI><a href="#[ee]">&gt;&gt;</a>&nbsp;&nbsp;&nbsp;_printf_wstring
</UL>

<P><STRONG><a name="[316]"></a>_printf_percent_end</STRONG> (Thumb, 0 bytes, Stack size unknown bytes, _printf_percent_end.o(.ARM.Collect$$_printf_percent$$00000017))

<P><STRONG><a name="[fe]"></a>__rt_lib_init</STRONG> (Thumb, 0 bytes, Stack size unknown bytes, libinit.o(.ARM.Collect$$libinit$$00000000))
<BR><BR>[Called By]<UL><LI><a href="#[fd]">&gt;&gt;</a>&nbsp;&nbsp;&nbsp;__rt_entry_li
</UL>

<P><STRONG><a name="[317]"></a>__rt_lib_init_fp_1</STRONG> (Thumb, 0 bytes, Stack size unknown bytes, libinit2.o(.ARM.Collect$$libinit$$00000002))

<P><STRONG><a name="[ef]"></a>__rt_lib_init_heap_2</STRONG> (Thumb, 0 bytes, Stack size unknown bytes, libinit2.o(.ARM.Collect$$libinit$$00000003))
<BR><BR>[Stack]<UL><LI>Max Depth = 64 + Unknown Stack Size
<LI>Call Chain = __rt_lib_init_heap_2 &rArr; _init_alloc &rArr; __rt_SIGRTMEM &rArr; __rt_SIGRTMEM_inner &rArr; __default_signal_display &rArr; _ttywrch
</UL>
<BR>[Calls]<UL><LI><a href="#[f0]">&gt;&gt;</a>&nbsp;&nbsp;&nbsp;_init_alloc
</UL>

<P><STRONG><a name="[318]"></a>__rt_lib_init_heap_1</STRONG> (Thumb, 0 bytes, Stack size unknown bytes, libinit2.o(.ARM.Collect$$libinit$$00000008))

<P><STRONG><a name="[f1]"></a>__rt_lib_init_lc_common</STRONG> (Thumb, 0 bytes, Stack size unknown bytes, libinit2.o(.ARM.Collect$$libinit$$0000000D))
<BR><BR>[Calls]<UL><LI><a href="#[f2]">&gt;&gt;</a>&nbsp;&nbsp;&nbsp;__rt_locale
</UL>

<P><STRONG><a name="[319]"></a>__rt_lib_init_rand_1</STRONG> (Thumb, 0 bytes, Stack size unknown bytes, libinit2.o(.ARM.Collect$$libinit$$0000000C))

<P><STRONG><a name="[31a]"></a>__rt_lib_init_user_alloc_1</STRONG> (Thumb, 0 bytes, Stack size unknown bytes, libinit2.o(.ARM.Collect$$libinit$$0000000A))

<P><STRONG><a name="[31b]"></a>__rt_lib_init_lc_collate_1</STRONG> (Thumb, 0 bytes, Stack size unknown bytes, libinit2.o(.ARM.Collect$$libinit$$0000000F))

<P><STRONG><a name="[f3]"></a>__rt_lib_init_lc_ctype_2</STRONG> (Thumb, 0 bytes, Stack size unknown bytes, libinit2.o(.ARM.Collect$$libinit$$00000010))
<BR><BR>[Stack]<UL><LI>Max Depth = 8 + Unknown Stack Size
<LI>Call Chain = __rt_lib_init_lc_ctype_2 &rArr; _get_lc_ctype
</UL>
<BR>[Calls]<UL><LI><a href="#[5e]">&gt;&gt;</a>&nbsp;&nbsp;&nbsp;_get_lc_ctype
</UL>

<P><STRONG><a name="[31c]"></a>__rt_lib_init_lc_ctype_1</STRONG> (Thumb, 0 bytes, Stack size unknown bytes, libinit2.o(.ARM.Collect$$libinit$$00000011))

<P><STRONG><a name="[31d]"></a>__rt_lib_init_lc_monetary_1</STRONG> (Thumb, 0 bytes, Stack size unknown bytes, libinit2.o(.ARM.Collect$$libinit$$00000013))

<P><STRONG><a name="[f4]"></a>__rt_lib_init_lc_numeric_2</STRONG> (Thumb, 0 bytes, Stack size unknown bytes, libinit2.o(.ARM.Collect$$libinit$$00000014))
<BR><BR>[Stack]<UL><LI>Max Depth = 8 + Unknown Stack Size
<LI>Call Chain = __rt_lib_init_lc_numeric_2 &rArr; _get_lc_numeric
</UL>
<BR>[Calls]<UL><LI><a href="#[f5]">&gt;&gt;</a>&nbsp;&nbsp;&nbsp;_get_lc_numeric
</UL>

<P><STRONG><a name="[31e]"></a>__rt_lib_init_atexit_1</STRONG> (Thumb, 0 bytes, Stack size unknown bytes, libinit2.o(.ARM.Collect$$libinit$$00000019))

<P><STRONG><a name="[31f]"></a>__rt_lib_init_clock_1</STRONG> (Thumb, 0 bytes, Stack size unknown bytes, libinit2.o(.ARM.Collect$$libinit$$0000001F))

<P><STRONG><a name="[320]"></a>__rt_lib_init_fp_trap_1</STRONG> (Thumb, 0 bytes, Stack size unknown bytes, libinit2.o(.ARM.Collect$$libinit$$0000001D))

<P><STRONG><a name="[321]"></a>__rt_lib_init_getenv_1</STRONG> (Thumb, 0 bytes, Stack size unknown bytes, libinit2.o(.ARM.Collect$$libinit$$00000021))

<P><STRONG><a name="[322]"></a>__rt_lib_init_lc_numeric_1</STRONG> (Thumb, 0 bytes, Stack size unknown bytes, libinit2.o(.ARM.Collect$$libinit$$00000015))

<P><STRONG><a name="[323]"></a>__rt_lib_init_lc_time_1</STRONG> (Thumb, 0 bytes, Stack size unknown bytes, libinit2.o(.ARM.Collect$$libinit$$00000017))

<P><STRONG><a name="[324]"></a>__rt_lib_init_signal_1</STRONG> (Thumb, 0 bytes, Stack size unknown bytes, libinit2.o(.ARM.Collect$$libinit$$0000001B))

<P><STRONG><a name="[f6]"></a>__rt_lib_init_stdio_2</STRONG> (Thumb, 0 bytes, Stack size unknown bytes, libinit2.o(.ARM.Collect$$libinit$$00000022))
<BR><BR>[Stack]<UL><LI>Max Depth = 408 + Unknown Stack Size
<LI>Call Chain = __rt_lib_init_stdio_2 &rArr; _initio &rArr; freopen &rArr; _fclose_internal &rArr; _fflush &rArr; _writebuf &rArr; _sys_write &rArr; serial_init &rArr; serial_set_flow_control &rArr; gpio_init_out_ex &rArr; gpio_init &rArr; pin_function &rArr; mbed_assert_internal &rArr;  mbed_die (Cycle)
</UL>
<BR>[Calls]<UL><LI><a href="#[f7]">&gt;&gt;</a>&nbsp;&nbsp;&nbsp;_initio
</UL>

<P><STRONG><a name="[325]"></a>__rt_lib_init_alloca_1</STRONG> (Thumb, 0 bytes, Stack size unknown bytes, libinit2.o(.ARM.Collect$$libinit$$0000002C))

<P><STRONG><a name="[326]"></a>__rt_lib_init_argv_1</STRONG> (Thumb, 0 bytes, Stack size unknown bytes, libinit2.o(.ARM.Collect$$libinit$$0000002A))

<P><STRONG><a name="[f8]"></a>__rt_lib_init_cpp_2</STRONG> (Thumb, 0 bytes, Stack size unknown bytes, libinit2.o(.ARM.Collect$$libinit$$0000002F))
<BR><BR>[Stack]<UL><LI>Max Depth = 16 + Unknown Stack Size
<LI>Call Chain = __rt_lib_init_cpp_2 &rArr; __cpp_initialize__aeabi_
</UL>
<BR>[Calls]<UL><LI><a href="#[c8]">&gt;&gt;</a>&nbsp;&nbsp;&nbsp;__cpp_initialize__aeabi_
</UL>

<P><STRONG><a name="[327]"></a>__rt_lib_init_exceptions_1</STRONG> (Thumb, 0 bytes, Stack size unknown bytes, libinit2.o(.ARM.Collect$$libinit$$0000002E))

<P><STRONG><a name="[328]"></a>__rt_lib_init_stdio_1</STRONG> (Thumb, 0 bytes, Stack size unknown bytes, libinit2.o(.ARM.Collect$$libinit$$00000023))

<P><STRONG><a name="[329]"></a>__rt_lib_init_cpp_1</STRONG> (Thumb, 0 bytes, Stack size unknown bytes, libinit2.o(.ARM.Collect$$libinit$$00000030))

<P><STRONG><a name="[32a]"></a>__rt_lib_init_return</STRONG> (Thumb, 0 bytes, Stack size unknown bytes, libinit2.o(.ARM.Collect$$libinit$$00000031))

<P><STRONG><a name="[f9]"></a>__rt_lib_shutdown_cpp_1</STRONG> (Thumb, 0 bytes, Stack size unknown bytes, libshutdown2.o(.ARM.Collect$$libshutdown$$00000001))
<BR><BR>[Stack]<UL><LI>Max Depth = 40 + Unknown Stack Size
<LI>Call Chain = __rt_lib_shutdown_cpp_1 &rArr; __cxa_finalize &rArr; free
</UL>
<BR>[Calls]<UL><LI><a href="#[fa]">&gt;&gt;</a>&nbsp;&nbsp;&nbsp;__cxa_finalize
</UL>

<P><STRONG><a name="[ca]"></a>__rt_entry</STRONG> (Thumb, 0 bytes, Stack size unknown bytes, rtentry.o(.ARM.Collect$$rtentry$$00000000))
<BR><BR>[Called By]<UL><LI><a href="#[c7]">&gt;&gt;</a>&nbsp;&nbsp;&nbsp;__main
<LI><a href="#[cb]">&gt;&gt;</a>&nbsp;&nbsp;&nbsp;__scatterload_rt2
</UL>

<P><STRONG><a name="[32b]"></a>__rt_entry_presh_1</STRONG> (Thumb, 0 bytes, Stack size unknown bytes, rtentry2.o(.ARM.Collect$$rtentry$$00000002))

<P><STRONG><a name="[fb]"></a>__rt_entry_sh</STRONG> (Thumb, 0 bytes, Stack size unknown bytes, rtentry4.o(.ARM.Collect$$rtentry$$00000004))
<BR><BR>[Calls]<UL><LI><a href="#[fc]">&gt;&gt;</a>&nbsp;&nbsp;&nbsp;__user_setup_stackheap
</UL>

<P><STRONG><a name="[32c]"></a>__rt_lib_shutdown_stdio_2</STRONG> (Thumb, 0 bytes, Stack size unknown bytes, libshutdown2.o(.ARM.Collect$$libshutdown$$00000003))

<P><STRONG><a name="[fd]"></a>__rt_entry_li</STRONG> (Thumb, 0 bytes, Stack size unknown bytes, rtentry2.o(.ARM.Collect$$rtentry$$0000000A))
<BR><BR>[Calls]<UL><LI><a href="#[fe]">&gt;&gt;</a>&nbsp;&nbsp;&nbsp;__rt_lib_init
</UL>

<P><STRONG><a name="[32d]"></a>__rt_entry_postsh_1</STRONG> (Thumb, 0 bytes, Stack size unknown bytes, rtentry2.o(.ARM.Collect$$rtentry$$00000009))

<P><STRONG><a name="[ff]"></a>__rt_entry_main</STRONG> (Thumb, 0 bytes, Stack size unknown bytes, rtentry2.o(.ARM.Collect$$rtentry$$0000000D))
<BR><BR>[Stack]<UL><LI>Max Depth = 1792 + Unknown Stack Size
<LI>Call Chain = __rt_entry_main &rArr; main &rArr; $Super$$main &rArr; cmd_findvalidfilename(unsigned char*, unsigned char) &rArr; mbed::Stream::printf(const char*, ...) &rArr; fflush &rArr; _do_fflush &rArr; _fflush &rArr; _writebuf &rArr; _sys_write &rArr; serial_init &rArr; serial_set_flow_control &rArr; gpio_init_out_ex &rArr; gpio_init &rArr; pin_function &rArr; mbed_assert_internal &rArr;  mbed_die (Cycle)
</UL>
<BR>[Calls]<UL><LI><a href="#[100]">&gt;&gt;</a>&nbsp;&nbsp;&nbsp;main
<LI><a href="#[101]">&gt;&gt;</a>&nbsp;&nbsp;&nbsp;exit
</UL>

<P><STRONG><a name="[32e]"></a>__rt_entry_postli_1</STRONG> (Thumb, 0 bytes, Stack size unknown bytes, rtentry2.o(.ARM.Collect$$rtentry$$0000000C))

<P><STRONG><a name="[102]"></a>FATDirHandle::FATDirHandle(const FATFS_DIR&)</STRONG> (Thumb, 26 bytes, Stack size 16 bytes, fatdirhandle.o(.text))
<BR><BR>[Stack]<UL><LI>Max Depth = 24<LI>Call Chain = FATDirHandle::FATDirHandle(const FATFS_DIR&) &rArr; __aeabi_memcpy4
</UL>
<BR>[Calls]<UL><LI><a href="#[103]">&gt;&gt;</a>&nbsp;&nbsp;&nbsp;__aeabi_memcpy4
</UL>
<BR>[Called By]<UL><LI><a href="#[84]">&gt;&gt;</a>&nbsp;&nbsp;&nbsp;FATFileSystem::opendir(const char*)
</UL>

<P><STRONG><a name="[32f]"></a>FATDirHandle::FATDirHandle__sub_object(const FATFS_DIR&)</STRONG> (Thumb, 0 bytes, Stack size 16 bytes, fatdirhandle.o(.text), UNUSED)

<P><STRONG><a name="[330]"></a>_maybe_terminate_alloc</STRONG> (Thumb, 0 bytes, Stack size 16 bytes, maybetermalloc1.o(.emb_text), UNUSED)

<P><STRONG><a name="[7b]"></a>FATDirHandle::closedir()</STRONG> (Thumb, 18 bytes, Stack size 8 bytes, fatdirhandle.o(.text))
<BR><BR>[Stack]<UL><LI>Max Depth = 8<LI>Call Chain = FATDirHandle::closedir()
</UL>
<BR>[Address Reference Count : 1]<UL><LI> fatdirhandle.o(.constdata__ZTV12FATDirHandle)
</UL>
<P><STRONG><a name="[7c]"></a>FATDirHandle::readdir()</STRONG> (Thumb, 68 bytes, Stack size 48 bytes, fatdirhandle.o(.text))
<BR><BR>[Stack]<UL><LI>Max Depth = 408 + Unknown Stack Size
<LI>Call Chain = FATDirHandle::readdir() &rArr; f_readdir &rArr; dir_read(FATFS_DIR*) &rArr; dir_next(FATFS_DIR*, int) &rArr; create_chain(FATFS*, unsigned long) &rArr; put_fat(FATFS*, unsigned long, unsigned long) &rArr; move_window(FATFS*, unsigned long) &rArr; disk_read(unsigned char, unsigned char*, unsigned long, unsigned char) &rArr; debug_if(int, const char*, ...) &rArr; __c89vfprintf &rArr; _printf_char_file &rArr; _printf_char_common &rArr; __printf
</UL>
<BR>[Calls]<UL><LI><a href="#[104]">&gt;&gt;</a>&nbsp;&nbsp;&nbsp;f_readdir
<LI><a href="#[105]">&gt;&gt;</a>&nbsp;&nbsp;&nbsp;__aeabi_memcpy
</UL>
<BR>[Address Reference Count : 1]<UL><LI> fatdirhandle.o(.constdata__ZTV12FATDirHandle)
</UL>
<P><STRONG><a name="[7d]"></a>FATDirHandle::rewinddir()</STRONG> (Thumb, 6 bytes, Stack size 0 bytes, fatdirhandle.o(.text))
<BR>[Address Reference Count : 1]<UL><LI> fatdirhandle.o(.constdata__ZTV12FATDirHandle)
</UL>
<P><STRONG><a name="[7e]"></a>FATDirHandle::telldir()</STRONG> (Thumb, 6 bytes, Stack size 0 bytes, fatdirhandle.o(.text))
<BR>[Address Reference Count : 1]<UL><LI> fatdirhandle.o(.constdata__ZTV12FATDirHandle)
</UL>
<P><STRONG><a name="[7f]"></a>FATDirHandle::seekdir(long)</STRONG> (Thumb, 4 bytes, Stack size 0 bytes, fatdirhandle.o(.text))
<BR>[Address Reference Count : 1]<UL><LI> fatdirhandle.o(.constdata__ZTV12FATDirHandle)
</UL>
<P><STRONG><a name="[1d1]"></a>feof</STRONG> (Thumb, 8 bytes, Stack size 0 bytes, feof.o(.text))
<BR><BR>[Called By]<UL><LI><a href="#[19]">&gt;&gt;</a>&nbsp;&nbsp;&nbsp;cmd_convertbimage(unsigned char*, unsigned char)
<LI><a href="#[18]">&gt;&gt;</a>&nbsp;&nbsp;&nbsp;cmd_convert2bmp(unsigned char*, unsigned char)
<LI><a href="#[17]">&gt;&gt;</a>&nbsp;&nbsp;&nbsp;cmd_convert1bpp(unsigned char*, unsigned char)
</UL>

<P><STRONG><a name="[106]"></a>turnonLED(int, int)</STRONG> (Thumb, 150 bytes, Stack size 16 bytes, main.o(.text))
<BR><BR>[Stack]<UL><LI>Max Depth = 200 + Unknown Stack Size
<LI>Call Chain = turnonLED(int, int) &rArr; mbed::DigitalOut::operator =(int) &rArr; mbed::DigitalOut::write(int) &rArr; mbed_assert_internal &rArr;  mbed_die (Cycle)
</UL>
<BR>[Calls]<UL><LI><a href="#[107]">&gt;&gt;</a>&nbsp;&nbsp;&nbsp;mbed::DigitalOut::operator =(int)
<LI><a href="#[108]">&gt;&gt;</a>&nbsp;&nbsp;&nbsp;wait_ms
</UL>
<BR>[Called By]<UL><LI><a href="#[109]">&gt;&gt;</a>&nbsp;&nbsp;&nbsp;$Super$$main
</UL>

<P><STRONG><a name="[109]"></a>$Super$$main</STRONG> (Thumb, 266 bytes, Stack size 328 bytes, main.o(.text))
<BR><BR>[Stack]<UL><LI>Max Depth = 1784 + Unknown Stack Size
<LI>Call Chain = $Super$$main &rArr; cmd_findvalidfilename(unsigned char*, unsigned char) &rArr; mbed::Stream::printf(const char*, ...) &rArr; fflush &rArr; _do_fflush &rArr; _fflush &rArr; _writebuf &rArr; _sys_write &rArr; serial_init &rArr; serial_set_flow_control &rArr; gpio_init_out_ex &rArr; gpio_init &rArr; pin_function &rArr; mbed_assert_internal &rArr;  mbed_die (Cycle)
</UL>
<BR>[Calls]<UL><LI><a href="#[108]">&gt;&gt;</a>&nbsp;&nbsp;&nbsp;wait_ms
<LI><a href="#[10b]">&gt;&gt;</a>&nbsp;&nbsp;&nbsp;mbed::Stream::printf(const char*, ...)
<LI><a href="#[10a]">&gt;&gt;</a>&nbsp;&nbsp;&nbsp;mbed::SerialBase::baud(int)
<LI><a href="#[13]">&gt;&gt;</a>&nbsp;&nbsp;&nbsp;cmd_findvalidfilename(unsigned char*, unsigned char)
<LI><a href="#[10c]">&gt;&gt;</a>&nbsp;&nbsp;&nbsp;initialize_joystick()
<LI><a href="#[19]">&gt;&gt;</a>&nbsp;&nbsp;&nbsp;cmd_convertbimage(unsigned char*, unsigned char)
<LI><a href="#[15]">&gt;&gt;</a>&nbsp;&nbsp;&nbsp;cmd_takepicture(unsigned char*, unsigned char)
<LI><a href="#[12]">&gt;&gt;</a>&nbsp;&nbsp;&nbsp;cmd_removeall(unsigned char*, unsigned char)
<LI><a href="#[16]">&gt;&gt;</a>&nbsp;&nbsp;&nbsp;cmd_printer(unsigned char*, unsigned char)
<LI><a href="#[106]">&gt;&gt;</a>&nbsp;&nbsp;&nbsp;turnonLED(int, int)
<LI><a href="#[103]">&gt;&gt;</a>&nbsp;&nbsp;&nbsp;__aeabi_memcpy4
<LI><a href="#[10d]">&gt;&gt;</a>&nbsp;&nbsp;&nbsp;__2sprintf
</UL>
<BR>[Called By]<UL><LI><a href="#[100]">&gt;&gt;</a>&nbsp;&nbsp;&nbsp;main
</UL>

<P><STRONG><a name="[10e]"></a>SDFileSystem::SDFileSystem(PinName, PinName, PinName, PinName, const char*)</STRONG> (Thumb, 96 bytes, Stack size 40 bytes, sdfilesystem.o(.text))
<BR><BR>[Stack]<UL><LI>Max Depth = 520 + Unknown Stack Size
<LI>Call Chain = SDFileSystem::SDFileSystem(PinName, PinName, PinName, PinName, const char*) &rArr; mbed::SPI::SPI(PinName, PinName, PinName, PinName) &rArr; spi_init &rArr; spi_frequency &rArr; error &rArr; exit &rArr; fflush &rArr; _do_fflush &rArr; _fflush &rArr; _writebuf &rArr; _sys_write &rArr; serial_init &rArr; serial_set_flow_control &rArr; gpio_init_out_ex &rArr; gpio_init &rArr; pin_function &rArr; mbed_assert_internal &rArr;  mbed_die (Cycle)
</UL>
<BR>[Calls]<UL><LI><a href="#[118]">&gt;&gt;</a>&nbsp;&nbsp;&nbsp;mbed::SPI::SPI(PinName, PinName, PinName, PinName)
<LI><a href="#[117]">&gt;&gt;</a>&nbsp;&nbsp;&nbsp;FATFileSystem::FATFileSystem__sub_object(const char*)
<LI><a href="#[107]">&gt;&gt;</a>&nbsp;&nbsp;&nbsp;mbed::DigitalOut::operator =(int)
<LI><a href="#[119]">&gt;&gt;</a>&nbsp;&nbsp;&nbsp;gpio_init_out
<LI><a href="#[113]">&gt;&gt;</a>&nbsp;&nbsp;&nbsp;__aeabi_memclr4
</UL>
<BR>[Called By]<UL><LI><a href="#[c2]">&gt;&gt;</a>&nbsp;&nbsp;&nbsp;__sti___8_main_cpp_sd
</UL>

<P><STRONG><a name="[331]"></a>SDFileSystem::SDFileSystem__sub_object(PinName, PinName, PinName, PinName, const char*)</STRONG> (Thumb, 0 bytes, Stack size 40 bytes, sdfilesystem.o(.text), UNUSED)

<P><STRONG><a name="[11a]"></a>SDFileSystem::_cmd(int, int)</STRONG> (Thumb, 166 bytes, Stack size 24 bytes, sdfilesystem.o(.text))
<BR><BR>[Stack]<UL><LI>Max Depth = 464 + Unknown Stack Size
<LI>Call Chain = SDFileSystem::_cmd(int, int) &rArr; mbed::SPI::write(int) &rArr; spi_frequency &rArr; error &rArr; exit &rArr; fflush &rArr; _do_fflush &rArr; _fflush &rArr; _writebuf &rArr; _sys_write &rArr; serial_init &rArr; serial_set_flow_control &rArr; gpio_init_out_ex &rArr; gpio_init &rArr; pin_function &rArr; mbed_assert_internal &rArr;  mbed_die (Cycle)
</UL>
<BR>[Calls]<UL><LI><a href="#[bd]">&gt;&gt;</a>&nbsp;&nbsp;&nbsp;mbed::SPI::write(int)
<LI><a href="#[107]">&gt;&gt;</a>&nbsp;&nbsp;&nbsp;mbed::DigitalOut::operator =(int)
</UL>
<BR>[Called By]<UL><LI><a href="#[8a]">&gt;&gt;</a>&nbsp;&nbsp;&nbsp;SDFileSystem::disk_write(const unsigned char*, unsigned long long)
<LI><a href="#[89]">&gt;&gt;</a>&nbsp;&nbsp;&nbsp;SDFileSystem::disk_read(unsigned char*, unsigned long long)
<LI><a href="#[87]">&gt;&gt;</a>&nbsp;&nbsp;&nbsp;SDFileSystem::disk_initialize()
<LI><a href="#[124]">&gt;&gt;</a>&nbsp;&nbsp;&nbsp;SDFileSystem::initialise_card()
<LI><a href="#[122]">&gt;&gt;</a>&nbsp;&nbsp;&nbsp;SDFileSystem::initialise_card_v2()
<LI><a href="#[120]">&gt;&gt;</a>&nbsp;&nbsp;&nbsp;SDFileSystem::initialise_card_v1()
</UL>

<P><STRONG><a name="[11b]"></a>SDFileSystem::_read(unsigned char*, unsigned)</STRONG> (Thumb, 104 bytes, Stack size 24 bytes, sdfilesystem.o(.text))
<BR><BR>[Stack]<UL><LI>Max Depth = 464 + Unknown Stack Size
<LI>Call Chain = SDFileSystem::_read(unsigned char*, unsigned) &rArr; mbed::SPI::write(int) &rArr; spi_frequency &rArr; error &rArr; exit &rArr; fflush &rArr; _do_fflush &rArr; _fflush &rArr; _writebuf &rArr; _sys_write &rArr; serial_init &rArr; serial_set_flow_control &rArr; gpio_init_out_ex &rArr; gpio_init &rArr; pin_function &rArr; mbed_assert_internal &rArr;  mbed_die (Cycle)
</UL>
<BR>[Calls]<UL><LI><a href="#[bd]">&gt;&gt;</a>&nbsp;&nbsp;&nbsp;mbed::SPI::write(int)
<LI><a href="#[107]">&gt;&gt;</a>&nbsp;&nbsp;&nbsp;mbed::DigitalOut::operator =(int)
</UL>
<BR>[Called By]<UL><LI><a href="#[89]">&gt;&gt;</a>&nbsp;&nbsp;&nbsp;SDFileSystem::disk_read(unsigned char*, unsigned long long)
<LI><a href="#[11d]">&gt;&gt;</a>&nbsp;&nbsp;&nbsp;SDFileSystem::_sd_sectors()
</UL>

<P><STRONG><a name="[11c]"></a>SDFileSystem::_cmdx(int, int)</STRONG> (Thumb, 146 bytes, Stack size 24 bytes, sdfilesystem.o(.text))
<BR><BR>[Stack]<UL><LI>Max Depth = 464 + Unknown Stack Size
<LI>Call Chain = SDFileSystem::_cmdx(int, int) &rArr; mbed::SPI::write(int) &rArr; spi_frequency &rArr; error &rArr; exit &rArr; fflush &rArr; _do_fflush &rArr; _fflush &rArr; _writebuf &rArr; _sys_write &rArr; serial_init &rArr; serial_set_flow_control &rArr; gpio_init_out_ex &rArr; gpio_init &rArr; pin_function &rArr; mbed_assert_internal &rArr;  mbed_die (Cycle)
</UL>
<BR>[Calls]<UL><LI><a href="#[bd]">&gt;&gt;</a>&nbsp;&nbsp;&nbsp;mbed::SPI::write(int)
<LI><a href="#[107]">&gt;&gt;</a>&nbsp;&nbsp;&nbsp;mbed::DigitalOut::operator =(int)
</UL>
<BR>[Called By]<UL><LI><a href="#[11d]">&gt;&gt;</a>&nbsp;&nbsp;&nbsp;SDFileSystem::_sd_sectors()
</UL>

<P><STRONG><a name="[11d]"></a>SDFileSystem::_sd_sectors()</STRONG> (Thumb, 270 bytes, Stack size 88 bytes, sdfilesystem.o(.text))
<BR><BR>[Stack]<UL><LI>Max Depth = 552 + Unknown Stack Size
<LI>Call Chain = SDFileSystem::_sd_sectors() &rArr; SDFileSystem::_cmdx(int, int) &rArr; mbed::SPI::write(int) &rArr; spi_frequency &rArr; error &rArr; exit &rArr; fflush &rArr; _do_fflush &rArr; _fflush &rArr; _writebuf &rArr; _sys_write &rArr; serial_init &rArr; serial_set_flow_control &rArr; gpio_init_out_ex &rArr; gpio_init &rArr; pin_function &rArr; mbed_assert_internal &rArr;  mbed_die (Cycle)
</UL>
<BR>[Calls]<UL><LI><a href="#[11c]">&gt;&gt;</a>&nbsp;&nbsp;&nbsp;SDFileSystem::_cmdx(int, int)
<LI><a href="#[11b]">&gt;&gt;</a>&nbsp;&nbsp;&nbsp;SDFileSystem::_read(unsigned char*, unsigned)
<LI><a href="#[11e]">&gt;&gt;</a>&nbsp;&nbsp;&nbsp;debug(const char*, ...)
<LI><a href="#[11f]">&gt;&gt;</a>&nbsp;&nbsp;&nbsp;ext_bits(unsigned char*, int, int)
<LI><a href="#[115]">&gt;&gt;</a>&nbsp;&nbsp;&nbsp;debug_if(int, const char*, ...)
</UL>
<BR>[Called By]<UL><LI><a href="#[87]">&gt;&gt;</a>&nbsp;&nbsp;&nbsp;SDFileSystem::disk_initialize()
</UL>

<P><STRONG><a name="[120]"></a>SDFileSystem::initialise_card_v1()</STRONG> (Thumb, 70 bytes, Stack size 16 bytes, sdfilesystem.o(.text))
<BR><BR>[Stack]<UL><LI>Max Depth = 480 + Unknown Stack Size
<LI>Call Chain = SDFileSystem::initialise_card_v1() &rArr; SDFileSystem::_cmd(int, int) &rArr; mbed::SPI::write(int) &rArr; spi_frequency &rArr; error &rArr; exit &rArr; fflush &rArr; _do_fflush &rArr; _fflush &rArr; _writebuf &rArr; _sys_write &rArr; serial_init &rArr; serial_set_flow_control &rArr; gpio_init_out_ex &rArr; gpio_init &rArr; pin_function &rArr; mbed_assert_internal &rArr;  mbed_die (Cycle)
</UL>
<BR>[Calls]<UL><LI><a href="#[11a]">&gt;&gt;</a>&nbsp;&nbsp;&nbsp;SDFileSystem::_cmd(int, int)
<LI><a href="#[11e]">&gt;&gt;</a>&nbsp;&nbsp;&nbsp;debug(const char*, ...)
<LI><a href="#[115]">&gt;&gt;</a>&nbsp;&nbsp;&nbsp;debug_if(int, const char*, ...)
</UL>
<BR>[Called By]<UL><LI><a href="#[124]">&gt;&gt;</a>&nbsp;&nbsp;&nbsp;SDFileSystem::initialise_card()
</UL>

<P><STRONG><a name="[121]"></a>SDFileSystem::_cmd58()</STRONG> (Thumb, 506 bytes, Stack size 24 bytes, sdfilesystem.o(.text))
<BR><BR>[Stack]<UL><LI>Max Depth = 464 + Unknown Stack Size
<LI>Call Chain = SDFileSystem::_cmd58() &rArr; mbed::SPI::write(int) &rArr; spi_frequency &rArr; error &rArr; exit &rArr; fflush &rArr; _do_fflush &rArr; _fflush &rArr; _writebuf &rArr; _sys_write &rArr; serial_init &rArr; serial_set_flow_control &rArr; gpio_init_out_ex &rArr; gpio_init &rArr; pin_function &rArr; mbed_assert_internal &rArr;  mbed_die (Cycle)
</UL>
<BR>[Calls]<UL><LI><a href="#[bd]">&gt;&gt;</a>&nbsp;&nbsp;&nbsp;mbed::SPI::write(int)
<LI><a href="#[107]">&gt;&gt;</a>&nbsp;&nbsp;&nbsp;mbed::DigitalOut::operator =(int)
</UL>
<BR>[Called By]<UL><LI><a href="#[122]">&gt;&gt;</a>&nbsp;&nbsp;&nbsp;SDFileSystem::initialise_card_v2()
</UL>

<P><STRONG><a name="[122]"></a>SDFileSystem::initialise_card_v2()</STRONG> (Thumb, 88 bytes, Stack size 16 bytes, sdfilesystem.o(.text))
<BR><BR>[Stack]<UL><LI>Max Depth = 480 + Unknown Stack Size
<LI>Call Chain = SDFileSystem::initialise_card_v2() &rArr; SDFileSystem::_cmd58() &rArr; mbed::SPI::write(int) &rArr; spi_frequency &rArr; error &rArr; exit &rArr; fflush &rArr; _do_fflush &rArr; _fflush &rArr; _writebuf &rArr; _sys_write &rArr; serial_init &rArr; serial_set_flow_control &rArr; gpio_init_out_ex &rArr; gpio_init &rArr; pin_function &rArr; mbed_assert_internal &rArr;  mbed_die (Cycle)
</UL>
<BR>[Calls]<UL><LI><a href="#[121]">&gt;&gt;</a>&nbsp;&nbsp;&nbsp;SDFileSystem::_cmd58()
<LI><a href="#[11a]">&gt;&gt;</a>&nbsp;&nbsp;&nbsp;SDFileSystem::_cmd(int, int)
<LI><a href="#[11e]">&gt;&gt;</a>&nbsp;&nbsp;&nbsp;debug(const char*, ...)
<LI><a href="#[115]">&gt;&gt;</a>&nbsp;&nbsp;&nbsp;debug_if(int, const char*, ...)
<LI><a href="#[108]">&gt;&gt;</a>&nbsp;&nbsp;&nbsp;wait_ms
</UL>
<BR>[Called By]<UL><LI><a href="#[124]">&gt;&gt;</a>&nbsp;&nbsp;&nbsp;SDFileSystem::initialise_card()
</UL>

<P><STRONG><a name="[123]"></a>SDFileSystem::_cmd8()</STRONG> (Thumb, 190 bytes, Stack size 24 bytes, sdfilesystem.o(.text))
<BR><BR>[Stack]<UL><LI>Max Depth = 464 + Unknown Stack Size
<LI>Call Chain = SDFileSystem::_cmd8() &rArr; mbed::SPI::write(int) &rArr; spi_frequency &rArr; error &rArr; exit &rArr; fflush &rArr; _do_fflush &rArr; _fflush &rArr; _writebuf &rArr; _sys_write &rArr; serial_init &rArr; serial_set_flow_control &rArr; gpio_init_out_ex &rArr; gpio_init &rArr; pin_function &rArr; mbed_assert_internal &rArr;  mbed_die (Cycle)
</UL>
<BR>[Calls]<UL><LI><a href="#[bd]">&gt;&gt;</a>&nbsp;&nbsp;&nbsp;mbed::SPI::write(int)
<LI><a href="#[107]">&gt;&gt;</a>&nbsp;&nbsp;&nbsp;mbed::DigitalOut::operator =(int)
</UL>
<BR>[Called By]<UL><LI><a href="#[124]">&gt;&gt;</a>&nbsp;&nbsp;&nbsp;SDFileSystem::initialise_card()
</UL>

<P><STRONG><a name="[124]"></a>SDFileSystem::initialise_card()</STRONG> (Thumb, 110 bytes, Stack size 16 bytes, sdfilesystem.o(.text))
<BR><BR>[Stack]<UL><LI>Max Depth = 496 + Unknown Stack Size
<LI>Call Chain = SDFileSystem::initialise_card() &rArr; SDFileSystem::initialise_card_v2() &rArr; SDFileSystem::_cmd58() &rArr; mbed::SPI::write(int) &rArr; spi_frequency &rArr; error &rArr; exit &rArr; fflush &rArr; _do_fflush &rArr; _fflush &rArr; _writebuf &rArr; _sys_write &rArr; serial_init &rArr; serial_set_flow_control &rArr; gpio_init_out_ex &rArr; gpio_init &rArr; pin_function &rArr; mbed_assert_internal &rArr;  mbed_die (Cycle)
</UL>
<BR>[Calls]<UL><LI><a href="#[125]">&gt;&gt;</a>&nbsp;&nbsp;&nbsp;mbed::SPI::frequency(int)
<LI><a href="#[bd]">&gt;&gt;</a>&nbsp;&nbsp;&nbsp;mbed::SPI::write(int)
<LI><a href="#[123]">&gt;&gt;</a>&nbsp;&nbsp;&nbsp;SDFileSystem::_cmd8()
<LI><a href="#[122]">&gt;&gt;</a>&nbsp;&nbsp;&nbsp;SDFileSystem::initialise_card_v2()
<LI><a href="#[120]">&gt;&gt;</a>&nbsp;&nbsp;&nbsp;SDFileSystem::initialise_card_v1()
<LI><a href="#[11a]">&gt;&gt;</a>&nbsp;&nbsp;&nbsp;SDFileSystem::_cmd(int, int)
<LI><a href="#[11e]">&gt;&gt;</a>&nbsp;&nbsp;&nbsp;debug(const char*, ...)
<LI><a href="#[107]">&gt;&gt;</a>&nbsp;&nbsp;&nbsp;mbed::DigitalOut::operator =(int)
</UL>
<BR>[Called By]<UL><LI><a href="#[87]">&gt;&gt;</a>&nbsp;&nbsp;&nbsp;SDFileSystem::disk_initialize()
</UL>

<P><STRONG><a name="[87]"></a>SDFileSystem::disk_initialize()</STRONG> (Thumb, 72 bytes, Stack size 16 bytes, sdfilesystem.o(.text))
<BR><BR>[Stack]<UL><LI>Max Depth = 568 + Unknown Stack Size
<LI>Call Chain = SDFileSystem::disk_initialize() &rArr; SDFileSystem::_sd_sectors() &rArr; SDFileSystem::_cmdx(int, int) &rArr; mbed::SPI::write(int) &rArr; spi_frequency &rArr; error &rArr; exit &rArr; fflush &rArr; _do_fflush &rArr; _fflush &rArr; _writebuf &rArr; _sys_write &rArr; serial_init &rArr; serial_set_flow_control &rArr; gpio_init_out_ex &rArr; gpio_init &rArr; pin_function &rArr; mbed_assert_internal &rArr;  mbed_die (Cycle)
</UL>
<BR>[Calls]<UL><LI><a href="#[125]">&gt;&gt;</a>&nbsp;&nbsp;&nbsp;mbed::SPI::frequency(int)
<LI><a href="#[124]">&gt;&gt;</a>&nbsp;&nbsp;&nbsp;SDFileSystem::initialise_card()
<LI><a href="#[11d]">&gt;&gt;</a>&nbsp;&nbsp;&nbsp;SDFileSystem::_sd_sectors()
<LI><a href="#[11a]">&gt;&gt;</a>&nbsp;&nbsp;&nbsp;SDFileSystem::_cmd(int, int)
<LI><a href="#[11e]">&gt;&gt;</a>&nbsp;&nbsp;&nbsp;debug(const char*, ...)
<LI><a href="#[115]">&gt;&gt;</a>&nbsp;&nbsp;&nbsp;debug_if(int, const char*, ...)
</UL>
<BR>[Address Reference Count : 1]<UL><LI> sdfilesystem.o(.constdata__ZTV12SDFileSystem)
</UL>
<P><STRONG><a name="[88]"></a>SDFileSystem::disk_status()</STRONG> (Thumb, 6 bytes, Stack size 0 bytes, sdfilesystem.o(.text))
<BR>[Address Reference Count : 1]<UL><LI> sdfilesystem.o(.constdata__ZTV12SDFileSystem)
</UL>
<P><STRONG><a name="[89]"></a>SDFileSystem::disk_read(unsigned char*, unsigned long long)</STRONG> (Thumb, 52 bytes, Stack size 24 bytes, sdfilesystem.o(.text))
<BR><BR>[Stack]<UL><LI>Max Depth = 488 + Unknown Stack Size
<LI>Call Chain = SDFileSystem::disk_read(unsigned char*, unsigned long long) &rArr; SDFileSystem::_read(unsigned char*, unsigned) &rArr; mbed::SPI::write(int) &rArr; spi_frequency &rArr; error &rArr; exit &rArr; fflush &rArr; _do_fflush &rArr; _fflush &rArr; _writebuf &rArr; _sys_write &rArr; serial_init &rArr; serial_set_flow_control &rArr; gpio_init_out_ex &rArr; gpio_init &rArr; pin_function &rArr; mbed_assert_internal &rArr;  mbed_die (Cycle)
</UL>
<BR>[Calls]<UL><LI><a href="#[11b]">&gt;&gt;</a>&nbsp;&nbsp;&nbsp;SDFileSystem::_read(unsigned char*, unsigned)
<LI><a href="#[11a]">&gt;&gt;</a>&nbsp;&nbsp;&nbsp;SDFileSystem::_cmd(int, int)
</UL>
<BR>[Address Reference Count : 1]<UL><LI> sdfilesystem.o(.constdata__ZTV12SDFileSystem)
</UL>
<P><STRONG><a name="[126]"></a>SDFileSystem::_write(const unsigned char*, unsigned)</STRONG> (Thumb, 154 bytes, Stack size 24 bytes, sdfilesystem.o(.text))
<BR><BR>[Stack]<UL><LI>Max Depth = 464 + Unknown Stack Size
<LI>Call Chain = SDFileSystem::_write(const unsigned char*, unsigned) &rArr; mbed::SPI::write(int) &rArr; spi_frequency &rArr; error &rArr; exit &rArr; fflush &rArr; _do_fflush &rArr; _fflush &rArr; _writebuf &rArr; _sys_write &rArr; serial_init &rArr; serial_set_flow_control &rArr; gpio_init_out_ex &rArr; gpio_init &rArr; pin_function &rArr; mbed_assert_internal &rArr;  mbed_die (Cycle)
</UL>
<BR>[Calls]<UL><LI><a href="#[bd]">&gt;&gt;</a>&nbsp;&nbsp;&nbsp;mbed::SPI::write(int)
<LI><a href="#[107]">&gt;&gt;</a>&nbsp;&nbsp;&nbsp;mbed::DigitalOut::operator =(int)
</UL>
<BR>[Called By]<UL><LI><a href="#[8a]">&gt;&gt;</a>&nbsp;&nbsp;&nbsp;SDFileSystem::disk_write(const unsigned char*, unsigned long long)
</UL>

<P><STRONG><a name="[8a]"></a>SDFileSystem::disk_write(const unsigned char*, unsigned long long)</STRONG> (Thumb, 52 bytes, Stack size 24 bytes, sdfilesystem.o(.text))
<BR><BR>[Stack]<UL><LI>Max Depth = 488 + Unknown Stack Size
<LI>Call Chain = SDFileSystem::disk_write(const unsigned char*, unsigned long long) &rArr; SDFileSystem::_write(const unsigned char*, unsigned) &rArr; mbed::SPI::write(int) &rArr; spi_frequency &rArr; error &rArr; exit &rArr; fflush &rArr; _do_fflush &rArr; _fflush &rArr; _writebuf &rArr; _sys_write &rArr; serial_init &rArr; serial_set_flow_control &rArr; gpio_init_out_ex &rArr; gpio_init &rArr; pin_function &rArr; mbed_assert_internal &rArr;  mbed_die (Cycle)
</UL>
<BR>[Calls]<UL><LI><a href="#[126]">&gt;&gt;</a>&nbsp;&nbsp;&nbsp;SDFileSystem::_write(const unsigned char*, unsigned)
<LI><a href="#[11a]">&gt;&gt;</a>&nbsp;&nbsp;&nbsp;SDFileSystem::_cmd(int, int)
</UL>
<BR>[Address Reference Count : 1]<UL><LI> sdfilesystem.o(.constdata__ZTV12SDFileSystem)
</UL>
<P><STRONG><a name="[8b]"></a>SDFileSystem::disk_sync()</STRONG> (Thumb, 6 bytes, Stack size 0 bytes, sdfilesystem.o(.text))
<BR>[Address Reference Count : 1]<UL><LI> sdfilesystem.o(.constdata__ZTV12SDFileSystem)
</UL>
<P><STRONG><a name="[8c]"></a>SDFileSystem::disk_sectors()</STRONG> (Thumb, 10 bytes, Stack size 0 bytes, sdfilesystem.o(.text))
<BR>[Address Reference Count : 1]<UL><LI> sdfilesystem.o(.constdata__ZTV12SDFileSystem)
</UL>
<P><STRONG><a name="[128]"></a>FATFileHandle::FATFileHandle(FIL)</STRONG> (Thumb, 32 bytes, Stack size 24 bytes, fatfilehandle.o(.text))
<BR><BR>[Stack]<UL><LI>Max Depth = 32<LI>Call Chain = FATFileHandle::FATFileHandle(FIL) &rArr; __aeabi_memcpy4
</UL>
[...]
<BR><BR>[Stack]<UL><LI>Max Depth = 12<LI>Call Chain = sum_sfn(const unsigned char*)
</UL>
<BR>[Called By]<UL><LI><a href="#[152]">&gt;&gt;</a>&nbsp;&nbsp;&nbsp;dir_register(FATFS_DIR*)
<LI><a href="#[150]">&gt;&gt;</a>&nbsp;&nbsp;&nbsp;dir_read(FATFS_DIR*)
<LI><a href="#[14d]">&gt;&gt;</a>&nbsp;&nbsp;&nbsp;dir_find(FATFS_DIR*)
</UL>

<P><STRONG><a name="[14d]"></a>dir_find(FATFS_DIR*)</STRONG> (Thumb, 222 bytes, Stack size 32 bytes, ff.o(.text))
<BR><BR>[Stack]<UL><LI>Max Depth = 328 + Unknown Stack Size
<LI>Call Chain = dir_find(FATFS_DIR*) &rArr; dir_next(FATFS_DIR*, int) &rArr; create_chain(FATFS*, unsigned long) &rArr; put_fat(FATFS*, unsigned long, unsigned long) &rArr; move_window(FATFS*, unsigned long) &rArr; disk_read(unsigned char, unsigned char*, unsigned long, unsigned char) &rArr; debug_if(int, const char*, ...) &rArr; __c89vfprintf &rArr; _printf_char_file &rArr; _printf_char_common &rArr; __printf
</UL>
<BR>[Calls]<UL><LI><a href="#[14e]">&gt;&gt;</a>&nbsp;&nbsp;&nbsp;sum_sfn(const unsigned char*)
<LI><a href="#[149]">&gt;&gt;</a>&nbsp;&nbsp;&nbsp;cmp_lfn(unsigned short*, unsigned char*)
<LI><a href="#[148]">&gt;&gt;</a>&nbsp;&nbsp;&nbsp;dir_next(FATFS_DIR*, int)
<LI><a href="#[146]">&gt;&gt;</a>&nbsp;&nbsp;&nbsp;dir_sdi(FATFS_DIR*, unsigned short)
<LI><a href="#[13c]">&gt;&gt;</a>&nbsp;&nbsp;&nbsp;move_window(FATFS*, unsigned long)
<LI><a href="#[14f]">&gt;&gt;</a>&nbsp;&nbsp;&nbsp;mem_cmp(const void*, const void*, unsigned)
</UL>
<BR>[Called By]<UL><LI><a href="#[159]">&gt;&gt;</a>&nbsp;&nbsp;&nbsp;follow_path(FATFS_DIR*, const char*)
<LI><a href="#[152]">&gt;&gt;</a>&nbsp;&nbsp;&nbsp;dir_register(FATFS_DIR*)
</UL>

<P><STRONG><a name="[150]"></a>dir_read(FATFS_DIR*)</STRONG> (Thumb, 190 bytes, Stack size 32 bytes, ff.o(.text))
<BR><BR>[Stack]<UL><LI>Max Depth = 328 + Unknown Stack Size
<LI>Call Chain = dir_read(FATFS_DIR*) &rArr; dir_next(FATFS_DIR*, int) &rArr; create_chain(FATFS*, unsigned long) &rArr; put_fat(FATFS*, unsigned long, unsigned long) &rArr; move_window(FATFS*, unsigned long) &rArr; disk_read(unsigned char, unsigned char*, unsigned long, unsigned char) &rArr; debug_if(int, const char*, ...) &rArr; __c89vfprintf &rArr; _printf_char_file &rArr; _printf_char_common &rArr; __printf
</UL>
<BR>[Calls]<UL><LI><a href="#[14e]">&gt;&gt;</a>&nbsp;&nbsp;&nbsp;sum_sfn(const unsigned char*)
<LI><a href="#[151]">&gt;&gt;</a>&nbsp;&nbsp;&nbsp;pick_lfn(unsigned short*, unsigned char*)
<LI><a href="#[148]">&gt;&gt;</a>&nbsp;&nbsp;&nbsp;dir_next(FATFS_DIR*, int)
<LI><a href="#[13c]">&gt;&gt;</a>&nbsp;&nbsp;&nbsp;move_window(FATFS*, unsigned long)
</UL>
<BR>[Called By]<UL><LI><a href="#[138]">&gt;&gt;</a>&nbsp;&nbsp;&nbsp;f_unlink
<LI><a href="#[104]">&gt;&gt;</a>&nbsp;&nbsp;&nbsp;f_readdir
</UL>

<P><STRONG><a name="[152]"></a>dir_register(FATFS_DIR*)</STRONG> (Thumb, 400 bytes, Stack size 56 bytes, ff.o(.text))
<BR><BR>[Stack]<UL><LI>Max Depth = 384 + Unknown Stack Size
<LI>Call Chain = dir_register(FATFS_DIR*) &rArr; dir_find(FATFS_DIR*) &rArr; dir_next(FATFS_DIR*, int) &rArr; create_chain(FATFS*, unsigned long) &rArr; put_fat(FATFS*, unsigned long, unsigned long) &rArr; move_window(FATFS*, unsigned long) &rArr; disk_read(unsigned char, unsigned char*, unsigned long, unsigned char) &rArr; debug_if(int, const char*, ...) &rArr; __c89vfprintf &rArr; _printf_char_file &rArr; _printf_char_common &rArr; __printf
</UL>
<BR>[Calls]<UL><LI><a href="#[14b]">&gt;&gt;</a>&nbsp;&nbsp;&nbsp;gen_numname(unsigned char*, const unsigned char*, const unsigned short*, unsigned short)
<LI><a href="#[14d]">&gt;&gt;</a>&nbsp;&nbsp;&nbsp;dir_find(FATFS_DIR*)
<LI><a href="#[14e]">&gt;&gt;</a>&nbsp;&nbsp;&nbsp;sum_sfn(const unsigned char*)
<LI><a href="#[153]">&gt;&gt;</a>&nbsp;&nbsp;&nbsp;fit_lfn(const unsigned short*, unsigned char*, unsigned char, unsigned char)
<LI><a href="#[148]">&gt;&gt;</a>&nbsp;&nbsp;&nbsp;dir_next(FATFS_DIR*, int)
<LI><a href="#[146]">&gt;&gt;</a>&nbsp;&nbsp;&nbsp;dir_sdi(FATFS_DIR*, unsigned short)
<LI><a href="#[13c]">&gt;&gt;</a>&nbsp;&nbsp;&nbsp;move_window(FATFS*, unsigned long)
<LI><a href="#[140]">&gt;&gt;</a>&nbsp;&nbsp;&nbsp;mem_set(void*, int, unsigned)
<LI><a href="#[14c]">&gt;&gt;</a>&nbsp;&nbsp;&nbsp;mem_cpy(void*, const void*, unsigned)
</UL>
<BR>[Called By]<UL><LI><a href="#[166]">&gt;&gt;</a>&nbsp;&nbsp;&nbsp;f_rename
<LI><a href="#[136]">&gt;&gt;</a>&nbsp;&nbsp;&nbsp;f_open
<LI><a href="#[13b]">&gt;&gt;</a>&nbsp;&nbsp;&nbsp;f_mkdir
</UL>

<P><STRONG><a name="[154]"></a>dir_remove(FATFS_DIR*)</STRONG> (Thumb, 96 bytes, Stack size 16 bytes, ff.o(.text))
<BR><BR>[Stack]<UL><LI>Max Depth = 312 + Unknown Stack Size
<LI>Call Chain = dir_remove(FATFS_DIR*) &rArr; dir_next(FATFS_DIR*, int) &rArr; create_chain(FATFS*, unsigned long) &rArr; put_fat(FATFS*, unsigned long, unsigned long) &rArr; move_window(FATFS*, unsigned long) &rArr; disk_read(unsigned char, unsigned char*, unsigned long, unsigned char) &rArr; debug_if(int, const char*, ...) &rArr; __c89vfprintf &rArr; _printf_char_file &rArr; _printf_char_common &rArr; __printf
</UL>
<BR>[Calls]<UL><LI><a href="#[148]">&gt;&gt;</a>&nbsp;&nbsp;&nbsp;dir_next(FATFS_DIR*, int)
<LI><a href="#[146]">&gt;&gt;</a>&nbsp;&nbsp;&nbsp;dir_sdi(FATFS_DIR*, unsigned short)
<LI><a href="#[13c]">&gt;&gt;</a>&nbsp;&nbsp;&nbsp;move_window(FATFS*, unsigned long)
</UL>
<BR>[Called By]<UL><LI><a href="#[166]">&gt;&gt;</a>&nbsp;&nbsp;&nbsp;f_rename
<LI><a href="#[138]">&gt;&gt;</a>&nbsp;&nbsp;&nbsp;f_unlink
</UL>

<P><STRONG><a name="[155]"></a>create_name(FATFS_DIR*, const char**)</STRONG> (Thumb, 534 bytes, Stack size 56 bytes, ff.o(.text))
<BR><BR>[Stack]<UL><LI>Max Depth = 68<LI>Call Chain = create_name(FATFS_DIR*, const char**) &rArr; mem_set(void*, int, unsigned)
</UL>
<BR>[Calls]<UL><LI><a href="#[157]">&gt;&gt;</a>&nbsp;&nbsp;&nbsp;chk_chr(const char*, int)
<LI><a href="#[140]">&gt;&gt;</a>&nbsp;&nbsp;&nbsp;mem_set(void*, int, unsigned)
<LI><a href="#[156]">&gt;&gt;</a>&nbsp;&nbsp;&nbsp;ff_convert
</UL>
<BR>[Called By]<UL><LI><a href="#[159]">&gt;&gt;</a>&nbsp;&nbsp;&nbsp;follow_path(FATFS_DIR*, const char*)
</UL>

<P><STRONG><a name="[158]"></a>get_fileinfo(FATFS_DIR*, FILINFO*)</STRONG> (Thumb, 296 bytes, Stack size 48 bytes, ff.o(.text))
<BR><BR>[Stack]<UL><LI>Max Depth = 56<LI>Call Chain = get_fileinfo(FATFS_DIR*, FILINFO*) &rArr; ff_convert
</UL>
<BR>[Calls]<UL><LI><a href="#[156]">&gt;&gt;</a>&nbsp;&nbsp;&nbsp;ff_convert
</UL>
<BR>[Called By]<UL><LI><a href="#[161]">&gt;&gt;</a>&nbsp;&nbsp;&nbsp;f_stat
<LI><a href="#[104]">&gt;&gt;</a>&nbsp;&nbsp;&nbsp;f_readdir
</UL>

<P><STRONG><a name="[159]"></a>follow_path(FATFS_DIR*, const char*)</STRONG> (Thumb, 146 bytes, Stack size 32 bytes, ff.o(.text))
<BR><BR>[Stack]<UL><LI>Max Depth = 360 + Unknown Stack Size
<LI>Call Chain = follow_path(FATFS_DIR*, const char*) &rArr; dir_find(FATFS_DIR*) &rArr; dir_next(FATFS_DIR*, int) &rArr; create_chain(FATFS*, unsigned long) &rArr; put_fat(FATFS*, unsigned long, unsigned long) &rArr; move_window(FATFS*, unsigned long) &rArr; disk_read(unsigned char, unsigned char*, unsigned long, unsigned char) &rArr; debug_if(int, const char*, ...) &rArr; __c89vfprintf &rArr; _printf_char_file &rArr; _printf_char_common &rArr; __printf
</UL>
<BR>[Calls]<UL><LI><a href="#[155]">&gt;&gt;</a>&nbsp;&nbsp;&nbsp;create_name(FATFS_DIR*, const char**)
<LI><a href="#[14d]">&gt;&gt;</a>&nbsp;&nbsp;&nbsp;dir_find(FATFS_DIR*)
<LI><a href="#[15a]">&gt;&gt;</a>&nbsp;&nbsp;&nbsp;ld_clust(FATFS*, unsigned char*)
<LI><a href="#[146]">&gt;&gt;</a>&nbsp;&nbsp;&nbsp;dir_sdi(FATFS_DIR*, unsigned short)
</UL>
<BR>[Called By]<UL><LI><a href="#[166]">&gt;&gt;</a>&nbsp;&nbsp;&nbsp;f_rename
<LI><a href="#[165]">&gt;&gt;</a>&nbsp;&nbsp;&nbsp;f_utime
<LI><a href="#[164]">&gt;&gt;</a>&nbsp;&nbsp;&nbsp;f_chmod
<LI><a href="#[161]">&gt;&gt;</a>&nbsp;&nbsp;&nbsp;f_stat
<LI><a href="#[138]">&gt;&gt;</a>&nbsp;&nbsp;&nbsp;f_unlink
<LI><a href="#[13a]">&gt;&gt;</a>&nbsp;&nbsp;&nbsp;f_opendir
<LI><a href="#[136]">&gt;&gt;</a>&nbsp;&nbsp;&nbsp;f_open
<LI><a href="#[13b]">&gt;&gt;</a>&nbsp;&nbsp;&nbsp;f_mkdir
</UL>

<P><STRONG><a name="[15b]"></a>check_fs(FATFS*, unsigned long)</STRONG> (Thumb, 166 bytes, Stack size 16 bytes, ff.o(.text))
<BR><BR>[Stack]<UL><LI>Max Depth = 200 + Unknown Stack Size
<LI>Call Chain = check_fs(FATFS*, unsigned long) &rArr; disk_read(unsigned char, unsigned char*, unsigned long, unsigned char) &rArr; debug_if(int, const char*, ...) &rArr; __c89vfprintf &rArr; _printf_char_file &rArr; _printf_char_common &rArr; __printf
</UL>
<BR>[Calls]<UL><LI><a href="#[13e]">&gt;&gt;</a>&nbsp;&nbsp;&nbsp;disk_read(unsigned char, unsigned char*, unsigned long, unsigned char)
</UL>
<BR>[Called By]<UL><LI><a href="#[15c]">&gt;&gt;</a>&nbsp;&nbsp;&nbsp;chk_mounted(const char**, FATFS**, unsigned char)
</UL>

<P><STRONG><a name="[15c]"></a>chk_mounted(const char**, FATFS**, unsigned char)</STRONG> (Thumb, 904 bytes, Stack size 80 bytes, ff.o(.text))
<BR><BR>[Stack]<UL><LI>Max Depth = 280 + Unknown Stack Size
<LI>Call Chain = chk_mounted(const char**, FATFS**, unsigned char) &rArr; check_fs(FATFS*, unsigned long) &rArr; disk_read(unsigned char, unsigned char*, unsigned long, unsigned char) &rArr; debug_if(int, const char*, ...) &rArr; __c89vfprintf &rArr; _printf_char_file &rArr; _printf_char_common &rArr; __printf
</UL>
<BR>[Calls]<UL><LI><a href="#[13e]">&gt;&gt;</a>&nbsp;&nbsp;&nbsp;disk_read(unsigned char, unsigned char*, unsigned long, unsigned char)
<LI><a href="#[15e]">&gt;&gt;</a>&nbsp;&nbsp;&nbsp;disk_initialize(unsigned char)
<LI><a href="#[15d]">&gt;&gt;</a>&nbsp;&nbsp;&nbsp;disk_status(unsigned char)
<LI><a href="#[15b]">&gt;&gt;</a>&nbsp;&nbsp;&nbsp;check_fs(FATFS*, unsigned long)
</UL>
<BR>[Called By]<UL><LI><a href="#[166]">&gt;&gt;</a>&nbsp;&nbsp;&nbsp;f_rename
<LI><a href="#[165]">&gt;&gt;</a>&nbsp;&nbsp;&nbsp;f_utime
<LI><a href="#[164]">&gt;&gt;</a>&nbsp;&nbsp;&nbsp;f_chmod
<LI><a href="#[162]">&gt;&gt;</a>&nbsp;&nbsp;&nbsp;f_getfree
<LI><a href="#[161]">&gt;&gt;</a>&nbsp;&nbsp;&nbsp;f_stat
<LI><a href="#[138]">&gt;&gt;</a>&nbsp;&nbsp;&nbsp;f_unlink
<LI><a href="#[13a]">&gt;&gt;</a>&nbsp;&nbsp;&nbsp;f_opendir
<LI><a href="#[136]">&gt;&gt;</a>&nbsp;&nbsp;&nbsp;f_open
<LI><a href="#[13b]">&gt;&gt;</a>&nbsp;&nbsp;&nbsp;f_mkdir
</UL>

<P><STRONG><a name="[15f]"></a>validate(void*)</STRONG> (Thumb, 52 bytes, Stack size 16 bytes, ff.o(.text))
<BR><BR>[Stack]<UL><LI>Max Depth = 176 + Unknown Stack Size
<LI>Call Chain = validate(void*) &rArr; disk_status(unsigned char) &rArr; debug_if(int, const char*, ...) &rArr; __c89vfprintf &rArr; _printf_char_file &rArr; _printf_char_common &rArr; __printf
</UL>
<BR>[Calls]<UL><LI><a href="#[15d]">&gt;&gt;</a>&nbsp;&nbsp;&nbsp;disk_status(unsigned char)
</UL>
<BR>[Called By]<UL><LI><a href="#[163]">&gt;&gt;</a>&nbsp;&nbsp;&nbsp;f_truncate
<LI><a href="#[12a]">&gt;&gt;</a>&nbsp;&nbsp;&nbsp;f_write
<LI><a href="#[12d]">&gt;&gt;</a>&nbsp;&nbsp;&nbsp;f_sync
<LI><a href="#[12b]">&gt;&gt;</a>&nbsp;&nbsp;&nbsp;f_read
<LI><a href="#[12c]">&gt;&gt;</a>&nbsp;&nbsp;&nbsp;f_lseek
<LI><a href="#[104]">&gt;&gt;</a>&nbsp;&nbsp;&nbsp;f_readdir
</UL>

<P><STRONG><a name="[167]"></a>debug_if(int, const char*, ...)</STRONG> (Thumb, 36 bytes, Stack size 32 bytes, diskio.o(.text))
<BR><BR>[Stack]<UL><LI>Max Depth = 152 + Unknown Stack Size
<LI>Call Chain = debug_if(int, const char*, ...) &rArr; __c89vfprintf &rArr; _printf_char_file &rArr; _printf_char_common &rArr; __printf
</UL>
<BR>[Calls]<UL><LI><a href="#[116]">&gt;&gt;</a>&nbsp;&nbsp;&nbsp;__c89vfprintf
</UL>
<BR>[Called By]<UL><LI><a href="#[13e]">&gt;&gt;</a>&nbsp;&nbsp;&nbsp;disk_read(unsigned char, unsigned char*, unsigned long, unsigned char)
<LI><a href="#[15e]">&gt;&gt;</a>&nbsp;&nbsp;&nbsp;disk_initialize(unsigned char)
<LI><a href="#[15d]">&gt;&gt;</a>&nbsp;&nbsp;&nbsp;disk_status(unsigned char)
<LI><a href="#[13d]">&gt;&gt;</a>&nbsp;&nbsp;&nbsp;disk_write(unsigned char, const unsigned char*, unsigned long, unsigned char)
<LI><a href="#[141]">&gt;&gt;</a>&nbsp;&nbsp;&nbsp;disk_ioctl(unsigned char, unsigned char, void*)
</UL>

<P><STRONG><a name="[c3]"></a>__sti___17_serial_camera_cpp_OE</STRONG> (Thumb, 50 bytes, Stack size 16 bytes, serial_camera.o(.text))
<BR><BR>[Stack]<UL><LI>Max Depth = 472 + Unknown Stack Size
<LI>Call Chain = __sti___17_serial_camera_cpp_OE &rArr; mbed::Serial::Serial(PinName, PinName, const char*) &rArr; mbed::Stream::Stream__sub_object(const char*) &rArr; fopen &rArr; freopen &rArr; _fclose_internal &rArr; _fflush &rArr; _writebuf &rArr; _sys_write &rArr; serial_init &rArr; serial_set_flow_control &rArr; gpio_init_out_ex &rArr; gpio_init &rArr; pin_function &rArr; mbed_assert_internal &rArr;  mbed_die (Cycle)
</UL>
<BR>[Calls]<UL><LI><a href="#[119]">&gt;&gt;</a>&nbsp;&nbsp;&nbsp;gpio_init_out
<LI><a href="#[111]">&gt;&gt;</a>&nbsp;&nbsp;&nbsp;mbed::Serial::Serial(PinName, PinName, const char*)
<LI><a href="#[10f]">&gt;&gt;</a>&nbsp;&nbsp;&nbsp;__aeabi_atexit
<LI><a href="#[113]">&gt;&gt;</a>&nbsp;&nbsp;&nbsp;__aeabi_memclr4
</UL>
<BR>[Address Reference Count : 1]<UL><LI> serial_camera.o(.init_array)
</UL>
<P><STRONG><a name="[c4]"></a>__sti___7_EPD_cpp__time</STRONG> (Thumb, 10 bytes, Stack size 8 bytes, epd.o(.text))
<BR><BR>[Stack]<UL><LI>Max Depth = 64<LI>Call Chain = __sti___7_EPD_cpp__time &rArr; mbed::Timer::Timer() &rArr; us_ticker_read &rArr; NVIC_SetVector &rArr; __aeabi_memmove4
</UL>
<BR>[Calls]<UL><LI><a href="#[1ab]">&gt;&gt;</a>&nbsp;&nbsp;&nbsp;mbed::Timer::Timer()
</UL>
<BR>[Address Reference Count : 1]<UL><LI> epd.o(.init_array)
</UL>
<P><STRONG><a name="[c5]"></a>__sti___12_joystick_cpp_joystick</STRONG> (Thumb, 60 bytes, Stack size 16 bytes, joystick.o(.text))
<BR><BR>[Stack]<UL><LI>Max Depth = 224 + Unknown Stack Size
<LI>Call Chain = __sti___12_joystick_cpp_joystick &rArr; mbed::AnalogIn::AnalogIn(PinName) &rArr; analogin_init &rArr; pinmap_pinout &rArr;  error (Cycle)
</UL>
<BR>[Calls]<UL><LI><a href="#[1b6]">&gt;&gt;</a>&nbsp;&nbsp;&nbsp;mbed::AnalogIn::AnalogIn(PinName)
<LI><a href="#[1b5]">&gt;&gt;</a>&nbsp;&nbsp;&nbsp;mbed::FunctionPointer::FunctionPointer(void(*)())
<LI><a href="#[1b4]">&gt;&gt;</a>&nbsp;&nbsp;&nbsp;mbed::TimerEvent::TimerEvent__sub_object()
<LI><a href="#[10f]">&gt;&gt;</a>&nbsp;&nbsp;&nbsp;__aeabi_atexit
</UL>
<BR>[Address Reference Count : 1]<UL><LI> joystick.o(.init_array)
</UL>
<P><STRONG><a name="[c6]"></a>__sti___11_command_cpp_369aa827</STRONG> (Thumb, 52 bytes, Stack size 16 bytes, command.o(.text))
<BR><BR>[Stack]<UL><LI>Max Depth = 496 + Unknown Stack Size
<LI>Call Chain = __sti___11_command_cpp_369aa827 &rArr; Adafruit_Thermal::Adafruit_Thermal(PinName, PinName, int, unsigned char) &rArr; mbed::Serial::Serial(PinName, PinName, const char*) &rArr; mbed::Stream::Stream__sub_object(const char*) &rArr; fopen &rArr; freopen &rArr; _fclose_internal &rArr; _fflush &rArr; _writebuf &rArr; _sys_write &rArr; serial_init &rArr; serial_set_flow_control &rArr; gpio_init_out_ex &rArr; gpio_init &rArr; pin_function &rArr; mbed_assert_internal &rArr;  mbed_die (Cycle)
</UL>
<BR>[Calls]<UL><LI><a href="#[1de]">&gt;&gt;</a>&nbsp;&nbsp;&nbsp;bmp24::bmp24()
<LI><a href="#[1df]">&gt;&gt;</a>&nbsp;&nbsp;&nbsp;bmp1::bmp1()
<LI><a href="#[1dc]">&gt;&gt;</a>&nbsp;&nbsp;&nbsp;SimpleJpegDecode::SimpleJpegDecode(unsigned char)
<LI><a href="#[1dd]">&gt;&gt;</a>&nbsp;&nbsp;&nbsp;Adafruit_Thermal::Adafruit_Thermal(PinName, PinName, int, unsigned char)
<LI><a href="#[10f]">&gt;&gt;</a>&nbsp;&nbsp;&nbsp;__aeabi_atexit
</UL>
<BR>[Address Reference Count : 1]<UL><LI> command.o(.init_array)
</UL>
<P><STRONG><a name="[2e9]"></a>serial_irq_set_internal</STRONG> (Thumb, 192 bytes, Stack size 24 bytes, serial_api.o(i.serial_irq_set_internal))
<BR><BR>[Stack]<UL><LI>Max Depth = 56<LI>Call Chain = serial_irq_set_internal &rArr; NVIC_SetVector &rArr; __aeabi_memmove4
</UL>
<BR>[Calls]<UL><LI><a href="#[293]">&gt;&gt;</a>&nbsp;&nbsp;&nbsp;NVIC_SetVector
</UL>
<BR>[Called By]<UL><LI><a href="#[2e8]">&gt;&gt;</a>&nbsp;&nbsp;&nbsp;serial_set_flow_control
<LI><a href="#[2a6]">&gt;&gt;</a>&nbsp;&nbsp;&nbsp;serial_irq_set
</UL>

<P><STRONG><a name="[2f1]"></a>uart_irq</STRONG> (Thumb, 92 bytes, Stack size 8 bytes, serial_api.o(i.uart_irq))
<BR><BR>[Stack]<UL><LI>Max Depth = 8<LI>Call Chain = uart_irq
</UL>
<BR>[Called By]<UL><LI><a href="#[6b]">&gt;&gt;</a>&nbsp;&nbsp;&nbsp;uart3_irq
<LI><a href="#[6a]">&gt;&gt;</a>&nbsp;&nbsp;&nbsp;uart2_irq
<LI><a href="#[69]">&gt;&gt;</a>&nbsp;&nbsp;&nbsp;uart1_irq
<LI><a href="#[68]">&gt;&gt;</a>&nbsp;&nbsp;&nbsp;uart0_irq
</UL>

<P><STRONG><a name="[64]"></a>&lang;Func1&rang;</STRONG> (Thumb, 6 bytes, Stack size 0 bytes, SerialBase.o(i.<Func1>))
<BR><BR>[Calls]<UL><LI><a href="#[1b5]">&gt;&gt;</a>&nbsp;&nbsp;&nbsp;mbed::FunctionPointer::FunctionPointer(void(*)())
</UL>
<BR>[Address Reference Count : 1]<UL><LI> SerialBase.o(i._ZN4mbed10SerialBaseC1E7PinNameS1_)
</UL>
<P><STRONG><a name="[254]"></a>_tm_carry</STRONG> (Thumb, 54 bytes, Stack size 12 bytes, mktime.o(.text))
<BR><BR>[Stack]<UL><LI>Max Depth = 12<LI>Call Chain = _tm_carry
</UL>
<BR>[Called By]<UL><LI><a href="#[253]">&gt;&gt;</a>&nbsp;&nbsp;&nbsp;mktime
</UL>

<P><STRONG><a name="[303]"></a>_dadd1</STRONG> (Thumb, 0 bytes, Stack size unknown bytes, daddsub_clz.o(x$fpl$dadd), UNUSED)
<BR><BR>[Called By]<UL><LI><a href="#[304]">&gt;&gt;</a>&nbsp;&nbsp;&nbsp;_dsub
<LI><a href="#[302]">&gt;&gt;</a>&nbsp;&nbsp;&nbsp;_drsb
</UL>

<P><STRONG><a name="[2f7]"></a>_dsub1</STRONG> (Thumb, 0 bytes, Stack size unknown bytes, daddsub_clz.o(x$fpl$dsub), UNUSED)
<BR><BR>[Called By]<UL><LI><a href="#[302]">&gt;&gt;</a>&nbsp;&nbsp;&nbsp;_drsb
<LI><a href="#[2f6]">&gt;&gt;</a>&nbsp;&nbsp;&nbsp;_dadd
</UL>

<P><STRONG><a name="[30e]"></a>_fadd1</STRONG> (Thumb, 0 bytes, Stack size unknown bytes, faddsub_clz.o(x$fpl$fadd), UNUSED)
<BR><BR>[Called By]<UL><LI><a href="#[30d]">&gt;&gt;</a>&nbsp;&nbsp;&nbsp;_fsub
</UL>

<P><STRONG><a name="[308]"></a>_fsub1</STRONG> (Thumb, 0 bytes, Stack size unknown bytes, faddsub_clz.o(x$fpl$fsub), UNUSED)
<BR><BR>[Called By]<UL><LI><a href="#[307]">&gt;&gt;</a>&nbsp;&nbsp;&nbsp;_fadd
</UL>

<P><STRONG><a name="[5f]"></a>_printf_input_char</STRONG> (Thumb, 10 bytes, Stack size 0 bytes, _printf_char_common.o(.text))
<BR>[Address Reference Count : 1]<UL><LI> _printf_char_common.o(.text)
</UL>
<P><STRONG><a name="[61]"></a>_scanf_char_input</STRONG> (Thumb, 12 bytes, Stack size 0 bytes, scanf_char.o(.text))
<BR>[Address Reference Count : 1]<UL><LI> scanf_char.o(.text)
</UL>
<P><STRONG><a name="[276]"></a>_fp_digits</STRONG> (Thumb, 428 bytes, Stack size 96 bytes, _printf_fp_dec.o(.text))
<BR><BR>[Stack]<UL><LI>Max Depth = 216<LI>Call Chain = _fp_digits &rArr; _btod_etento &rArr; _btod_emul &rArr; _e2e
</UL>
<BR>[Calls]<UL><LI><a href="#[278]">&gt;&gt;</a>&nbsp;&nbsp;&nbsp;_btod_d2e
<LI><a href="#[277]">&gt;&gt;</a>&nbsp;&nbsp;&nbsp;_btod_etento
<LI><a href="#[25b]">&gt;&gt;</a>&nbsp;&nbsp;&nbsp;_ll_udiv10
<LI><a href="#[27a]">&gt;&gt;</a>&nbsp;&nbsp;&nbsp;_btod_emul
<LI><a href="#[279]">&gt;&gt;</a>&nbsp;&nbsp;&nbsp;_btod_ediv
</UL>
<BR>[Called By]<UL><LI><a href="#[27b]">&gt;&gt;</a>&nbsp;&nbsp;&nbsp;_printf_fp_dec_real
</UL>

<P><STRONG><a name="[63]"></a>__default_terminate_handler()</STRONG> (Thumb, 6 bytes, Stack size 8 bytes, arm_exceptions_globs.o(.text))
<BR><BR>[Stack]<UL><LI>Max Depth = 48<LI>Call Chain = __default_terminate_handler() &rArr; abort &rArr; __rt_SIGABRT &rArr; __rt_SIGABRT_inner &rArr; __default_signal_display &rArr; _ttywrch
</UL>
<BR>[Calls]<UL><LI><a href="#[285]">&gt;&gt;</a>&nbsp;&nbsp;&nbsp;abort
</UL>
<BR>[Address Reference Count : 1]<UL><LI> arm_exceptions_globs.o(.text)
</UL><P>
<H3>
Undefined Global Symbols
</H3><HR></body></html>
