<html>
<body>
<pre>
<h1>µVision Build Log</h1>
<h2>Project:</h2>
D:\seeeduino arch pro\hello_world_serial_uvision_lpc1768\SerialCamera_DemoCode_OJ_OV528_uvision_lpc1768\SerialCamera_DemoCode_OJ_OV528 - V0.1\SerialCamera_DemoCode_OJ_OV528.uvproj
Project File Date:  07/02/2015

<h2>Output:</h2>
Rebuild target 'mbed NXP LPC1768'
compiling main.cpp...
compiling SDFileSystem.cpp...
compiling FATDirHandle.cpp...
compiling FATFileHandle.cpp...
compiling FATFileSystem.cpp...
compiling ccsbcs.cpp...
compiling ff.cpp...
compiling diskio.cpp...
compiling serial_camera.cpp...
serial_camera\serial_camera.cpp(73): warning:  #550-D: variable "temp" was set but never used
                char temp;
serial_camera\serial_camera.cpp: 1 warning, 0 errors
compiling debug.cpp...
compiling EaEpaper.cpp...
EaEpaper\EaEpaper.cpp(29): warning:  #1299-D: members and base-classes will be initialized in declaration order, not in member initialisation list order
      GraphicsDisplay(name)
EaEpaper\EaEpaper.cpp: 1 warning, 0 errors
compiling GraphicsDisplay.cpp...
compiling TextDisplay.cpp...
compiling EPD.cpp...
compiling disbuffer.cpp...
compiling joystick.cpp...
compiling imageprocessor.cpp...
compiling BMPFile.cpp...
compiling command.cpp...
.\Thermal\Thermal.h(98): warning:  #997-D: function "mbed::FileHandle::write(const void *, std::size_t)" is hidden by "Thermal::write" -- virtual function override intended?
      void write(uint8_t a);
.\Adafruit_Thermal\Adafruit_Thermal.h(128): warning:  #997-D: function "mbed::FileHandle::write(const void *, std::size_t)" is hidden by "Adafruit_Thermal::write" -- virtual function override intended?
      write(uint8_t c);
command.cpp: 2 warnings, 0 errors
compiling SimpleJpegDecode.cpp...
compiling aanIDCT.cpp...
compiling BaseJpegDecode.cpp...
compiling BitPattern.cpp...
compiling HuffmanDecode.cpp...
compiling inverseDCT.cpp...
compiling Thermal.cpp...
Thermal\Thermal.h(98): warning:  #997-D: function "mbed::FileHandle::write(const void *, std::size_t)" is hidden by "Thermal::write" -- virtual function override intended?
      void write(uint8_t a);
Thermal\Thermal.cpp: 1 warning, 0 errors
compiling Adafruit_Thermal.cpp...
Adafruit_Thermal\Adafruit_Thermal.h(128): warning:  #997-D: function "mbed::FileHandle::write(const void *, std::size_t)" is hidden by "Adafruit_Thermal::write" -- virtual function override intended?
      write(uint8_t c);
Adafruit_Thermal\Adafruit_Thermal.cpp: 1 warning, 0 errors
linking...
Program Size: Code=71460 RO-data=156788 RW-data=10128 ZI-data=35908  
After Build - User command #1: fromelf --bin -o build\SerialCamera_DemoCode_OJ_OV528_LPC1768.bin build\SerialCamera_DemoCode_OJ_OV528.axf
".\build\SerialCamera_DemoCode_OJ_OV528.axf" - 0 Error(s), 6 Warning(s).
</pre>
</body>
</html>
